Java HotSpot(TM) 64-Bit Server VM (25.181-b13) for windows-amd64 JRE (1.8.0_181-b13), built on Jul  7 2018 04:01:33 by "java_re" with MS VC++ 10.0 (VS2010)
Memory: 4k page, physical 16700332k(9493300k free), swap 19190700k(10120784k free)
CommandLine flags: -XX:CMSInitiatingOccupancyFraction=50 -XX:CMSMaxAbortablePrecleanTime=6000 -XX:+CMSParallelRemarkEnabled -XX:+CMSScavengeBeforeRemark -XX:ConcGCThreads=4 -XX:GCLogFileSize=20971520 -XX:InitialHeapSize=536870912 -XX:MaxHeapSize=536870912 -XX:MaxTenuringThreshold=8 -XX:NewRatio=3 -XX:NumberOfGCLogFiles=9 -XX:OldPLABSize=16 -XX:-OmitStackTraceInFastThrow -XX:OnOutOfMemoryError=C:/Personal/Spring2019/CSCE 470/channel-470/solr-8.0.0/bin/oom_solr.sh 7574 /c/Personal/Spring2019/CSCE 470/channel-470/solr-8.0.0/example/cloud/node2/solr/../logs -XX:ParallelGCThreads=4 -XX:+ParallelRefProcEnabled -XX:PretenureSizeThreshold=67108864 -XX:+PrintGC -XX:+PrintGCApplicationStoppedTime -XX:+PrintGCDateStamps -XX:+PrintGCDetails -XX:+PrintGCTimeStamps -XX:+PrintHeapAtGC -XX:+PrintTenuringDistribution -XX:SurvivorRatio=4 -XX:TargetSurvivorRatio=90 -XX:ThreadStackSize=256 -XX:+UseCMSInitiatingOccupancyOnly -XX:+UseCompressedClassPointers -XX:+UseCompressedOops -XX:+UseConcMarkSweepGC -XX:+UseGCLogFileRotation -XX:-UseLargePagesIndividualAllocation -XX:+UseParNewGC 
2019-04-17T12:13:58.622-0500: 0.452: Total time for which application threads were stopped: 0.0001726 seconds, Stopping threads took: 0.0000267 seconds
2019-04-17T12:13:58.853-0500: 0.684: Total time for which application threads were stopped: 0.0001275 seconds, Stopping threads took: 0.0000218 seconds
2019-04-17T12:13:59.073-0500: 0.903: Total time for which application threads were stopped: 0.0001547 seconds, Stopping threads took: 0.0000208 seconds
2019-04-17T12:13:59.220-0500: 1.052: Total time for which application threads were stopped: 0.0002337 seconds, Stopping threads took: 0.0000373 seconds
2019-04-17T12:13:59.562-0500: 1.393: Total time for which application threads were stopped: 0.0002560 seconds, Stopping threads took: 0.0000402 seconds
2019-04-17T12:13:59.916-0500: 1.745: Total time for which application threads were stopped: 0.0003486 seconds, Stopping threads took: 0.0000315 seconds
2019-04-17T12:13:59.929-0500: 1.758: Total time for which application threads were stopped: 0.0003040 seconds, Stopping threads took: 0.0000417 seconds
2019-04-17T12:14:00.054-0500: 1.884: Total time for which application threads were stopped: 0.0002715 seconds, Stopping threads took: 0.0000315 seconds
2019-04-17T12:14:01.057-0500: 2.887: Total time for which application threads were stopped: 0.0001115 seconds, Stopping threads took: 0.0000393 seconds
2019-04-17T12:14:02.351-0500: 4.181: Total time for which application threads were stopped: 0.0002303 seconds, Stopping threads took: 0.0000398 seconds
2019-04-17T12:14:11.368-0500: 13.197: Total time for which application threads were stopped: 0.0001227 seconds, Stopping threads took: 0.0000519 seconds
2019-04-17T12:14:12.163-0500: 13.993: Total time for which application threads were stopped: 0.0002953 seconds, Stopping threads took: 0.0000441 seconds
{Heap before GC invocations=0 (full 0):
 par new generation   total 109248K, used 87424K [0x00000000e0000000, 0x00000000e8000000, 0x00000000e8000000)
  eden space 87424K, 100% used [0x00000000e0000000, 0x00000000e5560000, 0x00000000e5560000)
  from space 21824K,   0% used [0x00000000e5560000, 0x00000000e5560000, 0x00000000e6ab0000)
  to   space 21824K,   0% used [0x00000000e6ab0000, 0x00000000e6ab0000, 0x00000000e8000000)
 concurrent mark-sweep generation total 393216K, used 0K [0x00000000e8000000, 0x0000000100000000, 0x0000000100000000)
 Metaspace       used 15480K, capacity 15816K, committed 16128K, reserved 1062912K
  class space    used 1880K, capacity 1996K, committed 2048K, reserved 1048576K
2019-04-17T12:14:12.240-0500: 14.070: [GC (Allocation Failure) 2019-04-17T12:14:12.240-0500: 14.070: [ParNew
Desired survivor size 20112992 bytes, new threshold 8 (max 8)
- age   1:   11010888 bytes,   11010888 total
: 87424K->10854K(109248K), 0.0196393 secs] 87424K->10854K(502464K), 0.0201881 secs] [Times: user=0.01 sys=0.05, real=0.02 secs] 
Heap after GC invocations=1 (full 0):
 par new generation   total 109248K, used 10854K [0x00000000e0000000, 0x00000000e8000000, 0x00000000e8000000)
  eden space 87424K,   0% used [0x00000000e0000000, 0x00000000e0000000, 0x00000000e5560000)
  from space 21824K,  49% used [0x00000000e6ab0000, 0x00000000e7549b40, 0x00000000e8000000)
  to   space 21824K,   0% used [0x00000000e5560000, 0x00000000e5560000, 0x00000000e6ab0000)
 concurrent mark-sweep generation total 393216K, used 0K [0x00000000e8000000, 0x0000000100000000, 0x0000000100000000)
 Metaspace       used 15480K, capacity 15816K, committed 16128K, reserved 1062912K
  class space    used 1880K, capacity 1996K, committed 2048K, reserved 1048576K
}
2019-04-17T12:14:12.260-0500: 14.090: Total time for which application threads were stopped: 0.0206167 seconds, Stopping threads took: 0.0000907 seconds
2019-04-17T12:14:12.268-0500: 14.098: Total time for which application threads were stopped: 0.0005508 seconds, Stopping threads took: 0.0003661 seconds
2019-04-17T12:14:12.270-0500: 14.100: Total time for which application threads were stopped: 0.0012567 seconds, Stopping threads took: 0.0010473 seconds
2019-04-17T12:14:12.270-0500: 14.100: Total time for which application threads were stopped: 0.0002565 seconds, Stopping threads took: 0.0001149 seconds
2019-04-17T12:14:12.271-0500: 14.101: Total time for which application threads were stopped: 0.0002972 seconds, Stopping threads took: 0.0001076 seconds
2019-04-17T12:14:12.271-0500: 14.101: Total time for which application threads were stopped: 0.0002381 seconds, Stopping threads took: 0.0000718 seconds
2019-04-17T12:14:12.271-0500: 14.101: Total time for which application threads were stopped: 0.0001784 seconds, Stopping threads took: 0.0000781 seconds
2019-04-17T12:14:12.272-0500: 14.101: Total time for which application threads were stopped: 0.0002570 seconds, Stopping threads took: 0.0001193 seconds
2019-04-17T12:14:12.272-0500: 14.102: Total time for which application threads were stopped: 0.0002070 seconds, Stopping threads took: 0.0000785 seconds
2019-04-17T12:14:12.272-0500: 14.102: Total time for which application threads were stopped: 0.0002085 seconds, Stopping threads took: 0.0000766 seconds
2019-04-17T12:14:12.273-0500: 14.102: Total time for which application threads were stopped: 0.0003016 seconds, Stopping threads took: 0.0000882 seconds
2019-04-17T12:14:12.273-0500: 14.103: Total time for which application threads were stopped: 0.0006046 seconds, Stopping threads took: 0.0004349 seconds
2019-04-17T12:14:12.274-0500: 14.103: Total time for which application threads were stopped: 0.0001939 seconds, Stopping threads took: 0.0000509 seconds
2019-04-17T12:14:12.274-0500: 14.104: Total time for which application threads were stopped: 0.0003472 seconds, Stopping threads took: 0.0000970 seconds
2019-04-17T12:14:12.275-0500: 14.104: Total time for which application threads were stopped: 0.0003772 seconds, Stopping threads took: 0.0000713 seconds
2019-04-17T12:14:12.275-0500: 14.105: Total time for which application threads were stopped: 0.0002642 seconds, Stopping threads took: 0.0000640 seconds
2019-04-17T12:14:12.275-0500: 14.105: Total time for which application threads were stopped: 0.0002182 seconds, Stopping threads took: 0.0000698 seconds
2019-04-17T12:14:12.278-0500: 14.108: Total time for which application threads were stopped: 0.0003021 seconds, Stopping threads took: 0.0001304 seconds
2019-04-17T12:14:12.278-0500: 14.108: Total time for which application threads were stopped: 0.0002274 seconds, Stopping threads took: 0.0000752 seconds
2019-04-17T12:14:12.278-0500: 14.108: Total time for which application threads were stopped: 0.0001808 seconds, Stopping threads took: 0.0000659 seconds
2019-04-17T12:14:12.278-0500: 14.109: Total time for which application threads were stopped: 0.0003118 seconds, Stopping threads took: 0.0000795 seconds
2019-04-17T12:14:12.594-0500: 14.424: Total time for which application threads were stopped: 0.0002914 seconds, Stopping threads took: 0.0001198 seconds
2019-04-17T12:14:12.595-0500: 14.424: Total time for which application threads were stopped: 0.0003825 seconds, Stopping threads took: 0.0001333 seconds
2019-04-17T12:14:12.595-0500: 14.425: Total time for which application threads were stopped: 0.0001178 seconds, Stopping threads took: 0.0000276 seconds
2019-04-17T12:14:12.595-0500: 14.425: Total time for which application threads were stopped: 0.0001091 seconds, Stopping threads took: 0.0000257 seconds
2019-04-17T12:14:12.596-0500: 14.425: Total time for which application threads were stopped: 0.0001028 seconds, Stopping threads took: 0.0000257 seconds
2019-04-17T12:14:12.596-0500: 14.425: Total time for which application threads were stopped: 0.0001086 seconds, Stopping threads took: 0.0000252 seconds
2019-04-17T12:14:12.596-0500: 14.425: Total time for which application threads were stopped: 0.0001110 seconds, Stopping threads took: 0.0000267 seconds
2019-04-17T12:14:12.596-0500: 14.426: Total time for which application threads were stopped: 0.0001823 seconds, Stopping threads took: 0.0000422 seconds
2019-04-17T12:14:12.596-0500: 14.426: Total time for which application threads were stopped: 0.0001105 seconds, Stopping threads took: 0.0000257 seconds
2019-04-17T12:14:12.596-0500: 14.426: Total time for which application threads were stopped: 0.0001236 seconds, Stopping threads took: 0.0000267 seconds
2019-04-17T12:14:12.596-0500: 14.426: Total time for which application threads were stopped: 0.0001164 seconds, Stopping threads took: 0.0000272 seconds
2019-04-17T12:14:12.596-0500: 14.427: Total time for which application threads were stopped: 0.0001285 seconds, Stopping threads took: 0.0000262 seconds
2019-04-17T12:14:12.597-0500: 14.427: Total time for which application threads were stopped: 0.0001038 seconds, Stopping threads took: 0.0000242 seconds
2019-04-17T12:14:12.597-0500: 14.427: Total time for which application threads were stopped: 0.0001033 seconds, Stopping threads took: 0.0000238 seconds
2019-04-17T12:14:12.597-0500: 14.427: Total time for which application threads were stopped: 0.0001076 seconds, Stopping threads took: 0.0000242 seconds
2019-04-17T12:14:12.597-0500: 14.427: Total time for which application threads were stopped: 0.0001396 seconds, Stopping threads took: 0.0000310 seconds
2019-04-17T12:14:12.598-0500: 14.428: Total time for which application threads were stopped: 0.0001072 seconds, Stopping threads took: 0.0000252 seconds
2019-04-17T12:14:12.598-0500: 14.428: Total time for which application threads were stopped: 0.0001149 seconds, Stopping threads took: 0.0000252 seconds
2019-04-17T12:14:12.598-0500: 14.428: Total time for which application threads were stopped: 0.0001086 seconds, Stopping threads took: 0.0000252 seconds
2019-04-17T12:14:12.598-0500: 14.429: Total time for which application threads were stopped: 0.0002541 seconds, Stopping threads took: 0.0000257 seconds
2019-04-17T12:14:12.600-0500: 14.430: Total time for which application threads were stopped: 0.0001910 seconds, Stopping threads took: 0.0000417 seconds
2019-04-17T12:14:12.600-0500: 14.430: Total time for which application threads were stopped: 0.0001702 seconds, Stopping threads took: 0.0000398 seconds
2019-04-17T12:14:12.600-0500: 14.430: Total time for which application threads were stopped: 0.0001673 seconds, Stopping threads took: 0.0000436 seconds
2019-04-17T12:14:12.600-0500: 14.431: Total time for which application threads were stopped: 0.0001876 seconds, Stopping threads took: 0.0000582 seconds
2019-04-17T12:14:12.601-0500: 14.431: Total time for which application threads were stopped: 0.0001522 seconds, Stopping threads took: 0.0000567 seconds
2019-04-17T12:14:12.603-0500: 14.433: Total time for which application threads were stopped: 0.0001794 seconds, Stopping threads took: 0.0000320 seconds
2019-04-17T12:14:12.604-0500: 14.434: Total time for which application threads were stopped: 0.0001421 seconds, Stopping threads took: 0.0000305 seconds
2019-04-17T12:14:12.607-0500: 14.437: Total time for which application threads were stopped: 0.0001236 seconds, Stopping threads took: 0.0000296 seconds
2019-04-17T12:14:12.608-0500: 14.437: Total time for which application threads were stopped: 0.0001105 seconds, Stopping threads took: 0.0000262 seconds
2019-04-17T12:14:12.609-0500: 14.439: Total time for which application threads were stopped: 0.0001658 seconds, Stopping threads took: 0.0000412 seconds
2019-04-17T12:14:12.611-0500: 14.441: Total time for which application threads were stopped: 0.0001270 seconds, Stopping threads took: 0.0000276 seconds
2019-04-17T12:14:12.616-0500: 14.445: Total time for which application threads were stopped: 0.0002928 seconds, Stopping threads took: 0.0000761 seconds
2019-04-17T12:14:13.624-0500: 15.453: Total time for which application threads were stopped: 0.0003059 seconds, Stopping threads took: 0.0000592 seconds
2019-04-17T12:14:13.728-0500: 15.559: Total time for which application threads were stopped: 0.0001295 seconds, Stopping threads took: 0.0000301 seconds
2019-04-17T12:14:15.236-0500: 17.066: Total time for which application threads were stopped: 0.0001915 seconds, Stopping threads took: 0.0000402 seconds
2019-04-17T12:14:15.238-0500: 17.067: Total time for which application threads were stopped: 0.0001857 seconds, Stopping threads took: 0.0000427 seconds
2019-04-17T12:14:15.239-0500: 17.069: Total time for which application threads were stopped: 0.0001891 seconds, Stopping threads took: 0.0000373 seconds
2019-04-17T12:14:15.245-0500: 17.074: Total time for which application threads were stopped: 0.0003355 seconds, Stopping threads took: 0.0000553 seconds
2019-04-17T12:14:15.245-0500: 17.075: Total time for which application threads were stopped: 0.0002453 seconds, Stopping threads took: 0.0000519 seconds
2019-04-17T12:14:15.245-0500: 17.075: Total time for which application threads were stopped: 0.0002041 seconds, Stopping threads took: 0.0000407 seconds
2019-04-17T12:14:15.246-0500: 17.076: Total time for which application threads were stopped: 0.0002822 seconds, Stopping threads took: 0.0001581 seconds
2019-04-17T12:14:15.246-0500: 17.076: Total time for which application threads were stopped: 0.0001474 seconds, Stopping threads took: 0.0000359 seconds
2019-04-17T12:14:15.246-0500: 17.076: Total time for which application threads were stopped: 0.0001983 seconds, Stopping threads took: 0.0000684 seconds
2019-04-17T12:14:15.247-0500: 17.077: Total time for which application threads were stopped: 0.0001770 seconds, Stopping threads took: 0.0000669 seconds
2019-04-17T12:14:15.247-0500: 17.077: Total time for which application threads were stopped: 0.0001639 seconds, Stopping threads took: 0.0000737 seconds
2019-04-17T12:14:15.247-0500: 17.077: Total time for which application threads were stopped: 0.0001532 seconds, Stopping threads took: 0.0000310 seconds
2019-04-17T12:14:15.247-0500: 17.077: Total time for which application threads were stopped: 0.0001503 seconds, Stopping threads took: 0.0000354 seconds
2019-04-17T12:14:15.248-0500: 17.078: Total time for which application threads were stopped: 0.0002749 seconds, Stopping threads took: 0.0000272 seconds
2019-04-17T12:14:16.883-0500: 18.713: Total time for which application threads were stopped: 0.0002070 seconds, Stopping threads took: 0.0000621 seconds
2019-04-17T12:14:16.883-0500: 18.714: Total time for which application threads were stopped: 0.0002022 seconds, Stopping threads took: 0.0000577 seconds
2019-04-17T12:14:16.884-0500: 18.714: Total time for which application threads were stopped: 0.0001891 seconds, Stopping threads took: 0.0000528 seconds
2019-04-17T12:14:16.884-0500: 18.714: Total time for which application threads were stopped: 0.0002453 seconds, Stopping threads took: 0.0000548 seconds
2019-04-17T12:14:16.884-0500: 18.715: Total time for which application threads were stopped: 0.0002027 seconds, Stopping threads took: 0.0000538 seconds
2019-04-17T12:14:16.885-0500: 18.715: Total time for which application threads were stopped: 0.0002206 seconds, Stopping threads took: 0.0000674 seconds
2019-04-17T12:14:16.885-0500: 18.716: Total time for which application threads were stopped: 0.0002851 seconds, Stopping threads took: 0.0000776 seconds
2019-04-17T12:14:16.886-0500: 18.716: Total time for which application threads were stopped: 0.0001581 seconds, Stopping threads took: 0.0000495 seconds
2019-04-17T12:14:16.886-0500: 18.717: Total time for which application threads were stopped: 0.0001518 seconds, Stopping threads took: 0.0000465 seconds
2019-04-17T12:14:16.887-0500: 18.717: Total time for which application threads were stopped: 0.0002264 seconds, Stopping threads took: 0.0000655 seconds
2019-04-17T12:14:16.887-0500: 18.717: Total time for which application threads were stopped: 0.0002056 seconds, Stopping threads took: 0.0000674 seconds
2019-04-17T12:14:16.888-0500: 18.718: Total time for which application threads were stopped: 0.0003491 seconds, Stopping threads took: 0.0001857 seconds
2019-04-17T12:14:16.888-0500: 18.718: Total time for which application threads were stopped: 0.0001755 seconds, Stopping threads took: 0.0000519 seconds
2019-04-17T12:14:16.888-0500: 18.719: Total time for which application threads were stopped: 0.0002225 seconds, Stopping threads took: 0.0000601 seconds
2019-04-17T12:14:16.889-0500: 18.720: Total time for which application threads were stopped: 0.0001765 seconds, Stopping threads took: 0.0000528 seconds
2019-04-17T12:14:16.890-0500: 18.720: Total time for which application threads were stopped: 0.0001983 seconds, Stopping threads took: 0.0000567 seconds
2019-04-17T12:14:16.891-0500: 18.721: Total time for which application threads were stopped: 0.0002662 seconds, Stopping threads took: 0.0001314 seconds
2019-04-17T12:14:16.891-0500: 18.721: Total time for which application threads were stopped: 0.0003792 seconds, Stopping threads took: 0.0002599 seconds
2019-04-17T12:14:16.892-0500: 18.721: Total time for which application threads were stopped: 0.0001552 seconds, Stopping threads took: 0.0000446 seconds
2019-04-17T12:14:16.892-0500: 18.722: Total time for which application threads were stopped: 0.0006865 seconds, Stopping threads took: 0.0000684 seconds
2019-04-17T12:14:16.905-0500: 18.735: Total time for which application threads were stopped: 0.0002919 seconds, Stopping threads took: 0.0001513 seconds
2019-04-17T12:14:16.908-0500: 18.738: Total time for which application threads were stopped: 0.0001915 seconds, Stopping threads took: 0.0000713 seconds
2019-04-17T12:14:16.912-0500: 18.741: Total time for which application threads were stopped: 0.0003379 seconds, Stopping threads took: 0.0001935 seconds
2019-04-17T12:14:16.924-0500: 18.754: Total time for which application threads were stopped: 0.0001915 seconds, Stopping threads took: 0.0000616 seconds
2019-04-17T12:14:16.927-0500: 18.757: Total time for which application threads were stopped: 0.0001610 seconds, Stopping threads took: 0.0000543 seconds
2019-04-17T12:14:16.928-0500: 18.758: Total time for which application threads were stopped: 0.0001750 seconds, Stopping threads took: 0.0000548 seconds
2019-04-17T12:14:16.928-0500: 18.758: Total time for which application threads were stopped: 0.0001469 seconds, Stopping threads took: 0.0000393 seconds
2019-04-17T12:14:16.958-0500: 18.788: Total time for which application threads were stopped: 0.0003152 seconds, Stopping threads took: 0.0000950 seconds
2019-04-17T12:14:16.963-0500: 18.793: Total time for which application threads were stopped: 0.0003719 seconds, Stopping threads took: 0.0000931 seconds
2019-04-17T12:14:16.990-0500: 18.820: Total time for which application threads were stopped: 0.0003137 seconds, Stopping threads took: 0.0000926 seconds
2019-04-17T12:14:17.004-0500: 18.834: Total time for which application threads were stopped: 0.0001663 seconds, Stopping threads took: 0.0000548 seconds
2019-04-17T12:14:17.015-0500: 18.845: Total time for which application threads were stopped: 0.0001954 seconds, Stopping threads took: 0.0000766 seconds
2019-04-17T12:14:17.062-0500: 18.892: Total time for which application threads were stopped: 0.0004044 seconds, Stopping threads took: 0.0002007 seconds
2019-04-17T12:14:17.063-0500: 18.893: Total time for which application threads were stopped: 0.0009125 seconds, Stopping threads took: 0.0006182 seconds
2019-04-17T12:14:17.098-0500: 18.928: Total time for which application threads were stopped: 0.0004776 seconds, Stopping threads took: 0.0000931 seconds
2019-04-17T12:14:17.187-0500: 19.018: Total time for which application threads were stopped: 0.0003016 seconds, Stopping threads took: 0.0001872 seconds
2019-04-17T12:14:17.228-0500: 19.058: Total time for which application threads were stopped: 0.0002036 seconds, Stopping threads took: 0.0000756 seconds
2019-04-17T12:14:17.231-0500: 19.061: Total time for which application threads were stopped: 0.0001716 seconds, Stopping threads took: 0.0000708 seconds
2019-04-17T12:14:17.235-0500: 19.065: Total time for which application threads were stopped: 0.0002061 seconds, Stopping threads took: 0.0000805 seconds
2019-04-17T12:14:17.266-0500: 19.097: Total time for which application threads were stopped: 0.0003093 seconds, Stopping threads took: 0.0001256 seconds
2019-04-17T12:14:17.269-0500: 19.099: Total time for which application threads were stopped: 0.0001615 seconds, Stopping threads took: 0.0000713 seconds
2019-04-17T12:14:17.298-0500: 19.128: Total time for which application threads were stopped: 0.0001159 seconds, Stopping threads took: 0.0000407 seconds
2019-04-17T12:14:17.307-0500: 19.137: Total time for which application threads were stopped: 0.0000931 seconds, Stopping threads took: 0.0000378 seconds
2019-04-17T12:14:17.309-0500: 19.139: Total time for which application threads were stopped: 0.0000829 seconds, Stopping threads took: 0.0000315 seconds
2019-04-17T12:14:17.311-0500: 19.141: Total time for which application threads were stopped: 0.0001251 seconds, Stopping threads took: 0.0000417 seconds
2019-04-17T12:14:17.314-0500: 19.143: Total time for which application threads were stopped: 0.0001062 seconds, Stopping threads took: 0.0000354 seconds
2019-04-17T12:14:17.319-0500: 19.149: Total time for which application threads were stopped: 0.0002895 seconds, Stopping threads took: 0.0000335 seconds
2019-04-17T12:14:17.943-0500: 19.772: Total time for which application threads were stopped: 0.0003588 seconds, Stopping threads took: 0.0000325 seconds
2019-04-17T12:14:17.963-0500: 19.793: Total time for which application threads were stopped: 0.0003375 seconds, Stopping threads took: 0.0000344 seconds
2019-04-17T12:14:17.964-0500: 19.794: Total time for which application threads were stopped: 0.0003282 seconds, Stopping threads took: 0.0000281 seconds
2019-04-17T12:14:17.995-0500: 19.825: Total time for which application threads were stopped: 0.0001125 seconds, Stopping threads took: 0.0000247 seconds
2019-04-17T12:14:18.042-0500: 19.871: Total time for which application threads were stopped: 0.0003632 seconds, Stopping threads took: 0.0000339 seconds
2019-04-17T12:14:18.066-0500: 19.896: Total time for which application threads were stopped: 0.0001663 seconds, Stopping threads took: 0.0000417 seconds
2019-04-17T12:14:18.134-0500: 19.964: Total time for which application threads were stopped: 0.0001605 seconds, Stopping threads took: 0.0000470 seconds
2019-04-17T12:14:18.148-0500: 19.977: Total time for which application threads were stopped: 0.0001818 seconds, Stopping threads took: 0.0000441 seconds
2019-04-17T12:14:18.148-0500: 19.978: Total time for which application threads were stopped: 0.0002235 seconds, Stopping threads took: 0.0000402 seconds
2019-04-17T12:14:18.148-0500: 19.978: Total time for which application threads were stopped: 0.0001905 seconds, Stopping threads took: 0.0000359 seconds
2019-04-17T12:14:18.149-0500: 19.978: Total time for which application threads were stopped: 0.0001411 seconds, Stopping threads took: 0.0000257 seconds
2019-04-17T12:14:18.150-0500: 19.980: Total time for which application threads were stopped: 0.0001896 seconds, Stopping threads took: 0.0000383 seconds
2019-04-17T12:14:18.175-0500: 20.005: Total time for which application threads were stopped: 0.0001295 seconds, Stopping threads took: 0.0000354 seconds
2019-04-17T12:14:18.204-0500: 20.033: Total time for which application threads were stopped: 0.0002308 seconds, Stopping threads took: 0.0000480 seconds
2019-04-17T12:14:18.251-0500: 20.081: Total time for which application threads were stopped: 0.0002318 seconds, Stopping threads took: 0.0000402 seconds
2019-04-17T12:14:18.264-0500: 20.094: [GC (CMS Initial Mark) [1 CMS-initial-mark: 0K(393216K)] 93676K(502464K), 0.0169944 secs] [Times: user=0.08 sys=0.00, real=0.02 secs] 
2019-04-17T12:14:18.281-0500: 20.111: Total time for which application threads were stopped: 0.0172596 seconds, Stopping threads took: 0.0000688 seconds
2019-04-17T12:14:18.281-0500: 20.111: [CMS-concurrent-mark-start]
2019-04-17T12:14:18.281-0500: 20.111: [CMS-concurrent-mark: 0.000/0.000 secs] [Times: user=0.00 sys=0.00, real=0.00 secs] 
2019-04-17T12:14:18.281-0500: 20.111: [CMS-concurrent-preclean-start]
2019-04-17T12:14:18.283-0500: 20.113: [CMS-concurrent-preclean: 0.001/0.001 secs] [Times: user=0.00 sys=0.00, real=0.00 secs] 
2019-04-17T12:14:18.283-0500: 20.113: [CMS-concurrent-abortable-preclean-start]
2019-04-17T12:14:18.474-0500: 20.303: Total time for which application threads were stopped: 0.0001712 seconds, Stopping threads took: 0.0000388 seconds
2019-04-17T12:14:18.486-0500: 20.315: Total time for which application threads were stopped: 0.0004587 seconds, Stopping threads took: 0.0000567 seconds
2019-04-17T12:14:18.557-0500: 20.386: Total time for which application threads were stopped: 0.0002196 seconds, Stopping threads took: 0.0000499 seconds
{Heap before GC invocations=1 (full 1):
 par new generation   total 109248K, used 98278K [0x00000000e0000000, 0x00000000e8000000, 0x00000000e8000000)
  eden space 87424K, 100% used [0x00000000e0000000, 0x00000000e5560000, 0x00000000e5560000)
  from space 21824K,  49% used [0x00000000e6ab0000, 0x00000000e7549b40, 0x00000000e8000000)
  to   space 21824K,   0% used [0x00000000e5560000, 0x00000000e5560000, 0x00000000e6ab0000)
 concurrent mark-sweep generation total 393216K, used 0K [0x00000000e8000000, 0x0000000100000000, 0x0000000100000000)
 Metaspace       used 22324K, capacity 22816K, committed 23212K, reserved 1069056K
  class space    used 2727K, capacity 2908K, committed 2916K, reserved 1048576K
2019-04-17T12:14:18.596-0500: 20.426: [GC (Allocation Failure) 2019-04-17T12:14:18.596-0500: 20.426: [ParNew
Desired survivor size 20112992 bytes, new threshold 8 (max 8)
- age   1:    5053504 bytes,    5053504 total
- age   2:    4977768 bytes,   10031272 total
: 98278K->12755K(109248K), 0.0129988 secs] 98278K->12755K(502464K), 0.0130904 secs] [Times: user=0.06 sys=0.00, real=0.01 secs] 
Heap after GC invocations=2 (full 1):
 par new generation   total 109248K, used 12755K [0x00000000e0000000, 0x00000000e8000000, 0x00000000e8000000)
  eden space 87424K,   0% used [0x00000000e0000000, 0x00000000e0000000, 0x00000000e5560000)
  from space 21824K,  58% used [0x00000000e5560000, 0x00000000e61d4e40, 0x00000000e6ab0000)
  to   space 21824K,   0% used [0x00000000e6ab0000, 0x00000000e6ab0000, 0x00000000e8000000)
 concurrent mark-sweep generation total 393216K, used 0K [0x00000000e8000000, 0x0000000100000000, 0x0000000100000000)
 Metaspace       used 22324K, capacity 22816K, committed 23212K, reserved 1069056K
  class space    used 2727K, capacity 2908K, committed 2916K, reserved 1048576K
}
2019-04-17T12:14:18.609-0500: 20.439: Total time for which application threads were stopped: 0.0134012 seconds, Stopping threads took: 0.0000805 seconds
2019-04-17T12:14:18.609-0500: 20.441: Total time for which application threads were stopped: 0.0002439 seconds, Stopping threads took: 0.0000800 seconds
2019-04-17T12:14:18.611-0500: 20.441: Total time for which application threads were stopped: 0.0001571 seconds, Stopping threads took: 0.0000815 seconds
2019-04-17T12:14:18.611-0500: 20.442: Total time for which application threads were stopped: 0.0001125 seconds, Stopping threads took: 0.0000388 seconds
2019-04-17T12:14:18.612-0500: 20.442: Total time for which application threads were stopped: 0.0001081 seconds, Stopping threads took: 0.0000461 seconds
2019-04-17T12:14:18.612-0500: 20.442: Total time for which application threads were stopped: 0.0001290 seconds, Stopping threads took: 0.0000616 seconds
2019-04-17T12:14:18.612-0500: 20.442: Total time for which application threads were stopped: 0.0000965 seconds, Stopping threads took: 0.0000349 seconds
2019-04-17T12:14:18.639-0500: 20.470: Total time for which application threads were stopped: 0.0001120 seconds, Stopping threads took: 0.0000359 seconds
2019-04-17T12:14:18.686-0500: 20.516: Total time for which application threads were stopped: 0.0001236 seconds, Stopping threads took: 0.0000335 seconds
2019-04-17T12:14:18.748-0500: 20.578: Total time for which application threads were stopped: 0.0001532 seconds, Stopping threads took: 0.0000562 seconds
2019-04-17T12:14:18.761-0500: 20.591: Total time for which application threads were stopped: 0.0001076 seconds, Stopping threads took: 0.0000354 seconds
2019-04-17T12:14:18.820-0500: 20.650: Total time for which application threads were stopped: 0.0001600 seconds, Stopping threads took: 0.0000427 seconds
2019-04-17T12:14:18.869-0500: 20.699: Total time for which application threads were stopped: 0.0001973 seconds, Stopping threads took: 0.0000412 seconds
2019-04-17T12:14:18.929-0500: 20.762: Total time for which application threads were stopped: 0.0001726 seconds, Stopping threads took: 0.0000572 seconds
2019-04-17T12:14:18.938-0500: 20.768: Total time for which application threads were stopped: 0.0001838 seconds, Stopping threads took: 0.0000504 seconds
2019-04-17T12:14:18.939-0500: 20.768: Total time for which application threads were stopped: 0.0001309 seconds, Stopping threads took: 0.0000446 seconds
2019-04-17T12:14:18.939-0500: 20.769: Total time for which application threads were stopped: 0.0001304 seconds, Stopping threads took: 0.0000262 seconds
2019-04-17T12:14:18.957-0500: 20.787: Total time for which application threads were stopped: 0.0002167 seconds, Stopping threads took: 0.0001459 seconds
2019-04-17T12:14:18.975-0500: 20.805: Total time for which application threads were stopped: 0.0000975 seconds, Stopping threads took: 0.0000359 seconds
2019-04-17T12:14:18.975-0500: 20.805: Total time for which application threads were stopped: 0.0000975 seconds, Stopping threads took: 0.0000504 seconds
2019-04-17T12:14:18.975-0500: 20.805: Total time for which application threads were stopped: 0.0000592 seconds, Stopping threads took: 0.0000175 seconds
2019-04-17T12:14:19.008-0500: 20.838: Total time for which application threads were stopped: 0.0001988 seconds, Stopping threads took: 0.0000291 seconds
2019-04-17T12:14:19.027-0500: 20.857: Total time for which application threads were stopped: 0.0001905 seconds, Stopping threads took: 0.0000446 seconds
2019-04-17T12:14:19.133-0500: 20.963: Total time for which application threads were stopped: 0.0001425 seconds, Stopping threads took: 0.0000388 seconds
2019-04-17T12:14:19.137-0500: 20.966: Total time for which application threads were stopped: 0.0003695 seconds, Stopping threads took: 0.0001013 seconds
2019-04-17T12:14:19.158-0500: 20.990: Total time for which application threads were stopped: 0.0002865 seconds, Stopping threads took: 0.0001207 seconds
2019-04-17T12:14:19.163-0500: 20.992: Total time for which application threads were stopped: 0.0002187 seconds, Stopping threads took: 0.0000553 seconds
2019-04-17T12:14:19.163-0500: 20.993: Total time for which application threads were stopped: 0.0001348 seconds, Stopping threads took: 0.0000606 seconds
2019-04-17T12:14:19.190-0500: 21.020: Total time for which application threads were stopped: 0.0001421 seconds, Stopping threads took: 0.0000388 seconds
2019-04-17T12:14:19.228-0500: 21.058: Total time for which application threads were stopped: 0.0002065 seconds, Stopping threads took: 0.0000897 seconds
2019-04-17T12:14:19.228-0500: 21.058: [CMS-concurrent-abortable-preclean: 0.573/0.945 secs] [Times: user=2.22 sys=0.19, real=0.94 secs] 
2019-04-17T12:14:19.228-0500: 21.058: [GC (CMS Final Remark) [YG occupancy: 60656 K (109248 K)]{Heap before GC invocations=2 (full 1):
 par new generation   total 109248K, used 60656K [0x00000000e0000000, 0x00000000e8000000, 0x00000000e8000000)
  eden space 87424K,  54% used [0x00000000e0000000, 0x00000000e2ec74b8, 0x00000000e5560000)
  from space 21824K,  58% used [0x00000000e5560000, 0x00000000e61d4e40, 0x00000000e6ab0000)
  to   space 21824K,   0% used [0x00000000e6ab0000, 0x00000000e6ab0000, 0x00000000e8000000)
 concurrent mark-sweep generation total 393216K, used 0K [0x00000000e8000000, 0x0000000100000000, 0x0000000100000000)
 Metaspace       used 25036K, capacity 25759K, committed 26072K, reserved 1073152K
  class space    used 3078K, capacity 3298K, committed 3424K, reserved 1048576K
2019-04-17T12:14:19.228-0500: 21.058: [GC (CMS Final Remark) 2019-04-17T12:14:19.228-0500: 21.058: [ParNew
Desired survivor size 20112992 bytes, new threshold 8 (max 8)
- age   1:    3658208 bytes,    3658208 total
- age   2:    1989352 bytes,    5647560 total
- age   3:    4975888 bytes,   10623448 total
: 60656K->12188K(109248K), 0.0179821 secs] 60656K->12188K(502464K), 0.0180970 secs] [Times: user=0.08 sys=0.00, real=0.02 secs] 
Heap after GC invocations=3 (full 1):
 par new generation   total 109248K, used 12188K [0x00000000e0000000, 0x00000000e8000000, 0x00000000e8000000)
  eden space 87424K,   0% used [0x00000000e0000000, 0x00000000e0000000, 0x00000000e5560000)
  from space 21824K,  55% used [0x00000000e6ab0000, 0x00000000e7697220, 0x00000000e8000000)
  to   space 21824K,   0% used [0x00000000e5560000, 0x00000000e5560000, 0x00000000e6ab0000)
 concurrent mark-sweep generation total 393216K, used 0K [0x00000000e8000000, 0x0000000100000000, 0x0000000100000000)
 Metaspace       used 25036K, capacity 25759K, committed 26072K, reserved 1073152K
  class space    used 3078K, capacity 3298K, committed 3424K, reserved 1048576K
}
2019-04-17T12:14:19.246-0500: 21.076: [Rescan (parallel) , 0.0055951 secs]2019-04-17T12:14:19.253-0500: 21.082: [weak refs processing, 0.0024897 secs]2019-04-17T12:14:19.255-0500: 21.085: [class unloading, 0.0043491 secs]2019-04-17T12:14:19.259-0500: 21.089: [scrub symbol table, 0.0043476 secs]2019-04-17T12:14:19.264-0500: 21.093: [scrub string table, 0.0004305 secs][1 CMS-remark: 0K(393216K)] 12188K(502464K), 0.0370628 secs] [Times: user=0.09 sys=0.00, real=0.04 secs] 
2019-04-17T12:14:19.266-0500: 21.095: Total time for which application threads were stopped: 0.0373163 seconds, Stopping threads took: 0.0001135 seconds
2019-04-17T12:14:19.266-0500: 21.095: [CMS-concurrent-sweep-start]
2019-04-17T12:14:19.266-0500: 21.095: [CMS-concurrent-sweep: 0.000/0.000 secs] [Times: user=0.00 sys=0.00, real=0.00 secs] 
2019-04-17T12:14:19.266-0500: 21.095: [CMS-concurrent-reset-start]
2019-04-17T12:14:19.267-0500: 21.097: Total time for which application threads were stopped: 0.0003578 seconds, Stopping threads took: 0.0001784 seconds
2019-04-17T12:14:19.268-0500: 21.098: Total time for which application threads were stopped: 0.0001736 seconds, Stopping threads took: 0.0000718 seconds
2019-04-17T12:14:19.269-0500: 21.099: Total time for which application threads were stopped: 0.0002167 seconds, Stopping threads took: 0.0001135 seconds
2019-04-17T12:14:19.270-0500: 21.101: Total time for which application threads were stopped: 0.0001702 seconds, Stopping threads took: 0.0000465 seconds
2019-04-17T12:14:19.270-0500: 21.102: Total time for which application threads were stopped: 0.0002133 seconds, Stopping threads took: 0.0000650 seconds
2019-04-17T12:14:19.273-0500: 21.102: [CMS-concurrent-reset: 0.005/0.006 secs] [Times: user=0.03 sys=0.00, real=0.01 secs] 
2019-04-17T12:14:19.301-0500: 21.131: Total time for which application threads were stopped: 0.0005639 seconds, Stopping threads took: 0.0000412 seconds
2019-04-17T12:14:19.448-0500: 21.278: Total time for which application threads were stopped: 0.0006138 seconds, Stopping threads took: 0.0000373 seconds
2019-04-17T12:14:19.468-0500: 21.298: Total time for which application threads were stopped: 0.0003695 seconds, Stopping threads took: 0.0002366 seconds
2019-04-17T12:14:19.475-0500: 21.305: Total time for which application threads were stopped: 0.0001164 seconds, Stopping threads took: 0.0000417 seconds
2019-04-17T12:14:19.475-0500: 21.306: Total time for which application threads were stopped: 0.0000815 seconds, Stopping threads took: 0.0000242 seconds
2019-04-17T12:14:19.476-0500: 21.306: Total time for which application threads were stopped: 0.0000848 seconds, Stopping threads took: 0.0000305 seconds
2019-04-17T12:14:19.476-0500: 21.306: Total time for which application threads were stopped: 0.0000722 seconds, Stopping threads took: 0.0000189 seconds
2019-04-17T12:14:19.642-0500: 21.473: Total time for which application threads were stopped: 0.0005047 seconds, Stopping threads took: 0.0002599 seconds
2019-04-17T12:14:19.643-0500: 21.473: Total time for which application threads were stopped: 0.0001862 seconds, Stopping threads took: 0.0000785 seconds
2019-04-17T12:14:19.643-0500: 21.474: Total time for which application threads were stopped: 0.0002579 seconds, Stopping threads took: 0.0001052 seconds
2019-04-17T12:14:19.646-0500: 21.476: Total time for which application threads were stopped: 0.0003447 seconds, Stopping threads took: 0.0001988 seconds
2019-04-17T12:14:19.646-0500: 21.476: Total time for which application threads were stopped: 0.0002594 seconds, Stopping threads took: 0.0001392 seconds
2019-04-17T12:14:19.646-0500: 21.477: Total time for which application threads were stopped: 0.0004257 seconds, Stopping threads took: 0.0003137 seconds
2019-04-17T12:14:19.646-0500: 21.477: Total time for which application threads were stopped: 0.0001886 seconds, Stopping threads took: 0.0000354 seconds
2019-04-17T12:14:19.660-0500: 21.490: Total time for which application threads were stopped: 0.0003142 seconds, Stopping threads took: 0.0001232 seconds
2019-04-17T12:14:19.661-0500: 21.490: Total time for which application threads were stopped: 0.0002832 seconds, Stopping threads took: 0.0001270 seconds
2019-04-17T12:14:19.661-0500: 21.491: Total time for which application threads were stopped: 0.0002104 seconds, Stopping threads took: 0.0000320 seconds
2019-04-17T12:14:19.661-0500: 21.491: Total time for which application threads were stopped: 0.0001600 seconds, Stopping threads took: 0.0000441 seconds
2019-04-17T12:14:19.663-0500: 21.493: Total time for which application threads were stopped: 0.0003918 seconds, Stopping threads took: 0.0002036 seconds
2019-04-17T12:14:19.672-0500: 21.501: Total time for which application threads were stopped: 0.0002109 seconds, Stopping threads took: 0.0000664 seconds
2019-04-17T12:14:19.672-0500: 21.502: Total time for which application threads were stopped: 0.0002235 seconds, Stopping threads took: 0.0001008 seconds
2019-04-17T12:14:19.673-0500: 21.502: Total time for which application threads were stopped: 0.0002676 seconds, Stopping threads took: 0.0001319 seconds
2019-04-17T12:14:19.673-0500: 21.502: Total time for which application threads were stopped: 0.0003171 seconds, Stopping threads took: 0.0001915 seconds
2019-04-17T12:14:19.675-0500: 21.504: Total time for which application threads were stopped: 0.0010080 seconds, Stopping threads took: 0.0008907 seconds
2019-04-17T12:14:19.691-0500: 21.521: Total time for which application threads were stopped: 0.0002153 seconds, Stopping threads took: 0.0000839 seconds
2019-04-17T12:14:19.697-0500: 21.527: Total time for which application threads were stopped: 0.0006192 seconds, Stopping threads took: 0.0001532 seconds
2019-04-17T12:14:19.731-0500: 21.561: Total time for which application threads were stopped: 0.0003520 seconds, Stopping threads took: 0.0001183 seconds
2019-04-17T12:14:19.733-0500: 21.563: Total time for which application threads were stopped: 0.0006167 seconds, Stopping threads took: 0.0004305 seconds
2019-04-17T12:14:19.733-0500: 21.563: Total time for which application threads were stopped: 0.0003447 seconds, Stopping threads took: 0.0000989 seconds
2019-04-17T12:14:19.735-0500: 21.565: Total time for which application threads were stopped: 0.0010046 seconds, Stopping threads took: 0.0008238 seconds
2019-04-17T12:14:19.781-0500: 21.610: Total time for which application threads were stopped: 0.0002701 seconds, Stopping threads took: 0.0000824 seconds
2019-04-17T12:14:19.783-0500: 21.612: Total time for which application threads were stopped: 0.0002376 seconds, Stopping threads took: 0.0000800 seconds
2019-04-17T12:14:19.784-0500: 21.615: Total time for which application threads were stopped: 0.0002056 seconds, Stopping threads took: 0.0001052 seconds
2019-04-17T12:14:19.791-0500: 21.621: Total time for which application threads were stopped: 0.0004785 seconds, Stopping threads took: 0.0000436 seconds
2019-04-17T12:14:19.792-0500: 21.622: Total time for which application threads were stopped: 0.0001833 seconds, Stopping threads took: 0.0000640 seconds
2019-04-17T12:14:19.793-0500: 21.623: Total time for which application threads were stopped: 0.0001246 seconds, Stopping threads took: 0.0000291 seconds
2019-04-17T12:14:19.794-0500: 21.624: Total time for which application threads were stopped: 0.0002618 seconds, Stopping threads took: 0.0001304 seconds
2019-04-17T12:14:19.794-0500: 21.624: Total time for which application threads were stopped: 0.0001338 seconds, Stopping threads took: 0.0000252 seconds
2019-04-17T12:14:19.794-0500: 21.624: Total time for which application threads were stopped: 0.0001319 seconds, Stopping threads took: 0.0000480 seconds
2019-04-17T12:14:19.794-0500: 21.624: Total time for which application threads were stopped: 0.0001130 seconds, Stopping threads took: 0.0000378 seconds
2019-04-17T12:14:19.801-0500: 21.630: Total time for which application threads were stopped: 0.0001595 seconds, Stopping threads took: 0.0000402 seconds
2019-04-17T12:14:19.802-0500: 21.631: Total time for which application threads were stopped: 0.0001018 seconds, Stopping threads took: 0.0000291 seconds
2019-04-17T12:14:19.802-0500: 21.632: Total time for which application threads were stopped: 0.0001033 seconds, Stopping threads took: 0.0000335 seconds
2019-04-17T12:14:19.818-0500: 21.648: Total time for which application threads were stopped: 0.0003956 seconds, Stopping threads took: 0.0000388 seconds
2019-04-17T12:14:19.820-0500: 21.649: Total time for which application threads were stopped: 0.0001377 seconds, Stopping threads took: 0.0000417 seconds
2019-04-17T12:14:19.820-0500: 21.650: Total time for which application threads were stopped: 0.0001299 seconds, Stopping threads took: 0.0000252 seconds
2019-04-17T12:14:19.820-0500: 21.650: Total time for which application threads were stopped: 0.0001935 seconds, Stopping threads took: 0.0000315 seconds
2019-04-17T12:14:19.821-0500: 21.650: Total time for which application threads were stopped: 0.0001421 seconds, Stopping threads took: 0.0000664 seconds
2019-04-17T12:14:19.821-0500: 21.650: Total time for which application threads were stopped: 0.0001978 seconds, Stopping threads took: 0.0000543 seconds
2019-04-17T12:14:19.822-0500: 21.652: Total time for which application threads were stopped: 0.0001692 seconds, Stopping threads took: 0.0000281 seconds
2019-04-17T12:14:19.824-0500: 21.656: Total time for which application threads were stopped: 0.0001818 seconds, Stopping threads took: 0.0000436 seconds
2019-04-17T12:14:19.824-0500: 21.656: Total time for which application threads were stopped: 0.0001459 seconds, Stopping threads took: 0.0000330 seconds
2019-04-17T12:14:19.824-0500: 21.656: Total time for which application threads were stopped: 0.0001285 seconds, Stopping threads took: 0.0000286 seconds
2019-04-17T12:14:19.824-0500: 21.657: Total time for which application threads were stopped: 0.0001295 seconds, Stopping threads took: 0.0000291 seconds
2019-04-17T12:14:19.852-0500: 21.681: Total time for which application threads were stopped: 0.0002070 seconds, Stopping threads took: 0.0000432 seconds
2019-04-17T12:14:19.852-0500: 21.682: Total time for which application threads were stopped: 0.0001973 seconds, Stopping threads took: 0.0000519 seconds
2019-04-17T12:14:19.852-0500: 21.682: Total time for which application threads were stopped: 0.0002841 seconds, Stopping threads took: 0.0001527 seconds
2019-04-17T12:14:19.853-0500: 21.683: Total time for which application threads were stopped: 0.0001348 seconds, Stopping threads took: 0.0000330 seconds
2019-04-17T12:14:19.859-0500: 21.689: Total time for which application threads were stopped: 0.0001891 seconds, Stopping threads took: 0.0000432 seconds
2019-04-17T12:14:19.859-0500: 21.689: Total time for which application threads were stopped: 0.0001430 seconds, Stopping threads took: 0.0000310 seconds
2019-04-17T12:14:19.859-0500: 21.689: Total time for which application threads were stopped: 0.0001290 seconds, Stopping threads took: 0.0000296 seconds
2019-04-17T12:14:19.860-0500: 21.690: Total time for which application threads were stopped: 0.0002065 seconds, Stopping threads took: 0.0001062 seconds
2019-04-17T12:14:19.864-0500: 21.694: Total time for which application threads were stopped: 0.0001833 seconds, Stopping threads took: 0.0000688 seconds
2019-04-17T12:14:19.864-0500: 21.694: Total time for which application threads were stopped: 0.0001513 seconds, Stopping threads took: 0.0000538 seconds
2019-04-17T12:14:19.864-0500: 21.694: Total time for which application threads were stopped: 0.0001450 seconds, Stopping threads took: 0.0000577 seconds
2019-04-17T12:14:19.865-0500: 21.695: Total time for which application threads were stopped: 0.0001241 seconds, Stopping threads took: 0.0000528 seconds
2019-04-17T12:14:19.865-0500: 21.695: Total time for which application threads were stopped: 0.0001246 seconds, Stopping threads took: 0.0000480 seconds
2019-04-17T12:14:19.865-0500: 21.695: Total time for which application threads were stopped: 0.0001416 seconds, Stopping threads took: 0.0000291 seconds
2019-04-17T12:14:19.866-0500: 21.696: Total time for which application threads were stopped: 0.0003379 seconds, Stopping threads took: 0.0001983 seconds
2019-04-17T12:14:19.866-0500: 21.696: Total time for which application threads were stopped: 0.0001629 seconds, Stopping threads took: 0.0000761 seconds
2019-04-17T12:14:19.866-0500: 21.697: Total time for which application threads were stopped: 0.0002890 seconds, Stopping threads took: 0.0000975 seconds
2019-04-17T12:14:19.867-0500: 21.697: Total time for which application threads were stopped: 0.0002914 seconds, Stopping threads took: 0.0001876 seconds
2019-04-17T12:14:19.867-0500: 21.697: Total time for which application threads were stopped: 0.0001105 seconds, Stopping threads took: 0.0000349 seconds
2019-04-17T12:14:19.867-0500: 21.697: Total time for which application threads were stopped: 0.0001406 seconds, Stopping threads took: 0.0000606 seconds
2019-04-17T12:14:19.867-0500: 21.698: Total time for which application threads were stopped: 0.0001430 seconds, Stopping threads took: 0.0000446 seconds
2019-04-17T12:14:19.868-0500: 21.698: Total time for which application threads were stopped: 0.0001081 seconds, Stopping threads took: 0.0000286 seconds
2019-04-17T12:14:19.868-0500: 21.698: Total time for which application threads were stopped: 0.0002827 seconds, Stopping threads took: 0.0000664 seconds
2019-04-17T12:14:19.868-0500: 21.699: Total time for which application threads were stopped: 0.0002201 seconds, Stopping threads took: 0.0000432 seconds
2019-04-17T12:14:19.869-0500: 21.699: Total time for which application threads were stopped: 0.0001178 seconds, Stopping threads took: 0.0000310 seconds
2019-04-17T12:14:19.869-0500: 21.699: Total time for which application threads were stopped: 0.0001872 seconds, Stopping threads took: 0.0000504 seconds
2019-04-17T12:14:19.869-0500: 21.699: Total time for which application threads were stopped: 0.0001285 seconds, Stopping threads took: 0.0000543 seconds
2019-04-17T12:14:19.869-0500: 21.700: Total time for which application threads were stopped: 0.0001295 seconds, Stopping threads took: 0.0000446 seconds
2019-04-17T12:14:19.870-0500: 21.700: Total time for which application threads were stopped: 0.0001745 seconds, Stopping threads took: 0.0000635 seconds
2019-04-17T12:14:19.870-0500: 21.700: Total time for which application threads were stopped: 0.0001998 seconds, Stopping threads took: 0.0000936 seconds
2019-04-17T12:14:19.870-0500: 21.701: Total time for which application threads were stopped: 0.0001852 seconds, Stopping threads took: 0.0000737 seconds
2019-04-17T12:14:19.871-0500: 21.701: Total time for which application threads were stopped: 0.0002153 seconds, Stopping threads took: 0.0001004 seconds
2019-04-17T12:14:19.871-0500: 21.702: Total time for which application threads were stopped: 0.0003985 seconds, Stopping threads took: 0.0000368 seconds
2019-04-17T12:14:19.872-0500: 21.702: Total time for which application threads were stopped: 0.0002410 seconds, Stopping threads took: 0.0001154 seconds
2019-04-17T12:14:19.872-0500: 21.702: Total time for which application threads were stopped: 0.0001944 seconds, Stopping threads took: 0.0000698 seconds
2019-04-17T12:14:19.872-0500: 21.703: Total time for which application threads were stopped: 0.0001581 seconds, Stopping threads took: 0.0000562 seconds
2019-04-17T12:14:20.297-0500: 22.127: Total time for which application threads were stopped: 0.0001968 seconds, Stopping threads took: 0.0000398 seconds
2019-04-17T12:14:20.299-0500: 22.129: Total time for which application threads were stopped: 0.0001488 seconds, Stopping threads took: 0.0000427 seconds
2019-04-17T12:14:20.301-0500: 22.131: Total time for which application threads were stopped: 0.0002036 seconds, Stopping threads took: 0.0000470 seconds
2019-04-17T12:14:20.303-0500: 22.132: Total time for which application threads were stopped: 0.0001440 seconds, Stopping threads took: 0.0000373 seconds
2019-04-17T12:14:25.019-0500: 26.849: Total time for which application threads were stopped: 0.0007864 seconds, Stopping threads took: 0.0006274 seconds
2019-04-17T12:14:28.068-0500: 29.898: Total time for which application threads were stopped: 0.0001998 seconds, Stopping threads took: 0.0000650 seconds
2019-04-17T12:14:28.068-0500: 29.898: Total time for which application threads were stopped: 0.0001833 seconds, Stopping threads took: 0.0000999 seconds
2019-04-17T12:14:28.068-0500: 29.899: Total time for which application threads were stopped: 0.0001304 seconds, Stopping threads took: 0.0000485 seconds
2019-04-17T12:14:28.069-0500: 29.899: Total time for which application threads were stopped: 0.0000742 seconds, Stopping threads took: 0.0000272 seconds
2019-04-17T12:14:28.091-0500: 29.921: Total time for which application threads were stopped: 0.0001067 seconds, Stopping threads took: 0.0000364 seconds
2019-04-17T12:14:28.097-0500: 29.927: Total time for which application threads were stopped: 0.0001731 seconds, Stopping threads took: 0.0000504 seconds
2019-04-17T12:14:28.098-0500: 29.929: Total time for which application threads were stopped: 0.0008078 seconds, Stopping threads took: 0.0001314 seconds
2019-04-17T12:14:28.169-0500: 29.999: Total time for which application threads were stopped: 0.0003709 seconds, Stopping threads took: 0.0002211 seconds
2019-04-17T12:14:28.170-0500: 30.000: Total time for which application threads were stopped: 0.0001367 seconds, Stopping threads took: 0.0000528 seconds
2019-04-17T12:14:28.172-0500: 30.002: Total time for which application threads were stopped: 0.0000970 seconds, Stopping threads took: 0.0000272 seconds
2019-04-17T12:14:28.172-0500: 30.002: Total time for which application threads were stopped: 0.0003651 seconds, Stopping threads took: 0.0000785 seconds
2019-04-17T12:14:28.173-0500: 30.002: Total time for which application threads were stopped: 0.0000868 seconds, Stopping threads took: 0.0000451 seconds
2019-04-17T12:14:28.177-0500: 30.006: Total time for which application threads were stopped: 0.0002032 seconds, Stopping threads took: 0.0000562 seconds
2019-04-17T12:14:28.177-0500: 30.006: Total time for which application threads were stopped: 0.0000747 seconds, Stopping threads took: 0.0000252 seconds
2019-04-17T12:14:28.178-0500: 30.007: Total time for which application threads were stopped: 0.0001794 seconds, Stopping threads took: 0.0000276 seconds
2019-04-17T12:14:28.179-0500: 30.009: Total time for which application threads were stopped: 0.0001333 seconds, Stopping threads took: 0.0000393 seconds
2019-04-17T12:14:28.179-0500: 30.009: Total time for which application threads were stopped: 0.0001125 seconds, Stopping threads took: 0.0000335 seconds
2019-04-17T12:14:28.180-0500: 30.009: Total time for which application threads were stopped: 0.0001139 seconds, Stopping threads took: 0.0000368 seconds
2019-04-17T12:14:28.180-0500: 30.010: Total time for which application threads were stopped: 0.0001745 seconds, Stopping threads took: 0.0000844 seconds
2019-04-17T12:14:28.181-0500: 30.011: Total time for which application threads were stopped: 0.0001561 seconds, Stopping threads took: 0.0000718 seconds
2019-04-17T12:14:28.181-0500: 30.011: Total time for which application threads were stopped: 0.0000839 seconds, Stopping threads took: 0.0000223 seconds
2019-04-17T12:14:28.245-0500: 30.077: Total time for which application threads were stopped: 0.0003855 seconds, Stopping threads took: 0.0000388 seconds
2019-04-17T12:14:28.245-0500: 30.077: Total time for which application threads were stopped: 0.0001261 seconds, Stopping threads took: 0.0000364 seconds
2019-04-17T12:14:28.249-0500: 30.079: Total time for which application threads were stopped: 0.0001464 seconds, Stopping threads took: 0.0000621 seconds
2019-04-17T12:14:28.253-0500: 30.083: Total time for which application threads were stopped: 0.0002856 seconds, Stopping threads took: 0.0001590 seconds
2019-04-17T12:14:28.267-0500: 30.097: Total time for which application threads were stopped: 0.0002584 seconds, Stopping threads took: 0.0001295 seconds
2019-04-17T12:14:28.267-0500: 30.097: Total time for which application threads were stopped: 0.0002405 seconds, Stopping threads took: 0.0000785 seconds
2019-04-17T12:14:28.268-0500: 30.098: Total time for which application threads were stopped: 0.0001750 seconds, Stopping threads took: 0.0000378 seconds
2019-04-17T12:14:28.269-0500: 30.099: Total time for which application threads were stopped: 0.0001920 seconds, Stopping threads took: 0.0000912 seconds
2019-04-17T12:14:28.269-0500: 30.099: Total time for which application threads were stopped: 0.0002895 seconds, Stopping threads took: 0.0000499 seconds
2019-04-17T12:14:28.270-0500: 30.099: Total time for which application threads were stopped: 0.0002657 seconds, Stopping threads took: 0.0000756 seconds
2019-04-17T12:14:28.275-0500: 30.105: Total time for which application threads were stopped: 0.0001731 seconds, Stopping threads took: 0.0000941 seconds
{Heap before GC invocations=3 (full 1):
 par new generation   total 109248K, used 99612K [0x00000000e0000000, 0x00000000e8000000, 0x00000000e8000000)
  eden space 87424K, 100% used [0x00000000e0000000, 0x00000000e5560000, 0x00000000e5560000)
  from space 21824K,  55% used [0x00000000e6ab0000, 0x00000000e7697220, 0x00000000e8000000)
  to   space 21824K,   0% used [0x00000000e5560000, 0x00000000e5560000, 0x00000000e6ab0000)
 concurrent mark-sweep generation total 393216K, used 0K [0x00000000e8000000, 0x0000000100000000, 0x0000000100000000)
 Metaspace       used 28698K, capacity 29629K, committed 29792K, reserved 1075200K
  class space    used 3597K, capacity 3845K, committed 3936K, reserved 1048576K
2019-04-17T12:14:28.375-0500: 30.204: [GC (Allocation Failure) 2019-04-17T12:14:28.375-0500: 30.204: [ParNew
Desired survivor size 20112992 bytes, new threshold 8 (max 8)
- age   1:    5907472 bytes,    5907472 total
- age   2:    1624680 bytes,    7532152 total
- age   3:    1965256 bytes,    9497408 total
- age   4:    4882616 bytes,   14380024 total
: 99612K->17690K(109248K), 0.0215253 secs] 99612K->17690K(502464K), 0.0217033 secs] [Times: user=0.08 sys=0.00, real=0.02 secs] 
Heap after GC invocations=4 (full 1):
 par new generation   total 109248K, used 17690K [0x00000000e0000000, 0x00000000e8000000, 0x00000000e8000000)
  eden space 87424K,   0% used [0x00000000e0000000, 0x00000000e0000000, 0x00000000e5560000)
  from space 21824K,  81% used [0x00000000e5560000, 0x00000000e66a6900, 0x00000000e6ab0000)
  to   space 21824K,   0% used [0x00000000e6ab0000, 0x00000000e6ab0000, 0x00000000e8000000)
 concurrent mark-sweep generation total 393216K, used 0K [0x00000000e8000000, 0x0000000100000000, 0x0000000100000000)
 Metaspace       used 28698K, capacity 29629K, committed 29792K, reserved 1075200K
  class space    used 3597K, capacity 3845K, committed 3936K, reserved 1048576K
}
2019-04-17T12:14:28.396-0500: 30.226: Total time for which application threads were stopped: 0.0221348 seconds, Stopping threads took: 0.0000625 seconds
2019-04-17T12:14:28.553-0500: 30.383: Total time for which application threads were stopped: 0.0006996 seconds, Stopping threads took: 0.0001503 seconds
2019-04-17T12:14:28.651-0500: 30.481: Total time for which application threads were stopped: 0.0009905 seconds, Stopping threads took: 0.0001120 seconds
2019-04-17T12:14:28.900-0500: 30.731: Total time for which application threads were stopped: 0.0002575 seconds, Stopping threads took: 0.0000417 seconds
2019-04-17T12:14:28.941-0500: 30.770: Total time for which application threads were stopped: 0.0001615 seconds, Stopping threads took: 0.0000475 seconds
2019-04-17T12:14:28.999-0500: 30.829: Total time for which application threads were stopped: 0.0020398 seconds, Stopping threads took: 0.0017590 seconds
2019-04-17T12:14:29.007-0500: 30.838: Total time for which application threads were stopped: 0.0002327 seconds, Stopping threads took: 0.0000756 seconds
{Heap before GC invocations=4 (full 1):
 par new generation   total 109248K, used 105114K [0x00000000e0000000, 0x00000000e8000000, 0x00000000e8000000)
  eden space 87424K, 100% used [0x00000000e0000000, 0x00000000e5560000, 0x00000000e5560000)
  from space 21824K,  81% used [0x00000000e5560000, 0x00000000e66a6900, 0x00000000e6ab0000)
  to   space 21824K,   0% used [0x00000000e6ab0000, 0x00000000e6ab0000, 0x00000000e8000000)
 concurrent mark-sweep generation total 393216K, used 0K [0x00000000e8000000, 0x0000000100000000, 0x0000000100000000)
 Metaspace       used 29810K, capacity 30707K, committed 30944K, reserved 1077248K
  class space    used 3703K, capacity 3952K, committed 4064K, reserved 1048576K
2019-04-17T12:14:29.041-0500: 30.871: [GC (Allocation Failure) 2019-04-17T12:14:29.041-0500: 30.871: [ParNew
Desired survivor size 20112992 bytes, new threshold 8 (max 8)
- age   1:    2370448 bytes,    2370448 total
- age   2:    2276760 bytes,    4647208 total
- age   3:    1624648 bytes,    6271856 total
- age   4:    1964952 bytes,    8236808 total
- age   5:    4882024 bytes,   13118832 total
: 105114K->19115K(109248K), 0.0160330 secs] 105114K->19115K(502464K), 0.0161590 secs] [Times: user=0.08 sys=0.00, real=0.02 secs] 
Heap after GC invocations=5 (full 1):
 par new generation   total 109248K, used 19115K [0x00000000e0000000, 0x00000000e8000000, 0x00000000e8000000)
  eden space 87424K,   0% used [0x00000000e0000000, 0x00000000e0000000, 0x00000000e5560000)
  from space 21824K,  87% used [0x00000000e6ab0000, 0x00000000e7d5ac40, 0x00000000e8000000)
  to   space 21824K,   0% used [0x00000000e5560000, 0x00000000e5560000, 0x00000000e6ab0000)
 concurrent mark-sweep generation total 393216K, used 0K [0x00000000e8000000, 0x0000000100000000, 0x0000000100000000)
 Metaspace       used 29810K, capacity 30707K, committed 30944K, reserved 1077248K
  class space    used 3703K, capacity 3952K, committed 4064K, reserved 1048576K
}
2019-04-17T12:14:29.057-0500: 30.887: Total time for which application threads were stopped: 0.0182759 seconds, Stopping threads took: 0.0018279 seconds
2019-04-17T12:14:29.134-0500: 30.964: Total time for which application threads were stopped: 0.0003321 seconds, Stopping threads took: 0.0001876 seconds
2019-04-17T12:14:29.141-0500: 30.971: Total time for which application threads were stopped: 0.0001445 seconds, Stopping threads took: 0.0000524 seconds
2019-04-17T12:14:29.154-0500: 30.984: Total time for which application threads were stopped: 0.0001382 seconds, Stopping threads took: 0.0000461 seconds
2019-04-17T12:14:29.157-0500: 30.988: Total time for which application threads were stopped: 0.0002841 seconds, Stopping threads took: 0.0001653 seconds
2019-04-17T12:14:29.162-0500: 30.992: Total time for which application threads were stopped: 0.0012344 seconds, Stopping threads took: 0.0010541 seconds
2019-04-17T12:14:29.173-0500: 31.003: Total time for which application threads were stopped: 0.0003239 seconds, Stopping threads took: 0.0000441 seconds
2019-04-17T12:14:29.179-0500: 31.009: Total time for which application threads were stopped: 0.0001396 seconds, Stopping threads took: 0.0000456 seconds
2019-04-17T12:14:29.180-0500: 31.009: Total time for which application threads were stopped: 0.0001464 seconds, Stopping threads took: 0.0000538 seconds
2019-04-17T12:14:29.202-0500: 31.032: Total time for which application threads were stopped: 0.0001639 seconds, Stopping threads took: 0.0000470 seconds
2019-04-17T12:14:29.205-0500: 31.034: Total time for which application threads were stopped: 0.0001930 seconds, Stopping threads took: 0.0000737 seconds
2019-04-17T12:14:29.206-0500: 31.035: Total time for which application threads were stopped: 0.0001881 seconds, Stopping threads took: 0.0000824 seconds
2019-04-17T12:14:29.206-0500: 31.036: Total time for which application threads were stopped: 0.0002536 seconds, Stopping threads took: 0.0001629 seconds
2019-04-17T12:14:29.206-0500: 31.036: Total time for which application threads were stopped: 0.0001130 seconds, Stopping threads took: 0.0000320 seconds
2019-04-17T12:14:29.207-0500: 31.036: Total time for which application threads were stopped: 0.0001314 seconds, Stopping threads took: 0.0000427 seconds
2019-04-17T12:14:29.215-0500: 31.047: Total time for which application threads were stopped: 0.0001862 seconds, Stopping threads took: 0.0000761 seconds
2019-04-17T12:14:29.220-0500: 31.050: Total time for which application threads were stopped: 0.0001784 seconds, Stopping threads took: 0.0000533 seconds
2019-04-17T12:14:29.224-0500: 31.054: Total time for which application threads were stopped: 0.0002114 seconds, Stopping threads took: 0.0000655 seconds
2019-04-17T12:14:29.224-0500: 31.054: Total time for which application threads were stopped: 0.0001716 seconds, Stopping threads took: 0.0000456 seconds
2019-04-17T12:14:29.224-0500: 31.055: Total time for which application threads were stopped: 0.0001173 seconds, Stopping threads took: 0.0000364 seconds
2019-04-17T12:14:29.224-0500: 31.056: Total time for which application threads were stopped: 0.0001479 seconds, Stopping threads took: 0.0000601 seconds
2019-04-17T12:14:29.439-0500: 31.270: Total time for which application threads were stopped: 0.0003496 seconds, Stopping threads took: 0.0001057 seconds
2019-04-17T12:14:29.439-0500: 31.271: Total time for which application threads were stopped: 0.0002492 seconds, Stopping threads took: 0.0000461 seconds
2019-04-17T12:14:29.439-0500: 31.271: Total time for which application threads were stopped: 0.0001842 seconds, Stopping threads took: 0.0000490 seconds
{Heap before GC invocations=5 (full 1):
 par new generation   total 109248K, used 106539K [0x00000000e0000000, 0x00000000e8000000, 0x00000000e8000000)
  eden space 87424K, 100% used [0x00000000e0000000, 0x00000000e5560000, 0x00000000e5560000)
  from space 21824K,  87% used [0x00000000e6ab0000, 0x00000000e7d5ac40, 0x00000000e8000000)
  to   space 21824K,   0% used [0x00000000e5560000, 0x00000000e5560000, 0x00000000e6ab0000)
 concurrent mark-sweep generation total 393216K, used 0K [0x00000000e8000000, 0x0000000100000000, 0x0000000100000000)
 Metaspace       used 30620K, capacity 31557K, committed 31840K, reserved 1077248K
  class space    used 3815K, capacity 4083K, committed 4192K, reserved 1048576K
2019-04-17T12:14:29.521-0500: 31.351: [GC (Allocation Failure) 2019-04-17T12:14:29.521-0500: 31.351: [ParNew
Desired survivor size 20112992 bytes, new threshold 8 (max 8)
- age   1:    1241912 bytes,    1241912 total
- age   2:    1478408 bytes,    2720320 total
- age   3:    2253152 bytes,    4973472 total
- age   4:    1622232 bytes,    6595704 total
- age   5:    1963008 bytes,    8558712 total
- age   6:    4863896 bytes,   13422608 total
: 106539K->17977K(109248K), 0.0172548 secs] 106539K->17977K(502464K), 0.0174953 secs] [Times: user=0.11 sys=0.03, real=0.02 secs] 
Heap after GC invocations=6 (full 1):
 par new generation   total 109248K, used 17977K [0x00000000e0000000, 0x00000000e8000000, 0x00000000e8000000)
  eden space 87424K,   0% used [0x00000000e0000000, 0x00000000e0000000, 0x00000000e5560000)
  from space 21824K,  82% used [0x00000000e5560000, 0x00000000e66ee6d8, 0x00000000e6ab0000)
  to   space 21824K,   0% used [0x00000000e6ab0000, 0x00000000e6ab0000, 0x00000000e8000000)
 concurrent mark-sweep generation total 393216K, used 0K [0x00000000e8000000, 0x0000000100000000, 0x0000000100000000)
 Metaspace       used 30620K, capacity 31557K, committed 31840K, reserved 1077248K
  class space    used 3815K, capacity 4083K, committed 4192K, reserved 1048576K
}
2019-04-17T12:14:29.538-0500: 31.368: Total time for which application threads were stopped: 0.0191564 seconds, Stopping threads took: 0.0012727 seconds
{Heap before GC invocations=6 (full 1):
 par new generation   total 109248K, used 105401K [0x00000000e0000000, 0x00000000e8000000, 0x00000000e8000000)
  eden space 87424K, 100% used [0x00000000e0000000, 0x00000000e5560000, 0x00000000e5560000)
  from space 21824K,  82% used [0x00000000e5560000, 0x00000000e66ee6d8, 0x00000000e6ab0000)
  to   space 21824K,   0% used [0x00000000e6ab0000, 0x00000000e6ab0000, 0x00000000e8000000)
 concurrent mark-sweep generation total 393216K, used 0K [0x00000000e8000000, 0x0000000100000000, 0x0000000100000000)
 Metaspace       used 30804K, capacity 31703K, committed 32096K, reserved 1077248K
  class space    used 3835K, capacity 4086K, committed 4192K, reserved 1048576K
2019-04-17T12:14:29.880-0500: 31.710: [GC (Allocation Failure) 2019-04-17T12:14:29.880-0500: 31.710: [ParNew
Desired survivor size 20112992 bytes, new threshold 8 (max 8)
- age   1:     521840 bytes,     521840 total
- age   2:     323544 bytes,     845384 total
- age   3:    1478248 bytes,    2323632 total
- age   4:    2252632 bytes,    4576264 total
- age   5:    1622064 bytes,    6198328 total
- age   6:    1962784 bytes,    8161112 total
- age   7:    4864080 bytes,   13025192 total
: 105401K->17282K(109248K), 0.0168528 secs] 105401K->17282K(502464K), 0.0169789 secs] [Times: user=0.11 sys=0.00, real=0.02 secs] 
Heap after GC invocations=7 (full 1):
 par new generation   total 109248K, used 17282K [0x00000000e0000000, 0x00000000e8000000, 0x00000000e8000000)
  eden space 87424K,   0% used [0x00000000e0000000, 0x00000000e0000000, 0x00000000e5560000)
  from space 21824K,  79% used [0x00000000e6ab0000, 0x00000000e7b90870, 0x00000000e8000000)
  to   space 21824K,   0% used [0x00000000e5560000, 0x00000000e5560000, 0x00000000e6ab0000)
 concurrent mark-sweep generation total 393216K, used 0K [0x00000000e8000000, 0x0000000100000000, 0x0000000100000000)
 Metaspace       used 30804K, capacity 31703K, committed 32096K, reserved 1077248K
  class space    used 3835K, capacity 4086K, committed 4192K, reserved 1048576K
}
2019-04-17T12:14:29.897-0500: 31.727: Total time for which application threads were stopped: 0.0173910 seconds, Stopping threads took: 0.0000984 seconds
2019-04-17T12:14:29.926-0500: 31.755: Total time for which application threads were stopped: 0.0006608 seconds, Stopping threads took: 0.0004800 seconds
2019-04-17T12:14:29.943-0500: 31.773: Total time for which application threads were stopped: 0.0088175 seconds, Stopping threads took: 0.0086206 seconds
2019-04-17T12:14:30.036-0500: 31.869: Total time for which application threads were stopped: 0.0002861 seconds, Stopping threads took: 0.0000950 seconds
2019-04-17T12:14:30.040-0500: 31.870: Total time for which application threads were stopped: 0.0002434 seconds, Stopping threads took: 0.0000504 seconds
2019-04-17T12:14:30.042-0500: 31.871: Total time for which application threads were stopped: 0.0001702 seconds, Stopping threads took: 0.0000378 seconds
{Heap before GC invocations=7 (full 1):
 par new generation   total 109248K, used 104706K [0x00000000e0000000, 0x00000000e8000000, 0x00000000e8000000)
  eden space 87424K, 100% used [0x00000000e0000000, 0x00000000e5560000, 0x00000000e5560000)
  from space 21824K,  79% used [0x00000000e6ab0000, 0x00000000e7b90870, 0x00000000e8000000)
  to   space 21824K,   0% used [0x00000000e5560000, 0x00000000e5560000, 0x00000000e6ab0000)
 concurrent mark-sweep generation total 393216K, used 0K [0x00000000e8000000, 0x0000000100000000, 0x0000000100000000)
 Metaspace       used 31006K, capacity 31869K, committed 32096K, reserved 1077248K
  class space    used 3862K, capacity 4119K, committed 4192K, reserved 1048576K
2019-04-17T12:14:30.126-0500: 31.956: [GC (Allocation Failure) 2019-04-17T12:14:30.126-0500: 31.956: [ParNew
Desired survivor size 20112992 bytes, new threshold 8 (max 8)
- age   1:     905400 bytes,     905400 total
- age   2:     150512 bytes,    1055912 total
- age   3:     323240 bytes,    1379152 total
- age   4:    1478072 bytes,    2857224 total
- age   5:    2252424 bytes,    5109648 total
- age   6:    1622064 bytes,    6731712 total
- age   7:    1962688 bytes,    8694400 total
- age   8:    4863976 bytes,   13558376 total
: 104706K->14620K(109248K), 0.0182094 secs] 104706K->14620K(502464K), 0.0184213 secs] [Times: user=0.09 sys=0.00, real=0.02 secs] 
Heap after GC invocations=8 (full 1):
 par new generation   total 109248K, used 14620K [0x00000000e0000000, 0x00000000e8000000, 0x00000000e8000000)
  eden space 87424K,   0% used [0x00000000e0000000, 0x00000000e0000000, 0x00000000e5560000)
  from space 21824K,  66% used [0x00000000e5560000, 0x00000000e63a72d8, 0x00000000e6ab0000)
  to   space 21824K,   0% used [0x00000000e6ab0000, 0x00000000e6ab0000, 0x00000000e8000000)
 concurrent mark-sweep generation total 393216K, used 0K [0x00000000e8000000, 0x0000000100000000, 0x0000000100000000)
 Metaspace       used 31006K, capacity 31869K, committed 32096K, reserved 1077248K
  class space    used 3862K, capacity 4119K, committed 4192K, reserved 1048576K
}
2019-04-17T12:14:30.144-0500: 31.974: Total time for which application threads were stopped: 0.0189435 seconds, Stopping threads took: 0.0000805 seconds
2019-04-17T12:14:30.302-0500: 32.132: Total time for which application threads were stopped: 0.0002274 seconds, Stopping threads took: 0.0000684 seconds
2019-04-17T12:14:30.302-0500: 32.133: Total time for which application threads were stopped: 0.0002909 seconds, Stopping threads took: 0.0000945 seconds
2019-04-17T12:14:30.304-0500: 32.133: Total time for which application threads were stopped: 0.0001387 seconds, Stopping threads took: 0.0000325 seconds
2019-04-17T12:14:30.307-0500: 32.137: Total time for which application threads were stopped: 0.0001644 seconds, Stopping threads took: 0.0000451 seconds
2019-04-17T12:14:30.307-0500: 32.137: Total time for which application threads were stopped: 0.0001188 seconds, Stopping threads took: 0.0000276 seconds
2019-04-17T12:14:30.308-0500: 32.138: Total time for which application threads were stopped: 0.0001542 seconds, Stopping threads took: 0.0000247 seconds
2019-04-17T12:14:30.308-0500: 32.138: Total time for which application threads were stopped: 0.0001712 seconds, Stopping threads took: 0.0000388 seconds
2019-04-17T12:14:30.308-0500: 32.138: Total time for which application threads were stopped: 0.0001697 seconds, Stopping threads took: 0.0000407 seconds
2019-04-17T12:14:30.329-0500: 32.158: Total time for which application threads were stopped: 0.0001362 seconds, Stopping threads took: 0.0000407 seconds
2019-04-17T12:14:30.336-0500: 32.166: Total time for which application threads were stopped: 0.0002400 seconds, Stopping threads took: 0.0000795 seconds
2019-04-17T12:14:30.336-0500: 32.167: Total time for which application threads were stopped: 0.0001925 seconds, Stopping threads took: 0.0000708 seconds
2019-04-17T12:14:30.422-0500: 32.252: Total time for which application threads were stopped: 0.0005876 seconds, Stopping threads took: 0.0000562 seconds
2019-04-17T12:14:30.616-0500: 32.446: Total time for which application threads were stopped: 0.0009207 seconds, Stopping threads took: 0.0000713 seconds
2019-04-17T12:14:31.508-0500: 33.340: Total time for which application threads were stopped: 0.0004592 seconds, Stopping threads took: 0.0001857 seconds
2019-04-17T12:14:31.512-0500: 33.342: Total time for which application threads were stopped: 0.0002342 seconds, Stopping threads took: 0.0001076 seconds
2019-04-17T12:14:31.513-0500: 33.343: Total time for which application threads were stopped: 0.0001949 seconds, Stopping threads took: 0.0001246 seconds
2019-04-17T12:14:31.516-0500: 33.349: Total time for which application threads were stopped: 0.0002919 seconds, Stopping threads took: 0.0001687 seconds
2019-04-17T12:14:31.527-0500: 33.357: Total time for which application threads were stopped: 0.0010032 seconds, Stopping threads took: 0.0008848 seconds
2019-04-17T12:14:32.656-0500: 34.486: Total time for which application threads were stopped: 0.0002429 seconds, Stopping threads took: 0.0000659 seconds
{Heap before GC invocations=8 (full 1):
 par new generation   total 109248K, used 102044K [0x00000000e0000000, 0x00000000e8000000, 0x00000000e8000000)
  eden space 87424K, 100% used [0x00000000e0000000, 0x00000000e5560000, 0x00000000e5560000)
  from space 21824K,  66% used [0x00000000e5560000, 0x00000000e63a72d8, 0x00000000e6ab0000)
  to   space 21824K,   0% used [0x00000000e6ab0000, 0x00000000e6ab0000, 0x00000000e8000000)
 concurrent mark-sweep generation total 393216K, used 0K [0x00000000e8000000, 0x0000000100000000, 0x0000000100000000)
 Metaspace       used 32818K, capacity 33789K, committed 34016K, reserved 1079296K
  class space    used 4047K, capacity 4299K, committed 4320K, reserved 1048576K
2019-04-17T12:14:32.688-0500: 34.518: [GC (Allocation Failure) 2019-04-17T12:14:32.688-0500: 34.518: [ParNew
Desired survivor size 20112992 bytes, new threshold 8 (max 8)
- age   1:    3539536 bytes,    3539536 total
- age   2:      35720 bytes,    3575256 total
- age   3:      42400 bytes,    3617656 total
- age   4:     276296 bytes,    3893952 total
- age   5:     135032 bytes,    4028984 total
- age   6:    1408440 bytes,    5437424 total
- age   7:    1620464 bytes,    7057888 total
- age   8:    1962576 bytes,    9020464 total
: 102044K->14443K(109248K), 0.0420349 secs] 102044K->19622K(502464K), 0.0421580 secs] [Times: user=0.16 sys=0.01, real=0.04 secs] 
Heap after GC invocations=9 (full 1):
 par new generation   total 109248K, used 14443K [0x00000000e0000000, 0x00000000e8000000, 0x00000000e8000000)
  eden space 87424K,   0% used [0x00000000e0000000, 0x00000000e0000000, 0x00000000e5560000)
  from space 21824K,  66% used [0x00000000e6ab0000, 0x00000000e78caeb0, 0x00000000e8000000)
  to   space 21824K,   0% used [0x00000000e5560000, 0x00000000e5560000, 0x00000000e6ab0000)
 concurrent mark-sweep generation total 393216K, used 5178K [0x00000000e8000000, 0x0000000100000000, 0x0000000100000000)
 Metaspace       used 32818K, capacity 33789K, committed 34016K, reserved 1079296K
  class space    used 4047K, capacity 4299K, committed 4320K, reserved 1048576K
}
2019-04-17T12:14:32.731-0500: 34.560: Total time for which application threads were stopped: 0.0430337 seconds, Stopping threads took: 0.0004179 seconds
2019-04-17T12:14:32.732-0500: 34.561: Total time for which application threads were stopped: 0.0002832 seconds, Stopping threads took: 0.0000805 seconds
2019-04-17T12:14:32.732-0500: 34.561: Total time for which application threads were stopped: 0.0002095 seconds, Stopping threads took: 0.0000592 seconds
{Heap before GC invocations=9 (full 1):
 par new generation   total 109248K, used 101867K [0x00000000e0000000, 0x00000000e8000000, 0x00000000e8000000)
  eden space 87424K, 100% used [0x00000000e0000000, 0x00000000e5560000, 0x00000000e5560000)
  from space 21824K,  66% used [0x00000000e6ab0000, 0x00000000e78caeb0, 0x00000000e8000000)
  to   space 21824K,   0% used [0x00000000e5560000, 0x00000000e5560000, 0x00000000e6ab0000)
 concurrent mark-sweep generation total 393216K, used 5178K [0x00000000e8000000, 0x0000000100000000, 0x0000000100000000)
 Metaspace       used 32829K, capacity 33789K, committed 34016K, reserved 1079296K
  class space    used 4047K, capacity 4299K, committed 4320K, reserved 1048576K
2019-04-17T12:14:32.870-0500: 34.700: [GC (Allocation Failure) 2019-04-17T12:14:32.871-0500: 34.701: [ParNew
Desired survivor size 20112992 bytes, new threshold 8 (max 8)
- age   1:    1525336 bytes,    1525336 total
- age   2:    1754248 bytes,    3279584 total
- age   3:      35720 bytes,    3315304 total
- age   4:      42400 bytes,    3357704 total
- age   5:     276296 bytes,    3634000 total
- age   6:     135032 bytes,    3769032 total
- age   7:    1408440 bytes,    5177472 total
- age   8:    1620464 bytes,    6797936 total
: 101867K->8909K(109248K), 0.0173702 secs] 107046K->16030K(502464K), 0.0178507 secs] [Times: user=0.08 sys=0.00, real=0.02 secs] 
Heap after GC invocations=10 (full 1):
 par new generation   total 109248K, used 8909K [0x00000000e0000000, 0x00000000e8000000, 0x00000000e8000000)
  eden space 87424K,   0% used [0x00000000e0000000, 0x00000000e0000000, 0x00000000e5560000)
  from space 21824K,  40% used [0x00000000e5560000, 0x00000000e5e134c8, 0x00000000e6ab0000)
  to   space 21824K,   0% used [0x00000000e6ab0000, 0x00000000e6ab0000, 0x00000000e8000000)
 concurrent mark-sweep generation total 393216K, used 7121K [0x00000000e8000000, 0x0000000100000000, 0x0000000100000000)
 Metaspace       used 32829K, capacity 33789K, committed 34016K, reserved 1079296K
  class space    used 4047K, capacity 4299K, committed 4320K, reserved 1048576K
}
2019-04-17T12:14:32.888-0500: 34.718: Total time for which application threads were stopped: 0.0197212 seconds, Stopping threads took: 0.0013285 seconds
2019-04-17T12:14:32.906-0500: 34.736: Total time for which application threads were stopped: 0.0051607 seconds, Stopping threads took: 0.0048528 seconds
2019-04-17T12:14:32.906-0500: 34.736: Total time for which application threads were stopped: 0.0002061 seconds, Stopping threads took: 0.0000475 seconds
{Heap before GC invocations=10 (full 1):
 par new generation   total 109248K, used 96333K [0x00000000e0000000, 0x00000000e8000000, 0x00000000e8000000)
  eden space 87424K, 100% used [0x00000000e0000000, 0x00000000e5560000, 0x00000000e5560000)
  from space 21824K,  40% used [0x00000000e5560000, 0x00000000e5e134c8, 0x00000000e6ab0000)
  to   space 21824K,   0% used [0x00000000e6ab0000, 0x00000000e6ab0000, 0x00000000e8000000)
 concurrent mark-sweep generation total 393216K, used 7121K [0x00000000e8000000, 0x0000000100000000, 0x0000000100000000)
 Metaspace       used 32840K, capacity 33801K, committed 34016K, reserved 1079296K
  class space    used 4049K, capacity 4301K, committed 4320K, reserved 1048576K
2019-04-17T12:14:33.008-0500: 34.838: [GC (Allocation Failure) 2019-04-17T12:14:33.008-0500: 34.838: [ParNew
Desired survivor size 20112992 bytes, new threshold 8 (max 8)
- age   1:     489736 bytes,     489736 total
- age   2:    1376984 bytes,    1866720 total
- age   3:    1735064 bytes,    3601784 total
- age   4:      35720 bytes,    3637504 total
- age   5:      42192 bytes,    3679696 total
- age   6:     276296 bytes,    3955992 total
- age   7:     135032 bytes,    4091024 total
- age   8:    1408440 bytes,    5499464 total
: 96333K->7524K(109248K), 0.0129076 secs] 103454K->16241K(502464K), 0.0130318 secs] [Times: user=0.00 sys=0.00, real=0.01 secs] 
Heap after GC invocations=11 (full 1):
 par new generation   total 109248K, used 7524K [0x00000000e0000000, 0x00000000e8000000, 0x00000000e8000000)
  eden space 87424K,   0% used [0x00000000e0000000, 0x00000000e0000000, 0x00000000e5560000)
  from space 21824K,  34% used [0x00000000e6ab0000, 0x00000000e72091c0, 0x00000000e8000000)
  to   space 21824K,   0% used [0x00000000e5560000, 0x00000000e5560000, 0x00000000e6ab0000)
 concurrent mark-sweep generation total 393216K, used 8717K [0x00000000e8000000, 0x0000000100000000, 0x0000000100000000)
 Metaspace       used 32840K, capacity 33801K, committed 34016K, reserved 1079296K
  class space    used 4049K, capacity 4301K, committed 4320K, reserved 1048576K
}
2019-04-17T12:14:33.020-0500: 34.851: Total time for which application threads were stopped: 0.0160005 seconds, Stopping threads took: 0.0025794 seconds
{Heap before GC invocations=11 (full 1):
 par new generation   total 109248K, used 94948K [0x00000000e0000000, 0x00000000e8000000, 0x00000000e8000000)
  eden space 87424K, 100% used [0x00000000e0000000, 0x00000000e5560000, 0x00000000e5560000)
  from space 21824K,  34% used [0x00000000e6ab0000, 0x00000000e72091c0, 0x00000000e8000000)
  to   space 21824K,   0% used [0x00000000e5560000, 0x00000000e5560000, 0x00000000e6ab0000)
 concurrent mark-sweep generation total 393216K, used 8717K [0x00000000e8000000, 0x0000000100000000, 0x0000000100000000)
 Metaspace       used 32852K, capacity 33819K, committed 34016K, reserved 1079296K
  class space    used 4050K, capacity 4304K, committed 4320K, reserved 1048576K
2019-04-17T12:14:33.159-0500: 34.990: [GC (Allocation Failure) 2019-04-17T12:14:33.159-0500: 34.990: [ParNew
Desired survivor size 20112992 bytes, new threshold 8 (max 8)
- age   1:     425040 bytes,     425040 total
- age   2:      75864 bytes,     500904 total
- age   3:    1377616 bytes,    1878520 total
- age   4:    1735064 bytes,    3613584 total
- age   5:      35720 bytes,    3649304 total
- age   6:      41880 bytes,    3691184 total
- age   7:     276368 bytes,    3967552 total
- age   8:     135032 bytes,    4102584 total
: 94948K->5170K(109248K), 0.0125445 secs] 103665K->15286K(502464K), 0.0128242 secs] [Times: user=0.08 sys=0.00, real=0.01 secs] 
Heap after GC invocations=12 (full 1):
 par new generation   total 109248K, used 5170K [0x00000000e0000000, 0x00000000e8000000, 0x00000000e8000000)
  eden space 87424K,   0% used [0x00000000e0000000, 0x00000000e0000000, 0x00000000e5560000)
  from space 21824K,  23% used [0x00000000e5560000, 0x00000000e5a6c948, 0x00000000e6ab0000)
  to   space 21824K,   0% used [0x00000000e6ab0000, 0x00000000e6ab0000, 0x00000000e8000000)
 concurrent mark-sweep generation total 393216K, used 10115K [0x00000000e8000000, 0x0000000100000000, 0x0000000100000000)
 Metaspace       used 32852K, capacity 33819K, committed 34016K, reserved 1079296K
  class space    used 4050K, capacity 4304K, committed 4320K, reserved 1048576K
}
2019-04-17T12:14:33.172-0500: 35.002: Total time for which application threads were stopped: 0.0133673 seconds, Stopping threads took: 0.0001338 seconds
2019-04-17T12:14:33.527-0500: 35.357: Total time for which application threads were stopped: 0.0002153 seconds, Stopping threads took: 0.0000325 seconds
2019-04-17T12:14:33.527-0500: 35.357: Total time for which application threads were stopped: 0.0001042 seconds, Stopping threads took: 0.0000267 seconds
2019-04-17T12:14:33.527-0500: 35.357: Total time for which application threads were stopped: 0.0000941 seconds, Stopping threads took: 0.0000276 seconds
{Heap before GC invocations=12 (full 1):
 par new generation   total 109248K, used 92594K [0x00000000e0000000, 0x00000000e8000000, 0x00000000e8000000)
  eden space 87424K, 100% used [0x00000000e0000000, 0x00000000e5560000, 0x00000000e5560000)
  from space 21824K,  23% used [0x00000000e5560000, 0x00000000e5a6c948, 0x00000000e6ab0000)
  to   space 21824K,   0% used [0x00000000e6ab0000, 0x00000000e6ab0000, 0x00000000e8000000)
 concurrent mark-sweep generation total 393216K, used 10115K [0x00000000e8000000, 0x0000000100000000, 0x0000000100000000)
 Metaspace       used 33463K, capacity 34563K, committed 34656K, reserved 1079296K
  class space    used 4121K, capacity 4396K, committed 4448K, reserved 1048576K
2019-04-17T12:14:33.563-0500: 35.392: [GC (Allocation Failure) 2019-04-17T12:14:33.563-0500: 35.392: [ParNew
Desired survivor size 20112992 bytes, new threshold 8 (max 8)
- age   1:    1565048 bytes,    1565048 total
- age   2:     107080 bytes,    1672128 total
- age   3:      74592 bytes,    1746720 total
- age   4:     208768 bytes,    1955488 total
- age   5:    1734424 bytes,    3689912 total
- age   6:      35720 bytes,    3725632 total
- age   7:      41880 bytes,    3767512 total
- age   8:     276248 bytes,    4043760 total
: 92594K->5041K(109248K), 0.0104781 secs] 102710K->15293K(502464K), 0.0105891 secs] [Times: user=0.06 sys=0.00, real=0.01 secs] 
Heap after GC invocations=13 (full 1):
 par new generation   total 109248K, used 5041K [0x00000000e0000000, 0x00000000e8000000, 0x00000000e8000000)
  eden space 87424K,   0% used [0x00000000e0000000, 0x00000000e0000000, 0x00000000e5560000)
  from space 21824K,  23% used [0x00000000e6ab0000, 0x00000000e6f9c6c0, 0x00000000e8000000)
  to   space 21824K,   0% used [0x00000000e5560000, 0x00000000e5560000, 0x00000000e6ab0000)
 concurrent mark-sweep generation total 393216K, used 10251K [0x00000000e8000000, 0x0000000100000000, 0x0000000100000000)
 Metaspace       used 33463K, capacity 34563K, committed 34656K, reserved 1079296K
  class space    used 4121K, capacity 4396K, committed 4448K, reserved 1048576K
}
2019-04-17T12:14:33.573-0500: 35.403: Total time for which application threads were stopped: 0.0110250 seconds, Stopping threads took: 0.0000747 seconds
2019-04-17T12:14:33.593-0500: 35.424: Total time for which application threads were stopped: 0.0007355 seconds, Stopping threads took: 0.0000504 seconds
2019-04-17T12:14:33.639-0500: 35.470: Total time for which application threads were stopped: 0.0002468 seconds, Stopping threads took: 0.0000480 seconds
2019-04-17T12:14:33.642-0500: 35.472: Total time for which application threads were stopped: 0.0012829 seconds, Stopping threads took: 0.0000873 seconds
2019-04-17T12:14:33.657-0500: 35.487: Total time for which application threads were stopped: 0.0001842 seconds, Stopping threads took: 0.0000485 seconds
2019-04-17T12:14:33.663-0500: 35.493: Total time for which application threads were stopped: 0.0002395 seconds, Stopping threads took: 0.0000945 seconds
2019-04-17T12:14:33.664-0500: 35.494: Total time for which application threads were stopped: 0.0001518 seconds, Stopping threads took: 0.0000456 seconds
2019-04-17T12:14:33.664-0500: 35.494: Total time for which application threads were stopped: 0.0001377 seconds, Stopping threads took: 0.0000528 seconds
2019-04-17T12:14:33.664-0500: 35.494: Total time for which application threads were stopped: 0.0001202 seconds, Stopping threads took: 0.0000543 seconds
2019-04-17T12:14:33.664-0500: 35.498: Total time for which application threads were stopped: 0.0002478 seconds, Stopping threads took: 0.0000761 seconds
2019-04-17T12:14:33.668-0500: 35.498: Total time for which application threads were stopped: 0.0002953 seconds, Stopping threads took: 0.0001707 seconds
2019-04-17T12:14:33.874-0500: 35.703: Total time for which application threads were stopped: 0.0001610 seconds, Stopping threads took: 0.0000422 seconds
2019-04-17T12:14:34.093-0500: 35.923: Total time for which application threads were stopped: 0.0011278 seconds, Stopping threads took: 0.0001076 seconds
{Heap before GC invocations=13 (full 1):
 par new generation   total 109248K, used 92465K [0x00000000e0000000, 0x00000000e8000000, 0x00000000e8000000)
  eden space 87424K, 100% used [0x00000000e0000000, 0x00000000e5560000, 0x00000000e5560000)
  from space 21824K,  23% used [0x00000000e6ab0000, 0x00000000e6f9c6c0, 0x00000000e8000000)
  to   space 21824K,   0% used [0x00000000e5560000, 0x00000000e5560000, 0x00000000e6ab0000)
 concurrent mark-sweep generation total 393216K, used 10251K [0x00000000e8000000, 0x0000000100000000, 0x0000000100000000)
 Metaspace       used 35509K, capacity 36635K, committed 36832K, reserved 1081344K
  class space    used 4430K, capacity 4726K, committed 4832K, reserved 1048576K
2019-04-17T12:14:34.377-0500: 36.207: [GC (Allocation Failure) 2019-04-17T12:14:34.377-0500: 36.207: [ParNew
Desired survivor size 20112992 bytes, new threshold 8 (max 8)
- age   1:    4084656 bytes,    4084656 total
- age   2:    1191776 bytes,    5276432 total
- age   3:     107080 bytes,    5383512 total
- age   4:      74528 bytes,    5458040 total
- age   5:     207056 bytes,    5665096 total
- age   6:    1727688 bytes,    7392784 total
- age   7:      35624 bytes,    7428408 total
- age   8:      41784 bytes,    7470192 total
: 92465K->8804K(109248K), 0.0145614 secs] 102717K->19331K(502464K), 0.0146904 secs] [Times: user=0.06 sys=0.00, real=0.01 secs] 
Heap after GC invocations=14 (full 1):
 par new generation   total 109248K, used 8804K [0x00000000e0000000, 0x00000000e8000000, 0x00000000e8000000)
  eden space 87424K,   0% used [0x00000000e0000000, 0x00000000e0000000, 0x00000000e5560000)
  from space 21824K,  40% used [0x00000000e5560000, 0x00000000e5df9360, 0x00000000e6ab0000)
  to   space 21824K,   0% used [0x00000000e6ab0000, 0x00000000e6ab0000, 0x00000000e8000000)
 concurrent mark-sweep generation total 393216K, used 10527K [0x00000000e8000000, 0x0000000100000000, 0x0000000100000000)
 Metaspace       used 35509K, capacity 36635K, committed 36832K, reserved 1081344K
  class space    used 4430K, capacity 4726K, committed 4832K, reserved 1048576K
}
2019-04-17T12:14:34.393-0500: 36.222: Total time for which application threads were stopped: 0.0156044 seconds, Stopping threads took: 0.0001973 seconds
2019-04-17T12:14:34.438-0500: 36.268: Total time for which application threads were stopped: 0.0002977 seconds, Stopping threads took: 0.0000679 seconds
2019-04-17T12:14:34.439-0500: 36.269: Total time for which application threads were stopped: 0.0001983 seconds, Stopping threads took: 0.0000655 seconds
2019-04-17T12:14:34.443-0500: 36.273: Total time for which application threads were stopped: 0.0021702 seconds, Stopping threads took: 0.0017610 seconds
2019-04-17T12:14:34.445-0500: 36.275: Total time for which application threads were stopped: 0.0004354 seconds, Stopping threads took: 0.0002657 seconds
2019-04-17T12:14:34.454-0500: 36.284: Total time for which application threads were stopped: 0.0004509 seconds, Stopping threads took: 0.0002308 seconds
2019-04-17T12:14:34.458-0500: 36.288: Total time for which application threads were stopped: 0.0002594 seconds, Stopping threads took: 0.0000688 seconds
2019-04-17T12:14:34.458-0500: 36.288: Total time for which application threads were stopped: 0.0001818 seconds, Stopping threads took: 0.0000364 seconds
2019-04-17T12:14:34.459-0500: 36.289: Total time for which application threads were stopped: 0.0002405 seconds, Stopping threads took: 0.0000752 seconds
2019-04-17T12:14:34.461-0500: 36.291: Total time for which application threads were stopped: 0.0010022 seconds, Stopping threads took: 0.0001023 seconds
{Heap before GC invocations=14 (full 1):
 par new generation   total 109248K, used 96228K [0x00000000e0000000, 0x00000000e8000000, 0x00000000e8000000)
  eden space 87424K, 100% used [0x00000000e0000000, 0x00000000e5560000, 0x00000000e5560000)
  from space 21824K,  40% used [0x00000000e5560000, 0x00000000e5df9360, 0x00000000e6ab0000)
  to   space 21824K,   0% used [0x00000000e6ab0000, 0x00000000e6ab0000, 0x00000000e8000000)
 concurrent mark-sweep generation total 393216K, used 10527K [0x00000000e8000000, 0x0000000100000000, 0x0000000100000000)
 Metaspace       used 36555K, capacity 37765K, committed 37984K, reserved 1083392K
  class space    used 4536K, capacity 4843K, committed 4960K, reserved 1048576K
2019-04-17T12:14:34.912-0500: 36.743: [GC (Allocation Failure) 2019-04-17T12:14:34.912-0500: 36.743: [ParNew
Desired survivor size 20112992 bytes, new threshold 8 (max 8)
- age   1:    2196784 bytes,    2196784 total
- age   2:    2345752 bytes,    4542536 total
- age   3:    1190560 bytes,    5733096 total
- age   4:     107080 bytes,    5840176 total
- age   5:      74528 bytes,    5914704 total
- age   6:     207056 bytes,    6121760 total
- age   7:    1727592 bytes,    7849352 total
- age   8:      35624 bytes,    7884976 total
: 96228K->12703K(109248K), 0.0118768 secs] 106755K->23271K(502464K), 0.0119927 secs] [Times: user=0.00 sys=0.00, real=0.01 secs] 
Heap after GC invocations=15 (full 1):
 par new generation   total 109248K, used 12703K [0x00000000e0000000, 0x00000000e8000000, 0x00000000e8000000)
  eden space 87424K,   0% used [0x00000000e0000000, 0x00000000e0000000, 0x00000000e5560000)
  from space 21824K,  58% used [0x00000000e6ab0000, 0x00000000e7717ec0, 0x00000000e8000000)
  to   space 21824K,   0% used [0x00000000e5560000, 0x00000000e5560000, 0x00000000e6ab0000)
 concurrent mark-sweep generation total 393216K, used 10568K [0x00000000e8000000, 0x0000000100000000, 0x0000000100000000)
 Metaspace       used 36555K, capacity 37765K, committed 37984K, reserved 1083392K
  class space    used 4536K, capacity 4843K, committed 4960K, reserved 1048576K
}
2019-04-17T12:14:34.925-0500: 36.755: Total time for which application threads were stopped: 0.0124291 seconds, Stopping threads took: 0.0000451 seconds
2019-04-17T12:14:35.100-0500: 36.930: Total time for which application threads were stopped: 0.0002385 seconds, Stopping threads took: 0.0000674 seconds
2019-04-17T12:14:35.110-0500: 36.940: Total time for which application threads were stopped: 0.0003016 seconds, Stopping threads took: 0.0000752 seconds
2019-04-17T12:14:35.143-0500: 36.973: Total time for which application threads were stopped: 0.0010599 seconds, Stopping threads took: 0.0000979 seconds
2019-04-17T12:14:35.270-0500: 37.100: Total time for which application threads were stopped: 0.0004441 seconds, Stopping threads took: 0.0002953 seconds
2019-04-17T12:14:35.568-0500: 37.397: Total time for which application threads were stopped: 0.0006638 seconds, Stopping threads took: 0.0000364 seconds
2019-04-17T12:14:35.626-0500: 37.456: Total time for which application threads were stopped: 0.0006313 seconds, Stopping threads took: 0.0000310 seconds
2019-04-17T12:14:36.582-0500: 38.411: Total time for which application threads were stopped: 0.0007079 seconds, Stopping threads took: 0.0000359 seconds
2019-04-17T12:14:36.618-0500: 38.449: Total time for which application threads were stopped: 0.0001435 seconds, Stopping threads took: 0.0000441 seconds
{Heap before GC invocations=15 (full 1):
 par new generation   total 109248K, used 100127K [0x00000000e0000000, 0x00000000e8000000, 0x00000000e8000000)
  eden space 87424K, 100% used [0x00000000e0000000, 0x00000000e5560000, 0x00000000e5560000)
  from space 21824K,  58% used [0x00000000e6ab0000, 0x00000000e7717ec0, 0x00000000e8000000)
  to   space 21824K,   0% used [0x00000000e5560000, 0x00000000e5560000, 0x00000000e6ab0000)
 concurrent mark-sweep generation total 393216K, used 10568K [0x00000000e8000000, 0x0000000100000000, 0x0000000100000000)
 Metaspace       used 39376K, capacity 40839K, committed 40928K, reserved 1085440K
  class space    used 4946K, capacity 5302K, committed 5344K, reserved 1048576K
2019-04-17T12:14:36.684-0500: 38.515: [GC (Allocation Failure) 2019-04-17T12:14:36.684-0500: 38.515: [ParNew
Desired survivor size 20112992 bytes, new threshold 4 (max 8)
- age   1:   16042104 bytes,   16042104 total
- age   2:     580080 bytes,   16622184 total
- age   3:    2344232 bytes,   18966416 total
- age   4:    1190464 bytes,   20156880 total
- age   5:     107080 bytes,   20263960 total
- age   6:      74528 bytes,   20338488 total
- age   7:     207056 bytes,   20545544 total
- age   8:    1727528 bytes,   22273072 total
: 100127K->21824K(109248K), 0.0341503 secs] 110695K->34861K(502464K), 0.0342376 secs] [Times: user=0.13 sys=0.02, real=0.04 secs] 
Heap after GC invocations=16 (full 1):
 par new generation   total 109248K, used 21824K [0x00000000e0000000, 0x00000000e8000000, 0x00000000e8000000)
  eden space 87424K,   0% used [0x00000000e0000000, 0x00000000e0000000, 0x00000000e5560000)
  from space 21824K, 100% used [0x00000000e5560000, 0x00000000e6ab0000, 0x00000000e6ab0000)
  to   space 21824K,   0% used [0x00000000e6ab0000, 0x00000000e6ab0000, 0x00000000e8000000)
 concurrent mark-sweep generation total 393216K, used 13037K [0x00000000e8000000, 0x0000000100000000, 0x0000000100000000)
 Metaspace       used 39376K, capacity 40839K, committed 40928K, reserved 1085440K
  class space    used 4946K, capacity 5302K, committed 5344K, reserved 1048576K
}
2019-04-17T12:14:36.719-0500: 38.549: Total time for which application threads were stopped: 0.0345391 seconds, Stopping threads took: 0.0000359 seconds
2019-04-17T12:14:36.763-0500: 38.593: Total time for which application threads were stopped: 0.0001770 seconds, Stopping threads took: 0.0000601 seconds
2019-04-17T12:14:36.764-0500: 38.593: Total time for which application threads were stopped: 0.0001387 seconds, Stopping threads took: 0.0000567 seconds
2019-04-17T12:14:37.092-0500: 38.921: Total time for which application threads were stopped: 0.0001872 seconds, Stopping threads took: 0.0000432 seconds
2019-04-17T12:14:37.097-0500: 38.927: Total time for which application threads were stopped: 0.0001338 seconds, Stopping threads took: 0.0000378 seconds
2019-04-17T12:14:37.099-0500: 38.929: Total time for which application threads were stopped: 0.0001241 seconds, Stopping threads took: 0.0000485 seconds
2019-04-17T12:14:37.100-0500: 38.930: Total time for which application threads were stopped: 0.0000970 seconds, Stopping threads took: 0.0000320 seconds
2019-04-17T12:14:37.103-0500: 38.932: Total time for which application threads were stopped: 0.0001173 seconds, Stopping threads took: 0.0000398 seconds
2019-04-17T12:14:37.103-0500: 38.933: Total time for which application threads were stopped: 0.0000873 seconds, Stopping threads took: 0.0000247 seconds
2019-04-17T12:14:37.127-0500: 38.957: Total time for which application threads were stopped: 0.0003651 seconds, Stopping threads took: 0.0001018 seconds
2019-04-17T12:14:37.325-0500: 39.155: Total time for which application threads were stopped: 0.0002468 seconds, Stopping threads took: 0.0000422 seconds
2019-04-17T12:14:37.339-0500: 39.169: Total time for which application threads were stopped: 0.0003219 seconds, Stopping threads took: 0.0001527 seconds
2019-04-17T12:14:37.339-0500: 39.169: Total time for which application threads were stopped: 0.0002041 seconds, Stopping threads took: 0.0000771 seconds
2019-04-17T12:14:37.340-0500: 39.170: Total time for which application threads were stopped: 0.0001581 seconds, Stopping threads took: 0.0000305 seconds
2019-04-17T12:14:37.363-0500: 39.193: Total time for which application threads were stopped: 0.0006487 seconds, Stopping threads took: 0.0000485 seconds
2019-04-17T12:14:37.648-0500: 39.478: Total time for which application threads were stopped: 0.0001838 seconds, Stopping threads took: 0.0000567 seconds
2019-04-17T12:14:37.649-0500: 39.479: Total time for which application threads were stopped: 0.0002177 seconds, Stopping threads took: 0.0001328 seconds
2019-04-17T12:14:37.649-0500: 39.479: Total time for which application threads were stopped: 0.0003438 seconds, Stopping threads took: 0.0002555 seconds
2019-04-17T12:14:37.653-0500: 39.482: Total time for which application threads were stopped: 0.0003132 seconds, Stopping threads took: 0.0001770 seconds
2019-04-17T12:14:37.656-0500: 39.485: Total time for which application threads were stopped: 0.0002793 seconds, Stopping threads took: 0.0000659 seconds
2019-04-17T12:14:37.665-0500: 39.495: Total time for which application threads were stopped: 0.0010158 seconds, Stopping threads took: 0.0008606 seconds
2019-04-17T12:14:37.666-0500: 39.496: Total time for which application threads were stopped: 0.0002216 seconds, Stopping threads took: 0.0000456 seconds
2019-04-17T12:14:37.679-0500: 39.508: Total time for which application threads were stopped: 0.0004315 seconds, Stopping threads took: 0.0001707 seconds
2019-04-17T12:14:37.700-0500: 39.529: Total time for which application threads were stopped: 0.0001862 seconds, Stopping threads took: 0.0000465 seconds
2019-04-17T12:14:37.839-0500: 39.668: Total time for which application threads were stopped: 0.0008790 seconds, Stopping threads took: 0.0000427 seconds
2019-04-17T12:14:37.884-0500: 39.715: Total time for which application threads were stopped: 0.0001605 seconds, Stopping threads took: 0.0000436 seconds
2019-04-17T12:14:37.893-0500: 39.723: Total time for which application threads were stopped: 0.0002148 seconds, Stopping threads took: 0.0000582 seconds
2019-04-17T12:14:37.894-0500: 39.723: Total time for which application threads were stopped: 0.0001905 seconds, Stopping threads took: 0.0000727 seconds
2019-04-17T12:14:37.894-0500: 39.724: Total time for which application threads were stopped: 0.0001484 seconds, Stopping threads took: 0.0000402 seconds
2019-04-17T12:14:37.922-0500: 39.753: Total time for which application threads were stopped: 0.0009590 seconds, Stopping threads took: 0.0000441 seconds
2019-04-17T12:14:37.928-0500: 39.758: Total time for which application threads were stopped: 0.0001542 seconds, Stopping threads took: 0.0000441 seconds
2019-04-17T12:14:37.929-0500: 39.759: Total time for which application threads were stopped: 0.0001173 seconds, Stopping threads took: 0.0000305 seconds
2019-04-17T12:14:37.929-0500: 39.760: Total time for which application threads were stopped: 0.0001052 seconds, Stopping threads took: 0.0000296 seconds
2019-04-17T12:14:37.930-0500: 39.760: Total time for which application threads were stopped: 0.0001770 seconds, Stopping threads took: 0.0000659 seconds
2019-04-17T12:14:37.931-0500: 39.760: Total time for which application threads were stopped: 0.0001290 seconds, Stopping threads took: 0.0000315 seconds
2019-04-17T12:14:37.931-0500: 39.761: Total time for which application threads were stopped: 0.0001246 seconds, Stopping threads took: 0.0000339 seconds
2019-04-17T12:14:37.931-0500: 39.761: Total time for which application threads were stopped: 0.0001198 seconds, Stopping threads took: 0.0000325 seconds
2019-04-17T12:14:37.931-0500: 39.761: Total time for which application threads were stopped: 0.0001042 seconds, Stopping threads took: 0.0000291 seconds
2019-04-17T12:14:37.932-0500: 39.761: Total time for which application threads were stopped: 0.0001144 seconds, Stopping threads took: 0.0000335 seconds
2019-04-17T12:14:37.932-0500: 39.761: Total time for which application threads were stopped: 0.0000945 seconds, Stopping threads took: 0.0000344 seconds
2019-04-17T12:14:37.932-0500: 39.762: Total time for which application threads were stopped: 0.0000810 seconds, Stopping threads took: 0.0000223 seconds
2019-04-17T12:14:37.932-0500: 39.762: Total time for which application threads were stopped: 0.0000810 seconds, Stopping threads took: 0.0000228 seconds
2019-04-17T12:14:37.932-0500: 39.762: Total time for which application threads were stopped: 0.0000805 seconds, Stopping threads took: 0.0000223 seconds
2019-04-17T12:14:37.932-0500: 39.762: Total time for which application threads were stopped: 0.0000800 seconds, Stopping threads took: 0.0000228 seconds
2019-04-17T12:14:37.932-0500: 39.762: Total time for which application threads were stopped: 0.0000805 seconds, Stopping threads took: 0.0000233 seconds
2019-04-17T12:14:37.932-0500: 39.763: Total time for which application threads were stopped: 0.0000805 seconds, Stopping threads took: 0.0000228 seconds
2019-04-17T12:14:37.933-0500: 39.763: Total time for which application threads were stopped: 0.0001057 seconds, Stopping threads took: 0.0000301 seconds
2019-04-17T12:14:38.287-0500: 40.117: Total time for which application threads were stopped: 0.0004325 seconds, Stopping threads took: 0.0001105 seconds
2019-04-17T12:14:38.288-0500: 40.117: Total time for which application threads were stopped: 0.0003345 seconds, Stopping threads took: 0.0001338 seconds
2019-04-17T12:14:38.289-0500: 40.119: Total time for which application threads were stopped: 0.0003607 seconds, Stopping threads took: 0.0001741 seconds
2019-04-17T12:14:38.290-0500: 40.119: Total time for which application threads were stopped: 0.0002904 seconds, Stopping threads took: 0.0001101 seconds
2019-04-17T12:14:38.290-0500: 40.120: Total time for which application threads were stopped: 0.0001910 seconds, Stopping threads took: 0.0000533 seconds
2019-04-17T12:14:38.302-0500: 40.132: Total time for which application threads were stopped: 0.0003762 seconds, Stopping threads took: 0.0001435 seconds
2019-04-17T12:14:38.355-0500: 40.184: Total time for which application threads were stopped: 0.0002982 seconds, Stopping threads took: 0.0000790 seconds
2019-04-17T12:14:38.399-0500: 40.229: Total time for which application threads were stopped: 0.0002570 seconds, Stopping threads took: 0.0000737 seconds
2019-04-17T12:14:38.399-0500: 40.229: Total time for which application threads were stopped: 0.0001862 seconds, Stopping threads took: 0.0000592 seconds
2019-04-17T12:14:38.719-0500: 40.549: [GC (CMS Initial Mark) [1 CMS-initial-mark: 13037K(393216K)] 78513K(502464K), 0.0280887 secs] [Times: user=0.13 sys=0.00, real=0.03 secs] 
2019-04-17T12:14:38.747-0500: 40.577: Total time for which application threads were stopped: 0.0285353 seconds, Stopping threads took: 0.0000785 seconds
2019-04-17T12:14:38.748-0500: 40.578: [CMS-concurrent-mark-start]
2019-04-17T12:14:38.767-0500: 40.597: [CMS-concurrent-mark: 0.020/0.020 secs] [Times: user=0.06 sys=0.00, real=0.02 secs] 
2019-04-17T12:14:38.767-0500: 40.597: [CMS-concurrent-preclean-start]
2019-04-17T12:14:38.772-0500: 40.602: [CMS-concurrent-preclean: 0.005/0.005 secs] [Times: user=0.02 sys=0.00, real=0.01 secs] 
2019-04-17T12:14:38.772-0500: 40.602: [CMS-concurrent-abortable-preclean-start]
2019-04-17T12:14:40.195-0500: 42.025: Total time for which application threads were stopped: 0.0002075 seconds, Stopping threads took: 0.0000645 seconds
2019-04-17T12:14:40.195-0500: 42.025: Total time for which application threads were stopped: 0.0001033 seconds, Stopping threads took: 0.0000436 seconds
2019-04-17T12:14:40.195-0500: 42.025: Total time for which application threads were stopped: 0.0001348 seconds, Stopping threads took: 0.0000499 seconds
2019-04-17T12:14:40.195-0500: 42.025: Total time for which application threads were stopped: 0.0001256 seconds, Stopping threads took: 0.0000504 seconds
2019-04-17T12:14:40.195-0500: 42.025: Total time for which application threads were stopped: 0.0001857 seconds, Stopping threads took: 0.0001135 seconds
2019-04-17T12:14:40.236-0500: 42.065: Total time for which application threads were stopped: 0.0001290 seconds, Stopping threads took: 0.0000378 seconds
2019-04-17T12:14:40.237-0500: 42.066: Total time for which application threads were stopped: 0.0000989 seconds, Stopping threads took: 0.0000247 seconds
2019-04-17T12:14:40.237-0500: 42.066: Total time for which application threads were stopped: 0.0000800 seconds, Stopping threads took: 0.0000223 seconds
2019-04-17T12:14:40.237-0500: 42.067: Total time for which application threads were stopped: 0.0000795 seconds, Stopping threads took: 0.0000218 seconds
2019-04-17T12:14:40.237-0500: 42.067: Total time for which application threads were stopped: 0.0000800 seconds, Stopping threads took: 0.0000223 seconds
2019-04-17T12:14:40.237-0500: 42.067: Total time for which application threads were stopped: 0.0000810 seconds, Stopping threads took: 0.0000223 seconds
2019-04-17T12:14:40.238-0500: 42.067: Total time for which application threads were stopped: 0.0000887 seconds, Stopping threads took: 0.0000223 seconds
2019-04-17T12:14:40.238-0500: 42.067: Total time for which application threads were stopped: 0.0000848 seconds, Stopping threads took: 0.0000218 seconds
2019-04-17T12:14:40.238-0500: 42.068: Total time for which application threads were stopped: 0.0001052 seconds, Stopping threads took: 0.0000296 seconds
2019-04-17T12:14:40.238-0500: 42.068: Total time for which application threads were stopped: 0.0001028 seconds, Stopping threads took: 0.0000281 seconds
2019-04-17T12:14:40.239-0500: 42.069: Total time for which application threads were stopped: 0.0007665 seconds, Stopping threads took: 0.0000291 seconds
2019-04-17T12:14:40.459-0500: 42.288: Total time for which application threads were stopped: 0.0004727 seconds, Stopping threads took: 0.0000364 seconds
2019-04-17T12:14:40.459-0500: 42.289: Total time for which application threads were stopped: 0.0001513 seconds, Stopping threads took: 0.0000378 seconds
2019-04-17T12:14:40.691-0500: 42.521: Total time for which application threads were stopped: 0.0002269 seconds, Stopping threads took: 0.0000562 seconds
2019-04-17T12:14:40.692-0500: 42.522: Total time for which application threads were stopped: 0.0001425 seconds, Stopping threads took: 0.0000407 seconds
2019-04-17T12:14:43.077-0500: 44.907: Total time for which application threads were stopped: 0.0001639 seconds, Stopping threads took: 0.0000422 seconds
2019-04-17T12:14:43.087-0500: 44.918: Total time for which application threads were stopped: 0.0001610 seconds, Stopping threads took: 0.0000422 seconds
2019-04-17T12:14:43.088-0500: 44.918: Total time for which application threads were stopped: 0.0001202 seconds, Stopping threads took: 0.0000262 seconds
2019-04-17T12:14:43.088-0500: 44.918: Total time for which application threads were stopped: 0.0001619 seconds, Stopping threads took: 0.0000514 seconds
2019-04-17T12:14:43.088-0500: 44.918: Total time for which application threads were stopped: 0.0001750 seconds, Stopping threads took: 0.0000378 seconds
2019-04-17T12:14:43.088-0500: 44.919: Total time for which application threads were stopped: 0.0001527 seconds, Stopping threads took: 0.0000368 seconds
2019-04-17T12:14:43.089-0500: 44.919: Total time for which application threads were stopped: 0.0001110 seconds, Stopping threads took: 0.0000262 seconds
2019-04-17T12:14:43.089-0500: 44.919: Total time for which application threads were stopped: 0.0001115 seconds, Stopping threads took: 0.0000252 seconds
2019-04-17T12:14:43.089-0500: 44.919: Total time for which application threads were stopped: 0.0001115 seconds, Stopping threads took: 0.0000252 seconds
2019-04-17T12:14:43.089-0500: 44.920: Total time for which application threads were stopped: 0.0001382 seconds, Stopping threads took: 0.0000412 seconds
2019-04-17T12:14:43.090-0500: 44.920: Total time for which application threads were stopped: 0.0002172 seconds, Stopping threads took: 0.0000839 seconds
2019-04-17T12:14:43.090-0500: 44.920: Total time for which application threads were stopped: 0.0001130 seconds, Stopping threads took: 0.0000262 seconds
2019-04-17T12:14:43.090-0500: 44.920: Total time for which application threads were stopped: 0.0001353 seconds, Stopping threads took: 0.0000286 seconds
2019-04-17T12:14:43.090-0500: 44.921: Total time for which application threads were stopped: 0.0001741 seconds, Stopping threads took: 0.0000412 seconds
2019-04-17T12:14:43.094-0500: 44.924: Total time for which application threads were stopped: 0.0001600 seconds, Stopping threads took: 0.0000451 seconds
2019-04-17T12:14:43.111-0500: 44.941: Total time for which application threads were stopped: 0.0003758 seconds, Stopping threads took: 0.0001842 seconds
2019-04-17T12:14:43.111-0500: 44.941: Total time for which application threads were stopped: 0.0002041 seconds, Stopping threads took: 0.0000979 seconds
2019-04-17T12:14:43.111-0500: 44.941: Total time for which application threads were stopped: 0.0001891 seconds, Stopping threads took: 0.0000955 seconds
2019-04-17T12:14:43.111-0500: 44.942: Total time for which application threads were stopped: 0.0001983 seconds, Stopping threads took: 0.0000950 seconds
2019-04-17T12:14:43.112-0500: 44.942: Total time for which application threads were stopped: 0.0001726 seconds, Stopping threads took: 0.0000684 seconds
2019-04-17T12:14:43.112-0500: 44.942: Total time for which application threads were stopped: 0.0001973 seconds, Stopping threads took: 0.0001004 seconds
2019-04-17T12:14:43.112-0500: 44.943: Total time for which application threads were stopped: 0.0002303 seconds, Stopping threads took: 0.0001052 seconds
2019-04-17T12:14:43.113-0500: 44.943: Total time for which application threads were stopped: 0.0001304 seconds, Stopping threads took: 0.0000354 seconds
2019-04-17T12:14:43.113-0500: 44.943: Total time for which application threads were stopped: 0.0001508 seconds, Stopping threads took: 0.0000398 seconds
2019-04-17T12:14:43.113-0500: 44.943: Total time for which application threads were stopped: 0.0003307 seconds, Stopping threads took: 0.0001052 seconds
2019-04-17T12:14:43.114-0500: 44.944: Total time for which application threads were stopped: 0.0003433 seconds, Stopping threads took: 0.0000669 seconds
2019-04-17T12:14:43.114-0500: 44.944: Total time for which application threads were stopped: 0.0002531 seconds, Stopping threads took: 0.0000577 seconds
2019-04-17T12:14:43.114-0500: 44.945: Total time for which application threads were stopped: 0.0001619 seconds, Stopping threads took: 0.0000582 seconds
2019-04-17T12:14:43.114-0500: 44.945: Total time for which application threads were stopped: 0.0001712 seconds, Stopping threads took: 0.0000572 seconds
2019-04-17T12:14:43.116-0500: 44.945: Total time for which application threads were stopped: 0.0001469 seconds, Stopping threads took: 0.0000407 seconds
2019-04-17T12:14:43.116-0500: 44.945: Total time for which application threads were stopped: 0.0001639 seconds, Stopping threads took: 0.0000596 seconds
2019-04-17T12:14:43.116-0500: 44.946: Total time for which application threads were stopped: 0.0001416 seconds, Stopping threads took: 0.0000412 seconds
2019-04-17T12:14:43.116-0500: 44.946: Total time for which application threads were stopped: 0.0001343 seconds, Stopping threads took: 0.0000398 seconds
2019-04-17T12:14:43.117-0500: 44.946: Total time for which application threads were stopped: 0.0002182 seconds, Stopping threads took: 0.0000407 seconds
2019-04-17T12:14:43.118-0500: 44.947: Total time for which application threads were stopped: 0.0011006 seconds, Stopping threads took: 0.0000383 seconds
2019-04-17T12:14:43.119-0500: 44.948: Total time for which application threads were stopped: 0.0001838 seconds, Stopping threads took: 0.0000441 seconds
2019-04-17T12:14:44.120-0500: 45.949: Total time for which application threads were stopped: 0.0001445 seconds, Stopping threads took: 0.0000393 seconds
 CMS: abort preclean due to time 2019-04-17T12:14:44.787-0500: 46.617: [CMS-concurrent-abortable-preclean: 4.789/6.015 secs] [Times: user=4.78 sys=0.03, real=6.01 secs] 
2019-04-17T12:14:44.787-0500: 46.617: [GC (CMS Final Remark) [YG occupancy: 67727 K (109248 K)]{Heap before GC invocations=16 (full 2):
 par new generation   total 109248K, used 67727K [0x00000000e0000000, 0x00000000e8000000, 0x00000000e8000000)
  eden space 87424K,  52% used [0x00000000e0000000, 0x00000000e2cd3fe0, 0x00000000e5560000)
  from space 21824K, 100% used [0x00000000e5560000, 0x00000000e6ab0000, 0x00000000e6ab0000)
  to   space 21824K,   0% used [0x00000000e6ab0000, 0x00000000e6ab0000, 0x00000000e8000000)
 concurrent mark-sweep generation total 393216K, used 13037K [0x00000000e8000000, 0x0000000100000000, 0x0000000100000000)
 Metaspace       used 42080K, capacity 43657K, committed 43788K, reserved 1087488K
  class space    used 5308K, capacity 5661K, committed 5728K, reserved 1048576K
2019-04-17T12:14:44.788-0500: 46.618: [GC (CMS Final Remark) 2019-04-17T12:14:44.788-0500: 46.618: [ParNew
Desired survivor size 20112992 bytes, new threshold 4 (max 8)
- age   1:    4203248 bytes,    4203248 total
- age   2:   13123872 bytes,   17327120 total
- age   3:     579784 bytes,   17906904 total
- age   4:    2342248 bytes,   20249152 total
: 67727K->21824K(109248K), 0.0363893 secs] 80765K->39753K(502464K), 0.0364713 secs] [Times: user=0.08 sys=0.00, real=0.04 secs] 
Heap after GC invocations=17 (full 2):
 par new generation   total 109248K, used 21824K [0x00000000e0000000, 0x00000000e8000000, 0x00000000e8000000)
  eden space 87424K,   0% used [0x00000000e0000000, 0x00000000e0000000, 0x00000000e5560000)
  from space 21824K, 100% used [0x00000000e6ab0000, 0x00000000e8000000, 0x00000000e8000000)
  to   space 21824K,   0% used [0x00000000e5560000, 0x00000000e5560000, 0x00000000e6ab0000)
 concurrent mark-sweep generation total 393216K, used 17929K [0x00000000e8000000, 0x0000000100000000, 0x0000000100000000)
 Metaspace       used 42080K, capacity 43657K, committed 43788K, reserved 1087488K
  class space    used 5308K, capacity 5661K, committed 5728K, reserved 1048576K
}
2019-04-17T12:14:44.824-0500: 46.654: [Rescan (parallel) , 0.0086667 secs]2019-04-17T12:14:44.833-0500: 46.663: [weak refs processing, 0.0028441 secs]2019-04-17T12:14:44.836-0500: 46.666: [class unloading, 0.0132941 secs]2019-04-17T12:14:44.849-0500: 46.679: [scrub symbol table, 0.0104078 secs]2019-04-17T12:14:44.859-0500: 46.689: [scrub string table, 0.0007908 secs][1 CMS-remark: 17929K(393216K)] 39753K(502464K), 0.0750177 secs] [Times: user=0.14 sys=0.00, real=0.08 secs] 
2019-04-17T12:14:44.863-0500: 46.693: Total time for which application threads were stopped: 0.0752228 seconds, Stopping threads took: 0.0000388 seconds
2019-04-17T12:14:44.863-0500: 46.693: [CMS-concurrent-sweep-start]
2019-04-17T12:14:44.875-0500: 46.705: [CMS-concurrent-sweep: 0.012/0.012 secs] [Times: user=0.05 sys=0.02, real=0.01 secs] 
2019-04-17T12:14:44.875-0500: 46.705: [CMS-concurrent-reset-start]
2019-04-17T12:14:44.876-0500: 46.706: [CMS-concurrent-reset: 0.001/0.001 secs] [Times: user=0.00 sys=0.00, real=0.00 secs] 
2019-04-17T12:14:45.864-0500: 47.694: Total time for which application threads were stopped: 0.0002735 seconds, Stopping threads took: 0.0000887 seconds
2019-04-17T12:14:47.714-0500: 49.544: Total time for which application threads were stopped: 0.0004548 seconds, Stopping threads took: 0.0000844 seconds
2019-04-17T12:14:48.717-0500: 50.547: Total time for which application threads were stopped: 0.0001867 seconds, Stopping threads took: 0.0000490 seconds
2019-04-17T12:14:50.723-0500: 52.552: Total time for which application threads were stopped: 0.0003884 seconds, Stopping threads took: 0.0001193 seconds
2019-04-17T12:15:08.866-0500: 70.696: Total time for which application threads were stopped: 0.0003084 seconds, Stopping threads took: 0.0001086 seconds
2019-04-17T12:15:08.866-0500: 70.697: Total time for which application threads were stopped: 0.0002274 seconds, Stopping threads took: 0.0000630 seconds
2019-04-17T12:15:08.867-0500: 70.697: Total time for which application threads were stopped: 0.0002032 seconds, Stopping threads took: 0.0000558 seconds
2019-04-17T12:15:17.891-0500: 79.720: Total time for which application threads were stopped: 0.0001973 seconds, Stopping threads took: 0.0000436 seconds
2019-04-17T12:15:17.938-0500: 79.767: Total time for which application threads were stopped: 0.0002579 seconds, Stopping threads took: 0.0001435 seconds
2019-04-17T12:15:17.960-0500: 79.793: Total time for which application threads were stopped: 0.0001668 seconds, Stopping threads took: 0.0000461 seconds
2019-04-17T12:15:19.968-0500: 81.798: Total time for which application threads were stopped: 0.0003190 seconds, Stopping threads took: 0.0001096 seconds
2019-04-17T12:15:55.055-0500: 116.885: Total time for which application threads were stopped: 0.0003059 seconds, Stopping threads took: 0.0000819 seconds
2019-04-17T12:15:58.873-0500: 120.702: Total time for which application threads were stopped: 0.0002516 seconds, Stopping threads took: 0.0000844 seconds
2019-04-17T12:16:18.915-0500: 140.745: Total time for which application threads were stopped: 0.0002739 seconds, Stopping threads took: 0.0000916 seconds
2019-04-17T12:16:31.949-0500: 153.778: Total time for which application threads were stopped: 0.0001687 seconds, Stopping threads took: 0.0000422 seconds
2019-04-17T12:16:45.983-0500: 167.812: Total time for which application threads were stopped: 0.0002608 seconds, Stopping threads took: 0.0000795 seconds
2019-04-17T12:17:19.077-0500: 200.907: Total time for which application threads were stopped: 0.0001891 seconds, Stopping threads took: 0.0000441 seconds
2019-04-17T12:18:19.207-0500: 261.036: Total time for which application threads were stopped: 0.0003171 seconds, Stopping threads took: 0.0001076 seconds
2019-04-17T12:18:20.209-0500: 262.039: Total time for which application threads were stopped: 0.0003535 seconds, Stopping threads took: 0.0000848 seconds
2019-04-17T12:19:15.349-0500: 317.179: Total time for which application threads were stopped: 0.0003985 seconds, Stopping threads took: 0.0001682 seconds
2019-04-17T12:19:19.566-0500: 321.396: Total time for which application threads were stopped: 0.0002119 seconds, Stopping threads took: 0.0000970 seconds
2019-04-17T12:19:19.566-0500: 321.396: Total time for which application threads were stopped: 0.0002943 seconds, Stopping threads took: 0.0002027 seconds
2019-04-17T12:19:19.566-0500: 321.397: Total time for which application threads were stopped: 0.0002802 seconds, Stopping threads took: 0.0001910 seconds
2019-04-17T12:19:19.566-0500: 321.397: Total time for which application threads were stopped: 0.0001251 seconds, Stopping threads took: 0.0000359 seconds
2019-04-17T12:19:19.566-0500: 321.397: Total time for which application threads were stopped: 0.0002221 seconds, Stopping threads took: 0.0001353 seconds
2019-04-17T12:19:20.569-0500: 322.399: Total time for which application threads were stopped: 0.0003719 seconds, Stopping threads took: 0.0001047 seconds
2019-04-17T12:20:20.785-0500: 382.615: Total time for which application threads were stopped: 0.0001392 seconds, Stopping threads took: 0.0000461 seconds
2019-04-17T12:22:22.298-0500: 504.127: Total time for which application threads were stopped: 0.0004145 seconds, Stopping threads took: 0.0001299 seconds
2019-04-17T12:23:22.571-0500: 564.401: Total time for which application threads were stopped: 0.0003103 seconds, Stopping threads took: 0.0001101 seconds
2019-04-17T12:23:50.673-0500: 592.503: Total time for which application threads were stopped: 0.0002686 seconds, Stopping threads took: 0.0000878 seconds
2019-04-17T12:23:55.690-0500: 597.520: Total time for which application threads were stopped: 0.0002652 seconds, Stopping threads took: 0.0000853 seconds
2019-04-17T12:24:22.354-0500: 624.189: Total time for which application threads were stopped: 0.0003869 seconds, Stopping threads took: 0.0001905 seconds
2019-04-17T12:24:22.354-0500: 624.189: Total time for which application threads were stopped: 0.0004412 seconds, Stopping threads took: 0.0002429 seconds
2019-04-17T12:24:22.354-0500: 624.190: Total time for which application threads were stopped: 0.0002861 seconds, Stopping threads took: 0.0001072 seconds
2019-04-17T12:24:22.354-0500: 624.190: Total time for which application threads were stopped: 0.0004112 seconds, Stopping threads took: 0.0002230 seconds
2019-04-17T12:24:22.354-0500: 624.191: Total time for which application threads were stopped: 0.0003801 seconds, Stopping threads took: 0.0002201 seconds
2019-04-17T12:24:23.356-0500: 625.185: Total time for which application threads were stopped: 0.0002686 seconds, Stopping threads took: 0.0000902 seconds
2019-04-17T12:24:26.363-0500: 628.193: Total time for which application threads were stopped: 0.0003408 seconds, Stopping threads took: 0.0001042 seconds
2019-04-17T12:25:13.538-0500: 675.368: Total time for which application threads were stopped: 0.0002201 seconds, Stopping threads took: 0.0000674 seconds
2019-04-17T12:25:23.572-0500: 685.401: Total time for which application threads were stopped: 0.0002856 seconds, Stopping threads took: 0.0000926 seconds
2019-04-17T12:26:23.872-0500: 745.702: Total time for which application threads were stopped: 0.0003966 seconds, Stopping threads took: 0.0001358 seconds
2019-04-17T12:27:24.118-0500: 805.948: Total time for which application threads were stopped: 0.0002308 seconds, Stopping threads took: 0.0000669 seconds
2019-04-17T12:28:25.378-0500: 867.207: Total time for which application threads were stopped: 0.0003025 seconds, Stopping threads took: 0.0001033 seconds
2019-04-17T12:29:25.586-0500: 927.416: Total time for which application threads were stopped: 0.0003573 seconds, Stopping threads took: 0.0001232 seconds
2019-04-17T12:30:25.766-0500: 987.595: Total time for which application threads were stopped: 0.0001639 seconds, Stopping threads took: 0.0000480 seconds
2019-04-17T12:32:27.076-0500: 1108.905: Total time for which application threads were stopped: 0.0003772 seconds, Stopping threads took: 0.0001067 seconds
2019-04-17T12:33:27.237-0500: 1169.067: Total time for which application threads were stopped: 0.0003423 seconds, Stopping threads took: 0.0000844 seconds
2019-04-17T12:34:12.342-0500: 1214.172: Total time for which application threads were stopped: 0.0002764 seconds, Stopping threads took: 0.0000984 seconds
2019-04-17T12:34:28.396-0500: 1230.226: Total time for which application threads were stopped: 0.0004456 seconds, Stopping threads took: 0.0000999 seconds
2019-04-17T12:36:28.763-0500: 1350.593: Total time for which application threads were stopped: 0.0004024 seconds, Stopping threads took: 0.0001280 seconds
2019-04-17T12:37:29.931-0500: 1411.761: Total time for which application threads were stopped: 0.0002691 seconds, Stopping threads took: 0.0000868 seconds
2019-04-17T12:39:30.376-0500: 1532.206: Total time for which application threads were stopped: 0.0003520 seconds, Stopping threads took: 0.0001222 seconds
2019-04-17T12:40:31.607-0500: 1593.436: Total time for which application threads were stopped: 0.0003462 seconds, Stopping threads took: 0.0001159 seconds
{Heap before GC invocations=17 (full 2):
 par new generation   total 109248K, used 109248K [0x00000000e0000000, 0x00000000e8000000, 0x00000000e8000000)
  eden space 87424K, 100% used [0x00000000e0000000, 0x00000000e5560000, 0x00000000e5560000)
  from space 21824K, 100% used [0x00000000e6ab0000, 0x00000000e8000000, 0x00000000e8000000)
  to   space 21824K,   0% used [0x00000000e5560000, 0x00000000e5560000, 0x00000000e6ab0000)
 concurrent mark-sweep generation total 393216K, used 16425K [0x00000000e8000000, 0x0000000100000000, 0x0000000100000000)
 Metaspace       used 42531K, capacity 44053K, committed 44300K, reserved 1087488K
  class space    used 5326K, capacity 5677K, committed 5728K, reserved 1048576K
2019-04-17T12:42:31.801-0500: 1713.630: [GC (Allocation Failure) 2019-04-17T12:42:31.801-0500: 1713.630: [ParNew
Desired survivor size 20112992 bytes, new threshold 8 (max 8)
- age   1:     188992 bytes,     188992 total
- age   2:    3067744 bytes,    3256736 total
- age   3:   13123832 bytes,   16380568 total
- age   4:     579736 bytes,   16960304 total
: 109248K->21824K(109248K), 0.0325483 secs] 125673K->40639K(502464K), 0.0326662 secs] [Times: user=0.13 sys=0.00, real=0.03 secs] 
Heap after GC invocations=18 (full 2):
 par new generation   total 109248K, used 21824K [0x00000000e0000000, 0x00000000e8000000, 0x00000000e8000000)
  eden space 87424K,   0% used [0x00000000e0000000, 0x00000000e0000000, 0x00000000e5560000)
  from space 21824K, 100% used [0x00000000e5560000, 0x00000000e6ab0000, 0x00000000e6ab0000)
  to   space 21824K,   0% used [0x00000000e6ab0000, 0x00000000e6ab0000, 0x00000000e8000000)
 concurrent mark-sweep generation total 393216K, used 18815K [0x00000000e8000000, 0x0000000100000000, 0x0000000100000000)
 Metaspace       used 42531K, capacity 44053K, committed 44300K, reserved 1087488K
  class space    used 5326K, capacity 5677K, committed 5728K, reserved 1048576K
}
2019-04-17T12:42:31.833-0500: 1713.663: Total time for which application threads were stopped: 0.0331195 seconds, Stopping threads took: 0.0000499 seconds
2019-04-17T12:42:32.838-0500: 1714.668: Total time for which application threads were stopped: 0.0003927 seconds, Stopping threads took: 0.0001173 seconds
2019-04-17T12:42:37.104-0500: 1718.936: Total time for which application threads were stopped: 0.0013062 seconds, Stopping threads took: 0.0000441 seconds
2019-04-17T12:42:37.115-0500: 1718.945: Total time for which application threads were stopped: 0.0007869 seconds, Stopping threads took: 0.0000339 seconds
2019-04-17T12:42:37.185-0500: 1719.016: Total time for which application threads were stopped: 0.0002739 seconds, Stopping threads took: 0.0000975 seconds
2019-04-17T12:42:37.186-0500: 1719.016: Total time for which application threads were stopped: 0.0001236 seconds, Stopping threads took: 0.0000310 seconds
2019-04-17T12:42:37.237-0500: 1719.067: Total time for which application threads were stopped: 0.0001925 seconds, Stopping threads took: 0.0000504 seconds
2019-04-17T12:42:37.329-0500: 1719.159: Total time for which application threads were stopped: 0.0003292 seconds, Stopping threads took: 0.0000950 seconds
2019-04-17T12:42:37.415-0500: 1719.248: Total time for which application threads were stopped: 0.0002225 seconds, Stopping threads took: 0.0000533 seconds
2019-04-17T12:42:38.419-0500: 1720.249: Total time for which application threads were stopped: 0.0002832 seconds, Stopping threads took: 0.0000921 seconds
2019-04-17T12:43:25.529-0500: 1767.359: Total time for which application threads were stopped: 0.0003491 seconds, Stopping threads took: 0.0000979 seconds
2019-04-17T12:43:32.552-0500: 1774.382: Total time for which application threads were stopped: 0.0002366 seconds, Stopping threads took: 0.0000528 seconds
2019-04-17T12:44:32.711-0500: 1834.540: Total time for which application threads were stopped: 0.0002158 seconds, Stopping threads took: 0.0000558 seconds
2019-04-17T12:44:33.713-0500: 1835.543: Total time for which application threads were stopped: 0.0002061 seconds, Stopping threads took: 0.0000572 seconds
2019-04-17T12:44:37.722-0500: 1839.551: Total time for which application threads were stopped: 0.0003520 seconds, Stopping threads took: 0.0000916 seconds
2019-04-17T12:45:33.879-0500: 1895.709: Total time for which application threads were stopped: 0.0002962 seconds, Stopping threads took: 0.0000858 seconds
2019-04-17T12:46:19.998-0500: 1941.828: Total time for which application threads were stopped: 0.0003675 seconds, Stopping threads took: 0.0000771 seconds
2019-04-17T12:47:34.153-0500: 2015.983: Total time for which application threads were stopped: 0.0002720 seconds, Stopping threads took: 0.0000640 seconds
2019-04-17T12:48:35.304-0500: 2077.134: Total time for which application threads were stopped: 0.0001450 seconds, Stopping threads took: 0.0000422 seconds
2019-04-17T12:49:35.470-0500: 2137.300: Total time for which application threads were stopped: 0.0003661 seconds, Stopping threads took: 0.0000945 seconds
2019-04-17T12:50:35.674-0500: 2197.504: Total time for which application threads were stopped: 0.0002264 seconds, Stopping threads took: 0.0000630 seconds
2019-04-17T12:50:36.683-0500: 2198.513: Total time for which application threads were stopped: 0.0004708 seconds, Stopping threads took: 0.0001222 seconds
2019-04-17T12:51:36.877-0500: 2258.707: Total time for which application threads were stopped: 0.0004611 seconds, Stopping threads took: 0.0001295 seconds
2019-04-17T12:51:49.942-0500: 2271.771: Total time for which application threads were stopped: 0.0004790 seconds, Stopping threads took: 0.0001246 seconds
2019-04-17T12:52:20.079-0500: 2301.908: Total time for which application threads were stopped: 0.0002904 seconds, Stopping threads took: 0.0000650 seconds
2019-04-17T12:52:37.123-0500: 2318.952: Total time for which application threads were stopped: 0.0003016 seconds, Stopping threads took: 0.0000815 seconds
2019-04-17T12:53:37.365-0500: 2379.194: Total time for which application threads were stopped: 0.0002657 seconds, Stopping threads took: 0.0000950 seconds
2019-04-17T12:54:38.545-0500: 2440.375: Total time for which application threads were stopped: 0.0003898 seconds, Stopping threads took: 0.0001299 seconds
2019-04-17T12:55:38.690-0500: 2500.520: Total time for which application threads were stopped: 0.0004945 seconds, Stopping threads took: 0.0001852 seconds
2019-04-17T12:56:39.859-0500: 2561.689: Total time for which application threads were stopped: 0.0001838 seconds, Stopping threads took: 0.0000582 seconds
2019-04-17T12:56:49.876-0500: 2571.706: Total time for which application threads were stopped: 0.0003505 seconds, Stopping threads took: 0.0001042 seconds
2019-04-17T12:57:40.015-0500: 2621.845: Total time for which application threads were stopped: 0.0001939 seconds, Stopping threads took: 0.0000572 seconds
2019-04-17T13:01:41.727-0500: 2863.557: Total time for which application threads were stopped: 0.0002356 seconds, Stopping threads took: 0.0000655 seconds
2019-04-17T13:02:42.006-0500: 2923.836: Total time for which application threads were stopped: 0.0002676 seconds, Stopping threads took: 0.0000742 seconds
2019-04-17T13:06:44.196-0500: 3166.026: Total time for which application threads were stopped: 0.0003888 seconds, Stopping threads took: 0.0001144 seconds
2019-04-17T13:07:20.345-0500: 3202.175: Total time for which application threads were stopped: 0.0002672 seconds, Stopping threads took: 0.0000912 seconds
2019-04-17T13:09:45.878-0500: 3347.708: Total time for which application threads were stopped: 0.0004053 seconds, Stopping threads took: 0.0001799 seconds
{Heap before GC invocations=18 (full 2):
 par new generation   total 109248K, used 109248K [0x00000000e0000000, 0x00000000e8000000, 0x00000000e8000000)
  eden space 87424K, 100% used [0x00000000e0000000, 0x00000000e5560000, 0x00000000e5560000)
  from space 21824K, 100% used [0x00000000e5560000, 0x00000000e6ab0000, 0x00000000e6ab0000)
  to   space 21824K,   0% used [0x00000000e6ab0000, 0x00000000e6ab0000, 0x00000000e8000000)
 concurrent mark-sweep generation total 393216K, used 18815K [0x00000000e8000000, 0x0000000100000000, 0x0000000100000000)
 Metaspace       used 43865K, capacity 45493K, committed 45536K, reserved 1089536K
  class space    used 5483K, capacity 5827K, committed 5856K, reserved 1048576K
2019-04-17T13:11:46.227-0500: 3468.057: [GC (Allocation Failure) 2019-04-17T13:11:46.227-0500: 3468.057: [ParNew
Desired survivor size 20112992 bytes, new threshold 8 (max 8)
- age   1:    3596992 bytes,    3596992 total
- age   2:     125816 bytes,    3722808 total
- age   3:    2953912 bytes,    6676720 total
- age   4:   12510856 bytes,   19187576 total
- age   5:     573192 bytes,   19760768 total
: 109248K->21824K(109248K), 0.0704140 secs] 128063K->41536K(502464K), 0.0706632 secs] [Times: user=0.16 sys=0.00, real=0.07 secs] 
Heap after GC invocations=19 (full 2):
 par new generation   total 109248K, used 21824K [0x00000000e0000000, 0x00000000e8000000, 0x00000000e8000000)
  eden space 87424K,   0% used [0x00000000e0000000, 0x00000000e0000000, 0x00000000e5560000)
  from space 21824K, 100% used [0x00000000e6ab0000, 0x00000000e8000000, 0x00000000e8000000)
  to   space 21824K,   0% used [0x00000000e5560000, 0x00000000e5560000, 0x00000000e6ab0000)
 concurrent mark-sweep generation total 393216K, used 19712K [0x00000000e8000000, 0x0000000100000000, 0x0000000100000000)
 Metaspace       used 43865K, capacity 45493K, committed 45536K, reserved 1089536K
  class space    used 5483K, capacity 5827K, committed 5856K, reserved 1048576K
}
2019-04-17T13:11:46.297-0500: 3468.128: Total time for which application threads were stopped: 0.0714501 seconds, Stopping threads took: 0.0001076 seconds
2019-04-17T13:11:46.298-0500: 3468.128: Total time for which application threads were stopped: 0.0003404 seconds, Stopping threads took: 0.0000902 seconds
2019-04-17T13:13:47.660-0500: 3589.490: Total time for which application threads were stopped: 0.0002497 seconds, Stopping threads took: 0.0000819 seconds
2019-04-17T13:14:19.824-0500: 3621.654: Total time for which application threads were stopped: 0.0003132 seconds, Stopping threads took: 0.0001217 seconds
2019-04-17T13:14:47.922-0500: 3649.751: Total time for which application threads were stopped: 0.0005236 seconds, Stopping threads took: 0.0001770 seconds
2019-04-17T13:14:48.924-0500: 3650.754: Total time for which application threads were stopped: 0.0001925 seconds, Stopping threads took: 0.0000577 seconds
2019-04-17T13:15:49.135-0500: 3710.965: Total time for which application threads were stopped: 0.0003418 seconds, Stopping threads took: 0.0001072 seconds
2019-04-17T13:16:49.333-0500: 3771.163: Total time for which application threads were stopped: 0.0003719 seconds, Stopping threads took: 0.0000960 seconds
2019-04-17T13:17:49.452-0500: 3831.282: Total time for which application threads were stopped: 0.0003457 seconds, Stopping threads took: 0.0001047 seconds
2019-04-17T13:17:50.452-0500: 3832.282: Total time for which application threads were stopped: 0.0003491 seconds, Stopping threads took: 0.0001115 seconds
2019-04-17T13:18:50.580-0500: 3892.410: Total time for which application threads were stopped: 0.0002468 seconds, Stopping threads took: 0.0000718 seconds
2019-04-17T13:19:50.751-0500: 3952.581: Total time for which application threads were stopped: 0.0003530 seconds, Stopping threads took: 0.0001328 seconds
2019-04-17T13:20:51.924-0500: 4013.754: Total time for which application threads were stopped: 0.0001896 seconds, Stopping threads took: 0.0000625 seconds
2019-04-17T13:21:51.295-0500: 4073.126: Total time for which application threads were stopped: 0.0010099 seconds, Stopping threads took: 0.0000984 seconds
2019-04-17T13:22:52.459-0500: 4134.289: Total time for which application threads were stopped: 0.0003413 seconds, Stopping threads took: 0.0000912 seconds
2019-04-17T13:23:52.631-0500: 4194.461: Total time for which application threads were stopped: 0.0002318 seconds, Stopping threads took: 0.0000562 seconds
2019-04-17T13:25:19.847-0500: 4281.677: Total time for which application threads were stopped: 0.0003302 seconds, Stopping threads took: 0.0001236 seconds
2019-04-17T13:29:55.874-0500: 4557.704: Total time for which application threads were stopped: 0.0002652 seconds, Stopping threads took: 0.0000815 seconds
2019-04-17T13:30:57.052-0500: 4618.882: Total time for which application threads were stopped: 0.0002996 seconds, Stopping threads took: 0.0000965 seconds
2019-04-17T13:33:20.397-0500: 4762.227: Total time for which application threads were stopped: 0.0004815 seconds, Stopping threads took: 0.0001338 seconds
2019-04-17T13:33:52.295-0500: 4794.126: Total time for which application threads were stopped: 0.0003971 seconds, Stopping threads took: 0.0000931 seconds
2019-04-17T13:33:52.295-0500: 4794.127: Total time for which application threads were stopped: 0.0002327 seconds, Stopping threads took: 0.0000548 seconds
2019-04-17T13:33:52.303-0500: 4794.133: Total time for which application threads were stopped: 0.0004752 seconds, Stopping threads took: 0.0001038 seconds
2019-04-17T13:33:52.305-0500: 4794.136: Total time for which application threads were stopped: 0.0003472 seconds, Stopping threads took: 0.0000795 seconds
2019-04-17T13:33:52.335-0500: 4794.164: Total time for which application threads were stopped: 0.0004015 seconds, Stopping threads took: 0.0000800 seconds
2019-04-17T13:33:52.337-0500: 4794.167: Total time for which application threads were stopped: 0.0005261 seconds, Stopping threads took: 0.0001648 seconds
2019-04-17T13:33:52.340-0500: 4794.173: Total time for which application threads were stopped: 0.0004519 seconds, Stopping threads took: 0.0001639 seconds
2019-04-17T13:33:52.356-0500: 4794.189: Total time for which application threads were stopped: 0.0003733 seconds, Stopping threads took: 0.0000897 seconds
2019-04-17T13:33:53.358-0500: 4795.188: Total time for which application threads were stopped: 0.0002861 seconds, Stopping threads took: 0.0000984 seconds
2019-04-17T13:33:58.377-0500: 4800.207: Total time for which application threads were stopped: 0.0002308 seconds, Stopping threads took: 0.0000810 seconds
2019-04-17T13:34:58.509-0500: 4860.339: Total time for which application threads were stopped: 0.0003593 seconds, Stopping threads took: 0.0000965 seconds
2019-04-17T13:35:20.565-0500: 4882.395: Total time for which application threads were stopped: 0.0003787 seconds, Stopping threads took: 0.0001154 seconds
2019-04-17T13:35:52.700-0500: 4914.530: Total time for which application threads were stopped: 0.0004044 seconds, Stopping threads took: 0.0001173 seconds
2019-04-17T13:35:58.715-0500: 4920.545: Total time for which application threads were stopped: 0.0003510 seconds, Stopping threads took: 0.0001047 seconds
2019-04-17T13:37:00.038-0500: 4981.868: Total time for which application threads were stopped: 0.0003326 seconds, Stopping threads took: 0.0000926 seconds
2019-04-17T13:38:00.341-0500: 5042.171: Total time for which application threads were stopped: 0.0003447 seconds, Stopping threads took: 0.0001295 seconds
2019-04-17T13:47:05.409-0500: 5587.239: Total time for which application threads were stopped: 0.0004242 seconds, Stopping threads took: 0.0001387 seconds
2019-04-17T13:48:04.595-0500: 5646.425: Total time for which application threads were stopped: 0.0003428 seconds, Stopping threads took: 0.0001290 seconds
2019-04-17T13:48:20.645-0500: 5662.474: Total time for which application threads were stopped: 0.0003098 seconds, Stopping threads took: 0.0000979 seconds
{Heap before GC invocations=19 (full 2):
 par new generation   total 109248K, used 109248K [0x00000000e0000000, 0x00000000e8000000, 0x00000000e8000000)
  eden space 87424K, 100% used [0x00000000e0000000, 0x00000000e5560000, 0x00000000e5560000)
  from space 21824K, 100% used [0x00000000e6ab0000, 0x00000000e8000000, 0x00000000e8000000)
  to   space 21824K,   0% used [0x00000000e5560000, 0x00000000e5560000, 0x00000000e6ab0000)
 concurrent mark-sweep generation total 393216K, used 19712K [0x00000000e8000000, 0x0000000100000000, 0x0000000100000000)
 Metaspace       used 44191K, capacity 45877K, committed 46048K, reserved 1089536K
  class space    used 5484K, capacity 5827K, committed 5856K, reserved 1048576K
2019-04-17T13:48:23.707-0500: 5665.537: [GC (Allocation Failure) 2019-04-17T13:48:23.707-0500: 5665.537: [ParNew
Desired survivor size 20112992 bytes, new threshold 8 (max 8)
- age   1:     265232 bytes,     265232 total
- age   2:    2867968 bytes,    3133200 total
- age   3:      63616 bytes,    3196816 total
- age   4:    2927352 bytes,    6124168 total
- age   5:   12411272 bytes,   18535440 total
- age   6:     573192 bytes,   19108632 total
: 109248K->21824K(109248K), 0.0763980 secs] 128960K->41667K(502464K), 0.0766642 secs] [Times: user=0.20 sys=0.11, real=0.08 secs] 
