Java HotSpot(TM) 64-Bit Server VM (25.181-b13) for windows-amd64 JRE (1.8.0_181-b13), built on Jul  7 2018 04:01:33 by "java_re" with MS VC++ 10.0 (VS2010)
Memory: 4k page, physical 16700332k(10657008k free), swap 19190700k(12033052k free)
CommandLine flags: -XX:CMSInitiatingOccupancyFraction=50 -XX:CMSMaxAbortablePrecleanTime=6000 -XX:+CMSParallelRemarkEnabled -XX:+CMSScavengeBeforeRemark -XX:ConcGCThreads=4 -XX:GCLogFileSize=20971520 -XX:InitialHeapSize=536870912 -XX:MaxHeapSize=536870912 -XX:MaxTenuringThreshold=8 -XX:NewRatio=3 -XX:NumberOfGCLogFiles=9 -XX:OldPLABSize=16 -XX:-OmitStackTraceInFastThrow -XX:OnOutOfMemoryError=C:/Personal/Spring2019/CSCE 470/channel-470/solr-8.0.0/bin/oom_solr.sh 8983 /c/Personal/Spring2019/CSCE 470/channel-470/solr-8.0.0/example/cloud/node1/solr/../logs -XX:ParallelGCThreads=4 -XX:+ParallelRefProcEnabled -XX:PretenureSizeThreshold=67108864 -XX:+PrintGC -XX:+PrintGCApplicationStoppedTime -XX:+PrintGCDateStamps -XX:+PrintGCDetails -XX:+PrintGCTimeStamps -XX:+PrintHeapAtGC -XX:+PrintTenuringDistribution -XX:SurvivorRatio=4 -XX:TargetSurvivorRatio=90 -XX:ThreadStackSize=256 -XX:+UseCMSInitiatingOccupancyOnly -XX:+UseCompressedClassPointers -XX:+UseCompressedOops -XX:+UseConcMarkSweepGC -XX:+UseGCLogFileRotation -XX:-UseLargePagesIndividualAllocation -XX:+UseParNewGC 
2019-04-16T11:37:26.330-0500: 0.261: Total time for which application threads were stopped: 0.0013755 seconds, Stopping threads took: 0.0000141 seconds
2019-04-16T11:37:27.339-0500: 1.262: Total time for which application threads were stopped: 0.0000882 seconds, Stopping threads took: 0.0000194 seconds
2019-04-16T11:37:28.077-0500: 2.006: Total time for which application threads were stopped: 0.0000907 seconds, Stopping threads took: 0.0000141 seconds
2019-04-16T11:37:29.077-0500: 3.000: Total time for which application threads were stopped: 0.0000495 seconds, Stopping threads took: 0.0000194 seconds
2019-04-16T11:37:29.617-0500: 3.545: Total time for which application threads were stopped: 0.0001057 seconds, Stopping threads took: 0.0000141 seconds
2019-04-16T11:37:29.698-0500: 3.623: Total time for which application threads were stopped: 0.0001367 seconds, Stopping threads took: 0.0000175 seconds
2019-04-16T11:37:29.945-0500: 3.877: Total time for which application threads were stopped: 0.0001629 seconds, Stopping threads took: 0.0000170 seconds
2019-04-16T11:37:30.165-0500: 4.092: Total time for which application threads were stopped: 0.0001673 seconds, Stopping threads took: 0.0000131 seconds
2019-04-16T11:37:30.165-0500: 4.097: Total time for which application threads were stopped: 0.0001193 seconds, Stopping threads took: 0.0000165 seconds
2019-04-16T11:37:30.205-0500: 4.128: Total time for which application threads were stopped: 0.0001862 seconds, Stopping threads took: 0.0000873 seconds
2019-04-16T11:37:30.225-0500: 4.153: Total time for which application threads were stopped: 0.0001581 seconds, Stopping threads took: 0.0000150 seconds
2019-04-16T11:37:31.225-0500: 5.149: Total time for which application threads were stopped: 0.0000592 seconds, Stopping threads took: 0.0000208 seconds
2019-04-16T11:37:32.230-0500: 6.153: Total time for which application threads were stopped: 0.0000630 seconds, Stopping threads took: 0.0000223 seconds
2019-04-16T11:37:33.233-0500: 7.156: Total time for which application threads were stopped: 0.0000577 seconds, Stopping threads took: 0.0000257 seconds
2019-04-16T11:37:35.244-0500: 9.168: Total time for which application threads were stopped: 0.0000688 seconds, Stopping threads took: 0.0000247 seconds
2019-04-16T11:37:36.252-0500: 10.175: Total time for which application threads were stopped: 0.0000650 seconds, Stopping threads took: 0.0000296 seconds
2019-04-16T11:37:37.261-0500: 11.185: Total time for which application threads were stopped: 0.0000713 seconds, Stopping threads took: 0.0000242 seconds
2019-04-16T11:37:38.268-0500: 12.192: Total time for which application threads were stopped: 0.0000601 seconds, Stopping threads took: 0.0000247 seconds
2019-04-16T11:37:39.270-0500: 13.193: Total time for which application threads were stopped: 0.0003273 seconds, Stopping threads took: 0.0000519 seconds
2019-04-16T11:37:39.320-0500: 13.251: Total time for which application threads were stopped: 0.0000907 seconds, Stopping threads took: 0.0000218 seconds
2019-04-16T11:37:39.330-0500: 13.262: Total time for which application threads were stopped: 0.0001998 seconds, Stopping threads took: 0.0000170 seconds
{Heap before GC invocations=0 (full 0):
 par new generation   total 109248K, used 87424K [0x00000000e0000000, 0x00000000e8000000, 0x00000000e8000000)
  eden space 87424K, 100% used [0x00000000e0000000, 0x00000000e5560000, 0x00000000e5560000)
  from space 21824K,   0% used [0x00000000e5560000, 0x00000000e5560000, 0x00000000e6ab0000)
  to   space 21824K,   0% used [0x00000000e6ab0000, 0x00000000e6ab0000, 0x00000000e8000000)
 concurrent mark-sweep generation total 393216K, used 0K [0x00000000e8000000, 0x0000000100000000, 0x0000000100000000)
 Metaspace       used 15475K, capacity 15814K, committed 16128K, reserved 1062912K
  class space    used 1878K, capacity 1994K, committed 2048K, reserved 1048576K
2019-04-16T11:37:39.370-0500: 13.299: [GC (Allocation Failure) 2019-04-16T11:37:39.370-0500: 13.299: [ParNew
Desired survivor size 20112992 bytes, new threshold 8 (max 8)
- age   1:   11026240 bytes,   11026240 total
: 87424K->10876K(109248K), 0.0106754 secs] 87424K->10876K(502464K), 0.0107302 secs] [Times: user=0.00 sys=0.00, real=0.01 secs] 
Heap after GC invocations=1 (full 0):
 par new generation   total 109248K, used 10876K [0x00000000e0000000, 0x00000000e8000000, 0x00000000e8000000)
  eden space 87424K,   0% used [0x00000000e0000000, 0x00000000e0000000, 0x00000000e5560000)
  from space 21824K,  49% used [0x00000000e6ab0000, 0x00000000e754f390, 0x00000000e8000000)
  to   space 21824K,   0% used [0x00000000e5560000, 0x00000000e5560000, 0x00000000e6ab0000)
 concurrent mark-sweep generation total 393216K, used 0K [0x00000000e8000000, 0x0000000100000000, 0x0000000100000000)
 Metaspace       used 15475K, capacity 15814K, committed 16128K, reserved 1062912K
  class space    used 1878K, capacity 1994K, committed 2048K, reserved 1048576K
}
2019-04-16T11:37:39.380-0500: 13.310: Total time for which application threads were stopped: 0.0108708 seconds, Stopping threads took: 0.0000194 seconds
2019-04-16T11:37:39.380-0500: 13.311: Total time for which application threads were stopped: 0.0002434 seconds, Stopping threads took: 0.0001842 seconds
2019-04-16T11:37:39.380-0500: 13.312: Total time for which application threads were stopped: 0.0002192 seconds, Stopping threads took: 0.0001760 seconds
2019-04-16T11:37:39.390-0500: 13.314: Total time for which application threads were stopped: 0.0001072 seconds, Stopping threads took: 0.0000441 seconds
2019-04-16T11:37:39.390-0500: 13.314: Total time for which application threads were stopped: 0.0000965 seconds, Stopping threads took: 0.0000441 seconds
2019-04-16T11:37:39.390-0500: 13.314: Total time for which application threads were stopped: 0.0002143 seconds, Stopping threads took: 0.0001488 seconds
2019-04-16T11:37:39.390-0500: 13.315: Total time for which application threads were stopped: 0.0002657 seconds, Stopping threads took: 0.0001639 seconds
2019-04-16T11:37:39.390-0500: 13.315: Total time for which application threads were stopped: 0.0000868 seconds, Stopping threads took: 0.0000368 seconds
2019-04-16T11:37:39.390-0500: 13.315: Total time for which application threads were stopped: 0.0000621 seconds, Stopping threads took: 0.0000155 seconds
2019-04-16T11:37:39.390-0500: 13.315: Total time for which application threads were stopped: 0.0001018 seconds, Stopping threads took: 0.0000233 seconds
2019-04-16T11:37:39.390-0500: 13.316: Total time for which application threads were stopped: 0.0002555 seconds, Stopping threads took: 0.0001959 seconds
2019-04-16T11:37:39.390-0500: 13.316: Total time for which application threads were stopped: 0.0007888 seconds, Stopping threads took: 0.0007292 seconds
2019-04-16T11:37:39.390-0500: 13.317: Total time for which application threads were stopped: 0.0000674 seconds, Stopping threads took: 0.0000276 seconds
2019-04-16T11:37:39.390-0500: 13.317: Total time for which application threads were stopped: 0.0000567 seconds, Stopping threads took: 0.0000155 seconds
2019-04-16T11:37:39.390-0500: 13.317: Total time for which application threads were stopped: 0.0000669 seconds, Stopping threads took: 0.0000150 seconds
2019-04-16T11:37:39.390-0500: 13.317: Total time for which application threads were stopped: 0.0000616 seconds, Stopping threads took: 0.0000155 seconds
2019-04-16T11:37:39.390-0500: 13.317: Total time for which application threads were stopped: 0.0000630 seconds, Stopping threads took: 0.0000184 seconds
2019-04-16T11:37:39.390-0500: 13.317: Total time for which application threads were stopped: 0.0000844 seconds, Stopping threads took: 0.0000393 seconds
2019-04-16T11:37:39.390-0500: 13.318: Total time for which application threads were stopped: 0.0000669 seconds, Stopping threads took: 0.0000150 seconds
2019-04-16T11:37:39.390-0500: 13.318: Total time for which application threads were stopped: 0.0000756 seconds, Stopping threads took: 0.0000267 seconds
2019-04-16T11:37:39.390-0500: 13.318: Total time for which application threads were stopped: 0.0001285 seconds, Stopping threads took: 0.0000150 seconds
2019-04-16T11:37:40.072-0500: 13.995: Total time for which application threads were stopped: 0.0003830 seconds, Stopping threads took: 0.0000276 seconds
2019-04-16T11:37:40.082-0500: 14.006: Total time for which application threads were stopped: 0.0004058 seconds, Stopping threads took: 0.0000354 seconds
2019-04-16T11:37:40.082-0500: 14.007: Total time for which application threads were stopped: 0.0002376 seconds, Stopping threads took: 0.0000194 seconds
2019-04-16T11:37:40.082-0500: 14.013: Total time for which application threads were stopped: 0.0002759 seconds, Stopping threads took: 0.0000228 seconds
2019-04-16T11:37:40.102-0500: 14.028: Total time for which application threads were stopped: 0.0000941 seconds, Stopping threads took: 0.0000194 seconds
2019-04-16T11:37:40.122-0500: 14.054: Total time for which application threads were stopped: 0.0002187 seconds, Stopping threads took: 0.0000160 seconds
2019-04-16T11:37:40.192-0500: 14.120: Total time for which application threads were stopped: 0.0000718 seconds, Stopping threads took: 0.0000150 seconds
2019-04-16T11:37:40.192-0500: 14.120: Total time for which application threads were stopped: 0.0000485 seconds, Stopping threads took: 0.0000097 seconds
2019-04-16T11:37:40.192-0500: 14.120: Total time for which application threads were stopped: 0.0000446 seconds, Stopping threads took: 0.0000097 seconds
2019-04-16T11:37:40.192-0500: 14.121: Total time for which application threads were stopped: 0.0000446 seconds, Stopping threads took: 0.0000092 seconds
2019-04-16T11:37:40.192-0500: 14.121: Total time for which application threads were stopped: 0.0000446 seconds, Stopping threads took: 0.0000092 seconds
2019-04-16T11:37:40.192-0500: 14.121: Total time for which application threads were stopped: 0.0000441 seconds, Stopping threads took: 0.0000092 seconds
2019-04-16T11:37:40.192-0500: 14.121: Total time for which application threads were stopped: 0.0000451 seconds, Stopping threads took: 0.0000097 seconds
2019-04-16T11:37:40.192-0500: 14.121: Total time for which application threads were stopped: 0.0000446 seconds, Stopping threads took: 0.0000092 seconds
2019-04-16T11:37:40.192-0500: 14.121: Total time for which application threads were stopped: 0.0000446 seconds, Stopping threads took: 0.0000092 seconds
2019-04-16T11:37:40.192-0500: 14.121: Total time for which application threads were stopped: 0.0000446 seconds, Stopping threads took: 0.0000092 seconds
2019-04-16T11:37:40.192-0500: 14.122: Total time for which application threads were stopped: 0.0000446 seconds, Stopping threads took: 0.0000092 seconds
2019-04-16T11:37:40.192-0500: 14.122: Total time for which application threads were stopped: 0.0000446 seconds, Stopping threads took: 0.0000092 seconds
2019-04-16T11:37:40.192-0500: 14.122: Total time for which application threads were stopped: 0.0000650 seconds, Stopping threads took: 0.0000301 seconds
2019-04-16T11:37:40.192-0500: 14.122: Total time for which application threads were stopped: 0.0000451 seconds, Stopping threads took: 0.0000097 seconds
2019-04-16T11:37:40.192-0500: 14.122: Total time for which application threads were stopped: 0.0000446 seconds, Stopping threads took: 0.0000092 seconds
2019-04-16T11:37:40.192-0500: 14.122: Total time for which application threads were stopped: 0.0000446 seconds, Stopping threads took: 0.0000092 seconds
2019-04-16T11:37:40.192-0500: 14.122: Total time for which application threads were stopped: 0.0000446 seconds, Stopping threads took: 0.0000092 seconds
2019-04-16T11:37:40.192-0500: 14.123: Total time for which application threads were stopped: 0.0000451 seconds, Stopping threads took: 0.0000097 seconds
2019-04-16T11:37:40.192-0500: 14.123: Total time for which application threads were stopped: 0.0000412 seconds, Stopping threads took: 0.0000082 seconds
2019-04-16T11:37:40.192-0500: 14.123: Total time for which application threads were stopped: 0.0000407 seconds, Stopping threads took: 0.0000082 seconds
2019-04-16T11:37:40.192-0500: 14.123: Total time for which application threads were stopped: 0.0000800 seconds, Stopping threads took: 0.0000078 seconds
2019-04-16T11:37:40.192-0500: 14.124: Total time for which application threads were stopped: 0.0003922 seconds, Stopping threads took: 0.0003501 seconds
2019-04-16T11:37:40.192-0500: 14.124: Total time for which application threads were stopped: 0.0000553 seconds, Stopping threads took: 0.0000131 seconds
2019-04-16T11:37:40.192-0500: 14.124: Total time for which application threads were stopped: 0.0000655 seconds, Stopping threads took: 0.0000286 seconds
2019-04-16T11:37:40.192-0500: 14.124: Total time for which application threads were stopped: 0.0000718 seconds, Stopping threads took: 0.0000359 seconds
2019-04-16T11:37:40.192-0500: 14.125: Total time for which application threads were stopped: 0.0001358 seconds, Stopping threads took: 0.0000979 seconds
2019-04-16T11:37:40.192-0500: 14.125: Total time for which application threads were stopped: 0.0000582 seconds, Stopping threads took: 0.0000238 seconds
2019-04-16T11:37:40.192-0500: 14.125: Total time for which application threads were stopped: 0.0000596 seconds, Stopping threads took: 0.0000257 seconds
2019-04-16T11:37:40.192-0500: 14.125: Total time for which application threads were stopped: 0.0000587 seconds, Stopping threads took: 0.0000242 seconds
2019-04-16T11:37:40.202-0500: 14.126: Total time for which application threads were stopped: 0.0000592 seconds, Stopping threads took: 0.0000242 seconds
2019-04-16T11:37:40.202-0500: 14.126: Total time for which application threads were stopped: 0.0000562 seconds, Stopping threads took: 0.0000252 seconds
2019-04-16T11:37:40.202-0500: 14.127: Total time for which application threads were stopped: 0.0001488 seconds, Stopping threads took: 0.0001081 seconds
2019-04-16T11:37:40.202-0500: 14.127: Total time for which application threads were stopped: 0.0000480 seconds, Stopping threads took: 0.0000276 seconds
2019-04-16T11:37:40.202-0500: 14.127: Total time for which application threads were stopped: 0.0001556 seconds, Stopping threads took: 0.0001173 seconds
2019-04-16T11:37:40.202-0500: 14.127: Total time for which application threads were stopped: 0.0000490 seconds, Stopping threads took: 0.0000286 seconds
2019-04-16T11:37:40.202-0500: 14.128: Total time for which application threads were stopped: 0.0000805 seconds, Stopping threads took: 0.0000461 seconds
2019-04-16T11:37:40.202-0500: 14.128: Total time for which application threads were stopped: 0.0001556 seconds, Stopping threads took: 0.0001173 seconds
2019-04-16T11:37:40.202-0500: 14.128: Total time for which application threads were stopped: 0.0000470 seconds, Stopping threads took: 0.0000272 seconds
2019-04-16T11:37:40.202-0500: 14.128: Total time for which application threads were stopped: 0.0000480 seconds, Stopping threads took: 0.0000276 seconds
2019-04-16T11:37:40.202-0500: 14.128: Total time for which application threads were stopped: 0.0000524 seconds, Stopping threads took: 0.0000131 seconds
2019-04-16T11:37:40.202-0500: 14.129: Total time for which application threads were stopped: 0.0001508 seconds, Stopping threads took: 0.0001125 seconds
2019-04-16T11:37:40.202-0500: 14.129: Total time for which application threads were stopped: 0.0001673 seconds, Stopping threads took: 0.0001290 seconds
2019-04-16T11:37:40.202-0500: 14.129: Total time for which application threads were stopped: 0.0000461 seconds, Stopping threads took: 0.0000257 seconds
2019-04-16T11:37:40.202-0500: 14.129: Total time for which application threads were stopped: 0.0000441 seconds, Stopping threads took: 0.0000252 seconds
2019-04-16T11:37:40.202-0500: 14.129: Total time for which application threads were stopped: 0.0000446 seconds, Stopping threads took: 0.0000092 seconds
2019-04-16T11:37:40.202-0500: 14.129: Total time for which application threads were stopped: 0.0000281 seconds, Stopping threads took: 0.0000087 seconds
2019-04-16T11:37:40.202-0500: 14.129: Total time for which application threads were stopped: 0.0000281 seconds, Stopping threads took: 0.0000087 seconds
2019-04-16T11:37:40.202-0500: 14.130: Total time for which application threads were stopped: 0.0000281 seconds, Stopping threads took: 0.0000087 seconds
2019-04-16T11:37:40.202-0500: 14.130: Total time for which application threads were stopped: 0.0000281 seconds, Stopping threads took: 0.0000087 seconds
2019-04-16T11:37:40.202-0500: 14.130: Total time for which application threads were stopped: 0.0000286 seconds, Stopping threads took: 0.0000087 seconds
2019-04-16T11:37:40.202-0500: 14.130: Total time for which application threads were stopped: 0.0000902 seconds, Stopping threads took: 0.0000082 seconds
2019-04-16T11:37:40.212-0500: 14.136: Total time for which application threads were stopped: 0.0000528 seconds, Stopping threads took: 0.0000170 seconds
2019-04-16T11:37:40.222-0500: 14.154: Total time for which application threads were stopped: 0.0000562 seconds, Stopping threads took: 0.0000145 seconds
2019-04-16T11:37:40.252-0500: 14.181: Total time for which application threads were stopped: 0.0001067 seconds, Stopping threads took: 0.0000228 seconds
2019-04-16T11:37:40.262-0500: 14.192: Total time for which application threads were stopped: 0.0001149 seconds, Stopping threads took: 0.0000373 seconds
2019-04-16T11:37:40.352-0500: 14.284: Total time for which application threads were stopped: 0.0002982 seconds, Stopping threads took: 0.0000175 seconds
2019-04-16T11:37:40.372-0500: 14.299: Total time for which application threads were stopped: 0.0000572 seconds, Stopping threads took: 0.0000165 seconds
2019-04-16T11:37:40.422-0500: 14.351: Total time for which application threads were stopped: 0.0000698 seconds, Stopping threads took: 0.0000204 seconds
2019-04-16T11:37:40.442-0500: 14.375: Total time for which application threads were stopped: 0.0000601 seconds, Stopping threads took: 0.0000155 seconds
2019-04-16T11:37:40.472-0500: 14.403: Total time for which application threads were stopped: 0.0000645 seconds, Stopping threads took: 0.0000242 seconds
2019-04-16T11:37:40.482-0500: 14.407: Total time for which application threads were stopped: 0.0001784 seconds, Stopping threads took: 0.0001164 seconds
2019-04-16T11:37:40.492-0500: 14.419: Total time for which application threads were stopped: 0.0000955 seconds, Stopping threads took: 0.0000291 seconds
2019-04-16T11:37:40.492-0500: 14.423: Total time for which application threads were stopped: 0.0000858 seconds, Stopping threads took: 0.0000208 seconds
{Heap before GC invocations=1 (full 0):
 par new generation   total 109248K, used 98300K [0x00000000e0000000, 0x00000000e8000000, 0x00000000e8000000)
  eden space 87424K, 100% used [0x00000000e0000000, 0x00000000e5560000, 0x00000000e5560000)
  from space 21824K,  49% used [0x00000000e6ab0000, 0x00000000e754f390, 0x00000000e8000000)
  to   space 21824K,   0% used [0x00000000e5560000, 0x00000000e5560000, 0x00000000e6ab0000)
 concurrent mark-sweep generation total 393216K, used 0K [0x00000000e8000000, 0x0000000100000000, 0x0000000100000000)
 Metaspace       used 22687K, capacity 23220K, committed 23448K, reserved 1069056K
  class space    used 2766K, capacity 2938K, committed 2968K, reserved 1048576K
2019-04-16T11:37:40.502-0500: 14.431: [GC (Allocation Failure) 2019-04-16T11:37:40.502-0500: 14.431: [ParNew
Desired survivor size 20112992 bytes, new threshold 8 (max 8)
- age   1:    6389264 bytes,    6389264 total
- age   2:    4977856 bytes,   11367120 total
: 98300K->14314K(109248K), 0.0088587 secs] 98300K->14314K(502464K), 0.0089227 secs] [Times: user=0.08 sys=0.00, real=0.01 secs] 
Heap after GC invocations=2 (full 0):
 par new generation   total 109248K, used 14314K [0x00000000e0000000, 0x00000000e8000000, 0x00000000e8000000)
  eden space 87424K,   0% used [0x00000000e0000000, 0x00000000e0000000, 0x00000000e5560000)
  from space 21824K,  65% used [0x00000000e5560000, 0x00000000e635abb0, 0x00000000e6ab0000)
  to   space 21824K,   0% used [0x00000000e6ab0000, 0x00000000e6ab0000, 0x00000000e8000000)
 concurrent mark-sweep generation total 393216K, used 0K [0x00000000e8000000, 0x0000000100000000, 0x0000000100000000)
 Metaspace       used 22687K, capacity 23220K, committed 23448K, reserved 1069056K
  class space    used 2766K, capacity 2938K, committed 2968K, reserved 1048576K
}
2019-04-16T11:37:40.512-0500: 14.440: Total time for which application threads were stopped: 0.0090652 seconds, Stopping threads took: 0.0000242 seconds
2019-04-16T11:37:40.512-0500: 14.440: [GC (CMS Initial Mark) [1 CMS-initial-mark: 0K(393216K)] 16007K(502464K), 0.0015690 secs] [Times: user=0.00 sys=0.00, real=0.00 secs] 
2019-04-16T11:37:40.512-0500: 14.442: Total time for which application threads were stopped: 0.0016698 seconds, Stopping threads took: 0.0000436 seconds
2019-04-16T11:37:40.512-0500: 14.442: [CMS-concurrent-mark-start]
2019-04-16T11:37:40.512-0500: 14.442: [CMS-concurrent-mark: 0.000/0.000 secs] [Times: user=0.00 sys=0.00, real=0.00 secs] 
2019-04-16T11:37:40.512-0500: 14.442: [CMS-concurrent-preclean-start]
2019-04-16T11:37:40.512-0500: 14.443: [CMS-concurrent-preclean: 0.001/0.001 secs] [Times: user=0.00 sys=0.00, real=0.00 secs] 
2019-04-16T11:37:40.512-0500: 14.443: Total time for which application threads were stopped: 0.0000790 seconds, Stopping threads took: 0.0000184 seconds
2019-04-16T11:37:40.512-0500: 14.443: [GC (CMS Final Remark) [YG occupancy: 16007 K (109248 K)]{Heap before GC invocations=2 (full 1):
 par new generation   total 109248K, used 16007K [0x00000000e0000000, 0x00000000e8000000, 0x00000000e8000000)
  eden space 87424K,   1% used [0x00000000e0000000, 0x00000000e01a7288, 0x00000000e5560000)
  from space 21824K,  65% used [0x00000000e5560000, 0x00000000e635abb0, 0x00000000e6ab0000)
  to   space 21824K,   0% used [0x00000000e6ab0000, 0x00000000e6ab0000, 0x00000000e8000000)
 concurrent mark-sweep generation total 393216K, used 0K [0x00000000e8000000, 0x0000000100000000, 0x0000000100000000)
 Metaspace       used 22690K, capacity 23220K, committed 23448K, reserved 1069056K
  class space    used 2767K, capacity 2938K, committed 2968K, reserved 1048576K
2019-04-16T11:37:40.512-0500: 14.443: [GC (CMS Final Remark) 2019-04-16T11:37:40.512-0500: 14.443: [ParNew
Desired survivor size 20112992 bytes, new threshold 8 (max 8)
- age   1:       4128 bytes,       4128 total
- age   2:    4972872 bytes,    4977000 total
- age   3:    4978000 bytes,    9955000 total
: 16007K->12944K(109248K), 0.0071210 secs] 16007K->12944K(502464K), 0.0071598 secs] [Times: user=0.06 sys=0.00, real=0.01 secs] 
Heap after GC invocations=3 (full 1):
 par new generation   total 109248K, used 12944K [0x00000000e0000000, 0x00000000e8000000, 0x00000000e8000000)
  eden space 87424K,   0% used [0x00000000e0000000, 0x00000000e0000000, 0x00000000e5560000)
  from space 21824K,  59% used [0x00000000e6ab0000, 0x00000000e7754028, 0x00000000e8000000)
  to   space 21824K,   0% used [0x00000000e5560000, 0x00000000e5560000, 0x00000000e6ab0000)
 concurrent mark-sweep generation total 393216K, used 0K [0x00000000e8000000, 0x0000000100000000, 0x0000000100000000)
 Metaspace       used 22690K, capacity 23220K, committed 23448K, reserved 1069056K
  class space    used 2767K, capacity 2938K, committed 2968K, reserved 1048576K
}
2019-04-16T11:37:40.522-0500: 14.450: [Rescan (parallel) , 0.0014012 secs]2019-04-16T11:37:40.522-0500: 14.452: [weak refs processing, 0.0012815 secs]2019-04-16T11:37:40.522-0500: 14.453: [class unloading, 0.0021518 secs]2019-04-16T11:37:40.522-0500: 14.455: [scrub symbol table, 0.0020228 secs]2019-04-16T11:37:40.532-0500: 14.457: [scrub string table, 0.0002095 secs][1 CMS-remark: 0K(393216K)] 12944K(502464K), 0.0150526 secs] [Times: user=0.06 sys=0.00, real=0.02 secs] 
2019-04-16T11:37:40.532-0500: 14.458: Total time for which application threads were stopped: 0.0151656 seconds, Stopping threads took: 0.0000339 seconds
2019-04-16T11:37:40.532-0500: 14.458: Total time for which application threads were stopped: 0.0000945 seconds, Stopping threads took: 0.0000383 seconds
2019-04-16T11:37:40.532-0500: 14.458: [CMS-concurrent-sweep-start]
2019-04-16T11:37:40.532-0500: 14.458: [CMS-concurrent-sweep: 0.000/0.000 secs] [Times: user=0.00 sys=0.00, real=0.00 secs] 
2019-04-16T11:37:40.532-0500: 14.458: [CMS-concurrent-reset-start]
2019-04-16T11:37:40.532-0500: 14.459: Total time for which application threads were stopped: 0.0001144 seconds, Stopping threads took: 0.0000436 seconds
2019-04-16T11:37:40.532-0500: 14.460: Total time for which application threads were stopped: 0.0002909 seconds, Stopping threads took: 0.0002133 seconds
2019-04-16T11:37:40.532-0500: 14.461: Total time for which application threads were stopped: 0.0000708 seconds, Stopping threads took: 0.0000160 seconds
2019-04-16T11:37:40.532-0500: 14.461: Total time for which application threads were stopped: 0.0001619 seconds, Stopping threads took: 0.0001101 seconds
2019-04-16T11:37:40.532-0500: 14.462: Total time for which application threads were stopped: 0.0000945 seconds, Stopping threads took: 0.0000145 seconds
2019-04-16T11:37:40.532-0500: 14.462: [CMS-concurrent-reset: 0.002/0.004 secs] [Times: user=0.00 sys=0.00, real=0.00 secs] 
2019-04-16T11:37:40.532-0500: 14.462: Total time for which application threads were stopped: 0.0000994 seconds, Stopping threads took: 0.0000349 seconds
2019-04-16T11:37:40.582-0500: 14.507: Total time for which application threads were stopped: 0.0000926 seconds, Stopping threads took: 0.0000150 seconds
2019-04-16T11:37:40.602-0500: 14.535: Total time for which application threads were stopped: 0.0001678 seconds, Stopping threads took: 0.0000975 seconds
2019-04-16T11:37:40.612-0500: 14.535: Total time for which application threads were stopped: 0.0000655 seconds, Stopping threads took: 0.0000204 seconds
2019-04-16T11:37:40.612-0500: 14.535: Total time for which application threads were stopped: 0.0000504 seconds, Stopping threads took: 0.0000184 seconds
2019-04-16T11:37:40.612-0500: 14.536: Total time for which application threads were stopped: 0.0001595 seconds, Stopping threads took: 0.0001168 seconds
2019-04-16T11:37:40.612-0500: 14.537: Total time for which application threads were stopped: 0.0000567 seconds, Stopping threads took: 0.0000131 seconds
2019-04-16T11:37:40.612-0500: 14.538: Total time for which application threads were stopped: 0.0000538 seconds, Stopping threads took: 0.0000131 seconds
2019-04-16T11:37:40.612-0500: 14.538: Total time for which application threads were stopped: 0.0000436 seconds, Stopping threads took: 0.0000126 seconds
2019-04-16T11:37:40.612-0500: 14.538: Total time for which application threads were stopped: 0.0000422 seconds, Stopping threads took: 0.0000116 seconds
2019-04-16T11:37:40.612-0500: 14.539: Total time for which application threads were stopped: 0.0000485 seconds, Stopping threads took: 0.0000126 seconds
2019-04-16T11:37:40.612-0500: 14.542: Total time for which application threads were stopped: 0.0000819 seconds, Stopping threads took: 0.0000335 seconds
2019-04-16T11:37:40.612-0500: 14.543: Total time for which application threads were stopped: 0.0000693 seconds, Stopping threads took: 0.0000141 seconds
2019-04-16T11:37:40.612-0500: 14.544: Total time for which application threads were stopped: 0.0000528 seconds, Stopping threads took: 0.0000136 seconds
2019-04-16T11:37:40.612-0500: 14.545: Total time for which application threads were stopped: 0.0002284 seconds, Stopping threads took: 0.0000121 seconds
2019-04-16T11:37:40.622-0500: 14.545: Total time for which application threads were stopped: 0.0001042 seconds, Stopping threads took: 0.0000175 seconds
2019-04-16T11:37:40.622-0500: 14.546: Total time for which application threads were stopped: 0.0000790 seconds, Stopping threads took: 0.0000145 seconds
2019-04-16T11:37:40.622-0500: 14.546: Total time for which application threads were stopped: 0.0000475 seconds, Stopping threads took: 0.0000121 seconds
2019-04-16T11:37:40.622-0500: 14.546: Total time for which application threads were stopped: 0.0000461 seconds, Stopping threads took: 0.0000116 seconds
2019-04-16T11:37:40.622-0500: 14.546: Total time for which application threads were stopped: 0.0000446 seconds, Stopping threads took: 0.0000112 seconds
2019-04-16T11:37:40.622-0500: 14.547: Total time for which application threads were stopped: 0.0000514 seconds, Stopping threads took: 0.0000199 seconds
2019-04-16T11:37:40.622-0500: 14.547: Total time for which application threads were stopped: 0.0000432 seconds, Stopping threads took: 0.0000116 seconds
2019-04-16T11:37:40.622-0500: 14.547: Total time for which application threads were stopped: 0.0000495 seconds, Stopping threads took: 0.0000116 seconds
2019-04-16T11:37:40.622-0500: 14.547: Total time for which application threads were stopped: 0.0000499 seconds, Stopping threads took: 0.0000126 seconds
2019-04-16T11:37:40.622-0500: 14.547: Total time for which application threads were stopped: 0.0001178 seconds, Stopping threads took: 0.0000276 seconds
2019-04-16T11:37:40.642-0500: 14.568: Total time for which application threads were stopped: 0.0000936 seconds, Stopping threads took: 0.0000388 seconds
2019-04-16T11:37:40.642-0500: 14.569: Total time for which application threads were stopped: 0.0000645 seconds, Stopping threads took: 0.0000160 seconds
2019-04-16T11:37:40.652-0500: 14.575: Total time for which application threads were stopped: 0.0001328 seconds, Stopping threads took: 0.0000262 seconds
2019-04-16T11:37:40.652-0500: 14.576: Total time for which application threads were stopped: 0.0006497 seconds, Stopping threads took: 0.0005537 seconds
2019-04-16T11:37:40.652-0500: 14.579: Total time for which application threads were stopped: 0.0000815 seconds, Stopping threads took: 0.0000257 seconds
2019-04-16T11:37:40.789-0500: 14.720: Total time for which application threads were stopped: 0.0001585 seconds, Stopping threads took: 0.0000213 seconds
2019-04-16T11:37:40.789-0500: 14.720: Total time for which application threads were stopped: 0.0000383 seconds, Stopping threads took: 0.0000112 seconds
2019-04-16T11:37:40.789-0500: 14.721: Total time for which application threads were stopped: 0.0000373 seconds, Stopping threads took: 0.0000112 seconds
2019-04-16T11:37:40.789-0500: 14.721: Total time for which application threads were stopped: 0.0000320 seconds, Stopping threads took: 0.0000097 seconds
2019-04-16T11:37:40.789-0500: 14.722: Total time for which application threads were stopped: 0.0002604 seconds, Stopping threads took: 0.0002250 seconds
2019-04-16T11:37:40.809-0500: 14.734: Total time for which application threads were stopped: 0.0001096 seconds, Stopping threads took: 0.0000422 seconds
2019-04-16T11:37:41.110-0500: 15.035: Total time for which application threads were stopped: 0.0000844 seconds, Stopping threads took: 0.0000184 seconds
2019-04-16T11:37:41.110-0500: 15.037: Total time for which application threads were stopped: 0.0000407 seconds, Stopping threads took: 0.0000112 seconds
2019-04-16T11:37:41.110-0500: 15.038: Total time for which application threads were stopped: 0.0000315 seconds, Stopping threads took: 0.0000097 seconds
2019-04-16T11:37:41.120-0500: 15.044: Total time for which application threads were stopped: 0.0000417 seconds, Stopping threads took: 0.0000112 seconds
2019-04-16T11:37:41.120-0500: 15.044: Total time for which application threads were stopped: 0.0000344 seconds, Stopping threads took: 0.0000102 seconds
2019-04-16T11:37:41.120-0500: 15.045: Total time for which application threads were stopped: 0.0000344 seconds, Stopping threads took: 0.0000102 seconds
2019-04-16T11:37:41.133-0500: 15.058: Total time for which application threads were stopped: 0.0000562 seconds, Stopping threads took: 0.0000189 seconds
2019-04-16T11:37:41.133-0500: 15.059: Total time for which application threads were stopped: 0.0000543 seconds, Stopping threads took: 0.0000121 seconds
2019-04-16T11:37:41.133-0500: 15.060: Total time for which application threads were stopped: 0.0000553 seconds, Stopping threads took: 0.0000107 seconds
2019-04-16T11:37:41.137-0500: 15.062: Total time for which application threads were stopped: 0.0001028 seconds, Stopping threads took: 0.0000165 seconds
2019-04-16T11:37:41.137-0500: 15.062: Total time for which application threads were stopped: 0.0000359 seconds, Stopping threads took: 0.0000107 seconds
2019-04-16T11:37:41.149-0500: 15.074: Total time for which application threads were stopped: 0.0000742 seconds, Stopping threads took: 0.0000184 seconds
2019-04-16T11:37:41.149-0500: 15.074: Total time for which application threads were stopped: 0.0000490 seconds, Stopping threads took: 0.0000107 seconds
2019-04-16T11:37:41.149-0500: 15.076: Total time for which application threads were stopped: 0.0000368 seconds, Stopping threads took: 0.0000112 seconds
2019-04-16T11:37:41.149-0500: 15.076: Total time for which application threads were stopped: 0.0000291 seconds, Stopping threads took: 0.0000082 seconds
2019-04-16T11:37:41.153-0500: 15.077: Total time for which application threads were stopped: 0.0000640 seconds, Stopping threads took: 0.0000179 seconds
2019-04-16T11:37:41.153-0500: 15.077: Total time for which application threads were stopped: 0.0001188 seconds, Stopping threads took: 0.0000625 seconds
2019-04-16T11:37:41.153-0500: 15.078: Total time for which application threads were stopped: 0.0002027 seconds, Stopping threads took: 0.0001639 seconds
2019-04-16T11:37:41.153-0500: 15.078: Total time for which application threads were stopped: 0.0000582 seconds, Stopping threads took: 0.0000131 seconds
2019-04-16T11:37:41.153-0500: 15.079: Total time for which application threads were stopped: 0.0004616 seconds, Stopping threads took: 0.0004145 seconds
2019-04-16T11:37:41.157-0500: 15.082: Total time for which application threads were stopped: 0.0000596 seconds, Stopping threads took: 0.0000179 seconds
2019-04-16T11:37:41.166-0500: 15.089: Total time for which application threads were stopped: 0.0000621 seconds, Stopping threads took: 0.0000194 seconds
2019-04-16T11:37:41.166-0500: 15.090: Total time for which application threads were stopped: 0.0000407 seconds, Stopping threads took: 0.0000126 seconds
2019-04-16T11:37:41.166-0500: 15.091: Total time for which application threads were stopped: 0.0000325 seconds, Stopping threads took: 0.0000097 seconds
2019-04-16T11:37:41.166-0500: 15.091: Total time for which application threads were stopped: 0.0000330 seconds, Stopping threads took: 0.0000102 seconds
2019-04-16T11:37:41.166-0500: 15.091: Total time for which application threads were stopped: 0.0000325 seconds, Stopping threads took: 0.0000097 seconds
2019-04-16T11:37:41.166-0500: 15.091: Total time for which application threads were stopped: 0.0000320 seconds, Stopping threads took: 0.0000102 seconds
2019-04-16T11:37:41.166-0500: 15.091: Total time for which application threads were stopped: 0.0000359 seconds, Stopping threads took: 0.0000141 seconds
2019-04-16T11:37:41.166-0500: 15.092: Total time for which application threads were stopped: 0.0001576 seconds, Stopping threads took: 0.0001319 seconds
2019-04-16T11:37:41.166-0500: 15.092: Total time for which application threads were stopped: 0.0001794 seconds, Stopping threads took: 0.0001552 seconds
2019-04-16T11:37:41.166-0500: 15.093: Total time for which application threads were stopped: 0.0000422 seconds, Stopping threads took: 0.0000155 seconds
2019-04-16T11:37:41.169-0500: 15.093: Total time for which application threads were stopped: 0.0000461 seconds, Stopping threads took: 0.0000170 seconds
2019-04-16T11:37:41.169-0500: 15.094: Total time for which application threads were stopped: 0.0003287 seconds, Stopping threads took: 0.0002832 seconds
2019-04-16T11:37:41.169-0500: 15.094: Total time for which application threads were stopped: 0.0000645 seconds, Stopping threads took: 0.0000359 seconds
2019-04-16T11:37:41.173-0500: 15.097: Total time for which application threads were stopped: 0.0004761 seconds, Stopping threads took: 0.0003995 seconds
2019-04-16T11:37:41.185-0500: 15.109: Total time for which application threads were stopped: 0.0004611 seconds, Stopping threads took: 0.0001542 seconds
2019-04-16T11:37:41.185-0500: 15.111: Total time for which application threads were stopped: 0.0000596 seconds, Stopping threads took: 0.0000112 seconds
2019-04-16T11:37:41.185-0500: 15.111: Total time for which application threads were stopped: 0.0000950 seconds, Stopping threads took: 0.0000310 seconds
2019-04-16T11:37:41.185-0500: 15.111: Total time for which application threads were stopped: 0.0000296 seconds, Stopping threads took: 0.0000073 seconds
2019-04-16T11:37:41.189-0500: 15.114: Total time for which application threads were stopped: 0.0001401 seconds, Stopping threads took: 0.0000141 seconds
2019-04-16T11:37:41.194-0500: 15.123: Total time for which application threads were stopped: 0.0001818 seconds, Stopping threads took: 0.0001435 seconds
2019-04-16T11:37:41.194-0500: 15.125: Total time for which application threads were stopped: 0.0000461 seconds, Stopping threads took: 0.0000141 seconds
2019-04-16T11:37:41.194-0500: 15.127: Total time for which application threads were stopped: 0.0000407 seconds, Stopping threads took: 0.0000126 seconds
2019-04-16T11:37:41.204-0500: 15.128: Total time for which application threads were stopped: 0.0000339 seconds, Stopping threads took: 0.0000102 seconds
2019-04-16T11:37:41.204-0500: 15.130: Total time for which application threads were stopped: 0.0001716 seconds, Stopping threads took: 0.0001469 seconds
2019-04-16T11:37:41.204-0500: 15.132: Total time for which application threads were stopped: 0.0001295 seconds, Stopping threads took: 0.0000994 seconds
2019-04-16T11:37:41.204-0500: 15.133: Total time for which application threads were stopped: 0.0001096 seconds, Stopping threads took: 0.0000514 seconds
2019-04-16T11:37:41.214-0500: 15.139: Total time for which application threads were stopped: 0.0000514 seconds, Stopping threads took: 0.0000155 seconds
2019-04-16T11:37:41.214-0500: 15.141: Total time for which application threads were stopped: 0.0000349 seconds, Stopping threads took: 0.0000112 seconds
2019-04-16T11:37:41.214-0500: 15.142: Total time for which application threads were stopped: 0.0000320 seconds, Stopping threads took: 0.0000097 seconds
2019-04-16T11:37:41.214-0500: 15.143: Total time for which application threads were stopped: 0.0001498 seconds, Stopping threads took: 0.0000155 seconds
2019-04-16T11:37:41.246-0500: 15.172: Total time for which application threads were stopped: 0.0000703 seconds, Stopping threads took: 0.0000184 seconds
2019-04-16T11:37:41.246-0500: 15.172: Total time for which application threads were stopped: 0.0000368 seconds, Stopping threads took: 0.0000112 seconds
2019-04-16T11:37:41.250-0500: 15.175: Total time for which application threads were stopped: 0.0000383 seconds, Stopping threads took: 0.0000141 seconds
2019-04-16T11:37:41.254-0500: 15.179: Total time for which application threads were stopped: 0.0000422 seconds, Stopping threads took: 0.0000107 seconds
2019-04-16T11:37:41.258-0500: 15.186: Total time for which application threads were stopped: 0.0000587 seconds, Stopping threads took: 0.0000179 seconds
2019-04-16T11:37:41.288-0500: 15.216: Total time for which application threads were stopped: 0.0002516 seconds, Stopping threads took: 0.0000519 seconds
2019-04-16T11:37:41.288-0500: 15.217: Total time for which application threads were stopped: 0.0001406 seconds, Stopping threads took: 0.0000170 seconds
2019-04-16T11:37:41.288-0500: 15.219: Total time for which application threads were stopped: 0.0002298 seconds, Stopping threads took: 0.0001537 seconds
2019-04-16T11:37:41.288-0500: 15.220: Total time for which application threads were stopped: 0.0008019 seconds, Stopping threads took: 0.0007598 seconds
2019-04-16T11:37:41.288-0500: 15.221: Total time for which application threads were stopped: 0.0001653 seconds, Stopping threads took: 0.0001135 seconds
2019-04-16T11:37:41.338-0500: 15.270: Total time for which application threads were stopped: 0.0002759 seconds, Stopping threads took: 0.0000194 seconds
{Heap before GC invocations=3 (full 1):
 par new generation   total 109248K, used 100368K [0x00000000e0000000, 0x00000000e8000000, 0x00000000e8000000)
  eden space 87424K, 100% used [0x00000000e0000000, 0x00000000e5560000, 0x00000000e5560000)
  from space 21824K,  59% used [0x00000000e6ab0000, 0x00000000e7754028, 0x00000000e8000000)
  to   space 21824K,   0% used [0x00000000e5560000, 0x00000000e5560000, 0x00000000e6ab0000)
 concurrent mark-sweep generation total 393216K, used 0K [0x00000000e8000000, 0x0000000100000000, 0x0000000100000000)
 Metaspace       used 27163K, capacity 27918K, committed 28184K, reserved 1073152K
  class space    used 3353K, capacity 3577K, committed 3608K, reserved 1048576K
2019-04-16T11:37:41.398-0500: 15.322: [GC (Allocation Failure) 2019-04-16T11:37:41.398-0500: 15.322: [ParNew
Desired survivor size 20112992 bytes, new threshold 8 (max 8)
- age   1:    4838592 bytes,    4838592 total
- age   2:        416 bytes,    4839008 total
- age   3:    3166264 bytes,    8005272 total
- age   4:    4971376 bytes,   12976648 total
: 100368K->15587K(109248K), 0.0094749 secs] 100368K->15587K(502464K), 0.0095888 secs] [Times: user=0.00 sys=0.00, real=0.01 secs] 
Heap after GC invocations=4 (full 1):
 par new generation   total 109248K, used 15587K [0x00000000e0000000, 0x00000000e8000000, 0x00000000e8000000)
  eden space 87424K,   0% used [0x00000000e0000000, 0x00000000e0000000, 0x00000000e5560000)
  from space 21824K,  71% used [0x00000000e5560000, 0x00000000e6498f70, 0x00000000e6ab0000)
  to   space 21824K,   0% used [0x00000000e6ab0000, 0x00000000e6ab0000, 0x00000000e8000000)
 concurrent mark-sweep generation total 393216K, used 0K [0x00000000e8000000, 0x0000000100000000, 0x0000000100000000)
 Metaspace       used 27163K, capacity 27918K, committed 28184K, reserved 1073152K
  class space    used 3353K, capacity 3577K, committed 3608K, reserved 1048576K
}
2019-04-16T11:37:41.408-0500: 15.332: Total time for which application threads were stopped: 0.0097741 seconds, Stopping threads took: 0.0000189 seconds
2019-04-16T11:37:41.408-0500: 15.333: Total time for which application threads were stopped: 0.0003011 seconds, Stopping threads took: 0.0002128 seconds
2019-04-16T11:37:41.408-0500: 15.333: Total time for which application threads were stopped: 0.0002162 seconds, Stopping threads took: 0.0001823 seconds
2019-04-16T11:37:41.408-0500: 15.334: Total time for which application threads were stopped: 0.0000766 seconds, Stopping threads took: 0.0000136 seconds
2019-04-16T11:37:41.408-0500: 15.334: Total time for which application threads were stopped: 0.0001358 seconds, Stopping threads took: 0.0000688 seconds
2019-04-16T11:37:41.408-0500: 15.335: Total time for which application threads were stopped: 0.0001872 seconds, Stopping threads took: 0.0001445 seconds
2019-04-16T11:37:41.408-0500: 15.335: Total time for which application threads were stopped: 0.0003336 seconds, Stopping threads took: 0.0000160 seconds
2019-04-16T11:37:41.418-0500: 15.342: Total time for which application threads were stopped: 0.0006352 seconds, Stopping threads took: 0.0000175 seconds
2019-04-16T11:37:41.418-0500: 15.350: Total time for which application threads were stopped: 0.0000766 seconds, Stopping threads took: 0.0000199 seconds
2019-04-16T11:37:41.428-0500: 15.356: Total time for which application threads were stopped: 0.0000650 seconds, Stopping threads took: 0.0000199 seconds
2019-04-16T11:37:41.428-0500: 15.357: Total time for which application threads were stopped: 0.0002992 seconds, Stopping threads took: 0.0002216 seconds
2019-04-16T11:37:41.428-0500: 15.358: Total time for which application threads were stopped: 0.0001731 seconds, Stopping threads took: 0.0001275 seconds
2019-04-16T11:37:41.428-0500: 15.358: Total time for which application threads were stopped: 0.0001430 seconds, Stopping threads took: 0.0001168 seconds
2019-04-16T11:37:41.428-0500: 15.358: Total time for which application threads were stopped: 0.0001585 seconds, Stopping threads took: 0.0001168 seconds
2019-04-16T11:37:41.498-0500: 15.423: Total time for which application threads were stopped: 0.0004509 seconds, Stopping threads took: 0.0003331 seconds
2019-04-16T11:37:41.498-0500: 15.424: Total time for which application threads were stopped: 0.0002395 seconds, Stopping threads took: 0.0002061 seconds
2019-04-16T11:37:41.498-0500: 15.425: Total time for which application threads were stopped: 0.0003389 seconds, Stopping threads took: 0.0002550 seconds
2019-04-16T11:37:41.498-0500: 15.425: Total time for which application threads were stopped: 0.0001939 seconds, Stopping threads took: 0.0001595 seconds
2019-04-16T11:37:41.498-0500: 15.426: Total time for which application threads were stopped: 0.0002725 seconds, Stopping threads took: 0.0002128 seconds
2019-04-16T11:37:41.498-0500: 15.427: Total time for which application threads were stopped: 0.0005741 seconds, Stopping threads took: 0.0004970 seconds
2019-04-16T11:37:41.498-0500: 15.428: Total time for which application threads were stopped: 0.0004267 seconds, Stopping threads took: 0.0001910 seconds
2019-04-16T11:37:41.498-0500: 15.428: Total time for which application threads were stopped: 0.0000698 seconds, Stopping threads took: 0.0000150 seconds
2019-04-16T11:37:41.498-0500: 15.429: Total time for which application threads were stopped: 0.0001818 seconds, Stopping threads took: 0.0000218 seconds
2019-04-16T11:37:41.508-0500: 15.436: Total time for which application threads were stopped: 0.0003622 seconds, Stopping threads took: 0.0002628 seconds
2019-04-16T11:37:41.508-0500: 15.437: Total time for which application threads were stopped: 0.0002429 seconds, Stopping threads took: 0.0001886 seconds
2019-04-16T11:37:41.508-0500: 15.437: Total time for which application threads were stopped: 0.0001159 seconds, Stopping threads took: 0.0000223 seconds
2019-04-16T11:37:41.508-0500: 15.437: Total time for which application threads were stopped: 0.0002366 seconds, Stopping threads took: 0.0001731 seconds
2019-04-16T11:37:41.508-0500: 15.438: Total time for which application threads were stopped: 0.0002870 seconds, Stopping threads took: 0.0002293 seconds
2019-04-16T11:37:41.508-0500: 15.439: Total time for which application threads were stopped: 0.0005168 seconds, Stopping threads took: 0.0004325 seconds
2019-04-16T11:37:41.508-0500: 15.440: Total time for which application threads were stopped: 0.0002521 seconds, Stopping threads took: 0.0002012 seconds
2019-04-16T11:37:41.508-0500: 15.441: Total time for which application threads were stopped: 0.0002507 seconds, Stopping threads took: 0.0002167 seconds
2019-04-16T11:37:41.518-0500: 15.442: Total time for which application threads were stopped: 0.0003263 seconds, Stopping threads took: 0.0002861 seconds
2019-04-16T11:37:41.518-0500: 15.443: Total time for which application threads were stopped: 0.0003350 seconds, Stopping threads took: 0.0002686 seconds
2019-04-16T11:37:41.518-0500: 15.445: Total time for which application threads were stopped: 0.0001207 seconds, Stopping threads took: 0.0000402 seconds
2019-04-16T11:37:41.518-0500: 15.445: Total time for which application threads were stopped: 0.0000713 seconds, Stopping threads took: 0.0000204 seconds
2019-04-16T11:37:41.518-0500: 15.445: Total time for which application threads were stopped: 0.0002865 seconds, Stopping threads took: 0.0002424 seconds
2019-04-16T11:37:41.518-0500: 15.445: Total time for which application threads were stopped: 0.0002400 seconds, Stopping threads took: 0.0001973 seconds
2019-04-16T11:37:41.518-0500: 15.446: Total time for which application threads were stopped: 0.0002579 seconds, Stopping threads took: 0.0001920 seconds
2019-04-16T11:37:41.518-0500: 15.450: Total time for which application threads were stopped: 0.0001212 seconds, Stopping threads took: 0.0000276 seconds
2019-04-16T11:37:41.528-0500: 15.453: Total time for which application threads were stopped: 0.0002861 seconds, Stopping threads took: 0.0002080 seconds
2019-04-16T11:37:41.528-0500: 15.459: Total time for which application threads were stopped: 0.0001396 seconds, Stopping threads took: 0.0000383 seconds
2019-04-16T11:37:41.528-0500: 15.460: Total time for which application threads were stopped: 0.0004432 seconds, Stopping threads took: 0.0001469 seconds
2019-04-16T11:37:41.528-0500: 15.460: Total time for which application threads were stopped: 0.0002167 seconds, Stopping threads took: 0.0001678 seconds
2019-04-16T11:37:41.528-0500: 15.461: Total time for which application threads were stopped: 0.0011370 seconds, Stopping threads took: 0.0010880 seconds
2019-04-16T11:37:41.538-0500: 15.462: Total time for which application threads were stopped: 0.0000887 seconds, Stopping threads took: 0.0000446 seconds
2019-04-16T11:37:41.538-0500: 15.465: Total time for which application threads were stopped: 0.0003389 seconds, Stopping threads took: 0.0002555 seconds
2019-04-16T11:37:41.538-0500: 15.465: Total time for which application threads were stopped: 0.0003088 seconds, Stopping threads took: 0.0002536 seconds
2019-04-16T11:37:41.538-0500: 15.466: Total time for which application threads were stopped: 0.0006448 seconds, Stopping threads took: 0.0005867 seconds
2019-04-16T11:37:41.538-0500: 15.466: Total time for which application threads were stopped: 0.0001072 seconds, Stopping threads took: 0.0000432 seconds
2019-04-16T11:37:41.538-0500: 15.467: Total time for which application threads were stopped: 0.0002061 seconds, Stopping threads took: 0.0001745 seconds
2019-04-16T11:37:41.538-0500: 15.467: Total time for which application threads were stopped: 0.0001193 seconds, Stopping threads took: 0.0000635 seconds
2019-04-16T11:37:41.538-0500: 15.467: Total time for which application threads were stopped: 0.0000999 seconds, Stopping threads took: 0.0000446 seconds
2019-04-16T11:37:41.538-0500: 15.468: Total time for which application threads were stopped: 0.0002914 seconds, Stopping threads took: 0.0002448 seconds
2019-04-16T11:37:41.548-0500: 15.476: Total time for which application threads were stopped: 0.0001784 seconds, Stopping threads took: 0.0000495 seconds
2019-04-16T11:37:41.548-0500: 15.477: Total time for which application threads were stopped: 0.0002444 seconds, Stopping threads took: 0.0001135 seconds
2019-04-16T11:37:41.548-0500: 15.477: Total time for which application threads were stopped: 0.0001939 seconds, Stopping threads took: 0.0001280 seconds
2019-04-16T11:37:41.548-0500: 15.477: Total time for which application threads were stopped: 0.0002036 seconds, Stopping threads took: 0.0001290 seconds
2019-04-16T11:37:41.568-0500: 15.496: Total time for which application threads were stopped: 0.0001818 seconds, Stopping threads took: 0.0000349 seconds
2019-04-16T11:37:41.568-0500: 15.498: Total time for which application threads were stopped: 0.0001086 seconds, Stopping threads took: 0.0000276 seconds
2019-04-16T11:37:41.568-0500: 15.499: Total time for which application threads were stopped: 0.0003336 seconds, Stopping threads took: 0.0002250 seconds
2019-04-16T11:37:41.568-0500: 15.501: Total time for which application threads were stopped: 0.0003607 seconds, Stopping threads took: 0.0002744 seconds
2019-04-16T11:37:41.578-0500: 15.505: Total time for which application threads were stopped: 0.0001207 seconds, Stopping threads took: 0.0000325 seconds
2019-04-16T11:37:41.578-0500: 15.506: Total time for which application threads were stopped: 0.0002032 seconds, Stopping threads took: 0.0001348 seconds
2019-04-16T11:37:41.578-0500: 15.507: Total time for which application threads were stopped: 0.0001047 seconds, Stopping threads took: 0.0000247 seconds
2019-04-16T11:37:41.578-0500: 15.507: Total time for which application threads were stopped: 0.0001503 seconds, Stopping threads took: 0.0000165 seconds
2019-04-16T11:37:41.578-0500: 15.508: Total time for which application threads were stopped: 0.0001367 seconds, Stopping threads took: 0.0000150 seconds
2019-04-16T11:37:41.578-0500: 15.508: Total time for which application threads were stopped: 0.0000970 seconds, Stopping threads took: 0.0000315 seconds
2019-04-16T11:37:41.578-0500: 15.509: Total time for which application threads were stopped: 0.0000863 seconds, Stopping threads took: 0.0000160 seconds
2019-04-16T11:37:41.588-0500: 15.514: Total time for which application threads were stopped: 0.0003825 seconds, Stopping threads took: 0.0000286 seconds
2019-04-16T11:37:41.588-0500: 15.515: Total time for which application threads were stopped: 0.0003088 seconds, Stopping threads took: 0.0000179 seconds
2019-04-16T11:37:41.588-0500: 15.517: Total time for which application threads were stopped: 0.0001668 seconds, Stopping threads took: 0.0000509 seconds
2019-04-16T11:37:41.588-0500: 15.518: Total time for which application threads were stopped: 0.0002783 seconds, Stopping threads took: 0.0001983 seconds
2019-04-16T11:37:41.588-0500: 15.519: Total time for which application threads were stopped: 0.0003535 seconds, Stopping threads took: 0.0002851 seconds
2019-04-16T11:37:41.618-0500: 15.544: Total time for which application threads were stopped: 0.0004281 seconds, Stopping threads took: 0.0000446 seconds
2019-04-16T11:37:41.618-0500: 15.546: Total time for which application threads were stopped: 0.0002206 seconds, Stopping threads took: 0.0000175 seconds
2019-04-16T11:37:41.618-0500: 15.546: Total time for which application threads were stopped: 0.0000630 seconds, Stopping threads took: 0.0000116 seconds
2019-04-16T11:37:41.618-0500: 15.546: Total time for which application threads were stopped: 0.0000785 seconds, Stopping threads took: 0.0000126 seconds
2019-04-16T11:37:41.618-0500: 15.547: Total time for which application threads were stopped: 0.0000533 seconds, Stopping threads took: 0.0000107 seconds
2019-04-16T11:37:41.618-0500: 15.547: Total time for which application threads were stopped: 0.0001275 seconds, Stopping threads took: 0.0000325 seconds
2019-04-16T11:37:41.618-0500: 15.551: Total time for which application threads were stopped: 0.0001028 seconds, Stopping threads took: 0.0000339 seconds
2019-04-16T11:37:41.618-0500: 15.551: Total time for which application threads were stopped: 0.0000606 seconds, Stopping threads took: 0.0000112 seconds
2019-04-16T11:37:41.618-0500: 15.551: Total time for which application threads were stopped: 0.0000538 seconds, Stopping threads took: 0.0000107 seconds
2019-04-16T11:37:41.628-0500: 15.552: Total time for which application threads were stopped: 0.0000756 seconds, Stopping threads took: 0.0000126 seconds
2019-04-16T11:37:41.638-0500: 15.564: Total time for which application threads were stopped: 0.0001183 seconds, Stopping threads took: 0.0000383 seconds
2019-04-16T11:37:41.638-0500: 15.564: Total time for which application threads were stopped: 0.0000674 seconds, Stopping threads took: 0.0000121 seconds
2019-04-16T11:37:41.638-0500: 15.565: Total time for which application threads were stopped: 0.0000538 seconds, Stopping threads took: 0.0000107 seconds
2019-04-16T11:37:41.638-0500: 15.565: Total time for which application threads were stopped: 0.0000698 seconds, Stopping threads took: 0.0000262 seconds
2019-04-16T11:37:41.638-0500: 15.567: Total time for which application threads were stopped: 0.0000950 seconds, Stopping threads took: 0.0000160 seconds
2019-04-16T11:37:41.638-0500: 15.567: Total time for which application threads were stopped: 0.0000630 seconds, Stopping threads took: 0.0000112 seconds
2019-04-16T11:37:41.638-0500: 15.568: Total time for which application threads were stopped: 0.0000524 seconds, Stopping threads took: 0.0000102 seconds
2019-04-16T11:37:41.638-0500: 15.568: Total time for which application threads were stopped: 0.0000868 seconds, Stopping threads took: 0.0000150 seconds
2019-04-16T11:37:41.638-0500: 15.570: Total time for which application threads were stopped: 0.0002681 seconds, Stopping threads took: 0.0001736 seconds
2019-04-16T11:37:41.638-0500: 15.571: Total time for which application threads were stopped: 0.0000926 seconds, Stopping threads took: 0.0000373 seconds
2019-04-16T11:37:41.638-0500: 15.571: Total time for which application threads were stopped: 0.0002928 seconds, Stopping threads took: 0.0002269 seconds
2019-04-16T11:37:41.638-0500: 15.571: Total time for which application threads were stopped: 0.0000781 seconds, Stopping threads took: 0.0000344 seconds
2019-04-16T11:37:41.648-0500: 15.571: Total time for which application threads were stopped: 0.0001241 seconds, Stopping threads took: 0.0000310 seconds
2019-04-16T11:37:41.648-0500: 15.572: Total time for which application threads were stopped: 0.0002293 seconds, Stopping threads took: 0.0001678 seconds
2019-04-16T11:37:41.648-0500: 15.573: Total time for which application threads were stopped: 0.0000756 seconds, Stopping threads took: 0.0000325 seconds
2019-04-16T11:37:41.648-0500: 15.573: Total time for which application threads were stopped: 0.0000722 seconds, Stopping threads took: 0.0000165 seconds
2019-04-16T11:37:41.648-0500: 15.573: Total time for which application threads were stopped: 0.0000858 seconds, Stopping threads took: 0.0000175 seconds
2019-04-16T11:37:41.648-0500: 15.574: Total time for which application threads were stopped: 0.0002933 seconds, Stopping threads took: 0.0002109 seconds
2019-04-16T11:37:41.648-0500: 15.574: Total time for which application threads were stopped: 0.0002177 seconds, Stopping threads took: 0.0001745 seconds
2019-04-16T11:37:41.648-0500: 15.574: Total time for which application threads were stopped: 0.0001105 seconds, Stopping threads took: 0.0000378 seconds
2019-04-16T11:37:41.648-0500: 15.574: Total time for which application threads were stopped: 0.0000621 seconds, Stopping threads took: 0.0000131 seconds
2019-04-16T11:37:41.648-0500: 15.575: Total time for which application threads were stopped: 0.0002099 seconds, Stopping threads took: 0.0001450 seconds
2019-04-16T11:37:42.056-0500: 15.981: Total time for which application threads were stopped: 0.0000848 seconds, Stopping threads took: 0.0000204 seconds
2019-04-16T11:37:42.056-0500: 15.982: Total time for which application threads were stopped: 0.0000640 seconds, Stopping threads took: 0.0000131 seconds
2019-04-16T11:37:42.056-0500: 15.982: Total time for which application threads were stopped: 0.0000485 seconds, Stopping threads took: 0.0000116 seconds
2019-04-16T11:37:42.056-0500: 15.983: Total time for which application threads were stopped: 0.0000456 seconds, Stopping threads took: 0.0000112 seconds
2019-04-16T11:37:43.063-0500: 16.986: Total time for which application threads were stopped: 0.0001018 seconds, Stopping threads took: 0.0000291 seconds
2019-04-16T11:37:44.793-0500: 18.725: Total time for which application threads were stopped: 0.0001057 seconds, Stopping threads took: 0.0000276 seconds
2019-04-16T11:37:45.796-0500: 19.720: Total time for which application threads were stopped: 0.0001362 seconds, Stopping threads took: 0.0000301 seconds
2019-04-16T11:37:46.514-0500: 20.441: Total time for which application threads were stopped: 0.0002996 seconds, Stopping threads took: 0.0001581 seconds
2019-04-16T11:37:46.518-0500: 20.442: Total time for which application threads were stopped: 0.0001455 seconds, Stopping threads took: 0.0000465 seconds
2019-04-16T11:37:46.518-0500: 20.442: Total time for which application threads were stopped: 0.0000897 seconds, Stopping threads took: 0.0000480 seconds
2019-04-16T11:37:46.518-0500: 20.443: Total time for which application threads were stopped: 0.0002051 seconds, Stopping threads took: 0.0000441 seconds
2019-04-16T11:37:46.518-0500: 20.443: Total time for which application threads were stopped: 0.0000756 seconds, Stopping threads took: 0.0000320 seconds
2019-04-16T11:37:46.523-0500: 20.455: Total time for which application threads were stopped: 0.0001207 seconds, Stopping threads took: 0.0000528 seconds
2019-04-16T11:37:46.557-0500: 20.484: Total time for which application threads were stopped: 0.0001421 seconds, Stopping threads took: 0.0000524 seconds
2019-04-16T11:37:46.557-0500: 20.484: Total time for which application threads were stopped: 0.0000878 seconds, Stopping threads took: 0.0000368 seconds
2019-04-16T11:37:46.577-0500: 20.502: Total time for which application threads were stopped: 0.0001023 seconds, Stopping threads took: 0.0000296 seconds
2019-04-16T11:37:46.577-0500: 20.502: Total time for which application threads were stopped: 0.0002468 seconds, Stopping threads took: 0.0000378 seconds
2019-04-16T11:37:46.577-0500: 20.502: Total time for which application threads were stopped: 0.0001968 seconds, Stopping threads took: 0.0000165 seconds
2019-04-16T11:37:46.577-0500: 20.503: Total time for which application threads were stopped: 0.0000592 seconds, Stopping threads took: 0.0000213 seconds
2019-04-16T11:37:46.577-0500: 20.505: Total time for which application threads were stopped: 0.0000781 seconds, Stopping threads took: 0.0000262 seconds
2019-04-16T11:37:46.577-0500: 20.506: Total time for which application threads were stopped: 0.0000485 seconds, Stopping threads took: 0.0000141 seconds
2019-04-16T11:37:46.577-0500: 20.506: Total time for which application threads were stopped: 0.0000863 seconds, Stopping threads took: 0.0000252 seconds
2019-04-16T11:37:46.577-0500: 20.507: Total time for which application threads were stopped: 0.0000819 seconds, Stopping threads took: 0.0000204 seconds
2019-04-16T11:37:46.577-0500: 20.507: Total time for which application threads were stopped: 0.0002439 seconds, Stopping threads took: 0.0001265 seconds
2019-04-16T11:37:46.577-0500: 20.507: Total time for which application threads were stopped: 0.0001270 seconds, Stopping threads took: 0.0000407 seconds
2019-04-16T11:37:46.577-0500: 20.508: Total time for which application threads were stopped: 0.0000897 seconds, Stopping threads took: 0.0000262 seconds
2019-04-16T11:37:46.577-0500: 20.508: Total time for which application threads were stopped: 0.0000655 seconds, Stopping threads took: 0.0000160 seconds
2019-04-16T11:37:46.577-0500: 20.508: Total time for which application threads were stopped: 0.0000606 seconds, Stopping threads took: 0.0000150 seconds
2019-04-16T11:37:46.627-0500: 20.558: Total time for which application threads were stopped: 0.0004053 seconds, Stopping threads took: 0.0000577 seconds
2019-04-16T11:37:46.627-0500: 20.558: Total time for which application threads were stopped: 0.0000776 seconds, Stopping threads took: 0.0000233 seconds
2019-04-16T11:37:46.627-0500: 20.559: Total time for which application threads were stopped: 0.0001052 seconds, Stopping threads took: 0.0000315 seconds
2019-04-16T11:37:46.637-0500: 20.561: Total time for which application threads were stopped: 0.0001396 seconds, Stopping threads took: 0.0000378 seconds
2019-04-16T11:37:46.637-0500: 20.569: Total time for which application threads were stopped: 0.0001847 seconds, Stopping threads took: 0.0000344 seconds
2019-04-16T11:37:46.637-0500: 20.570: Total time for which application threads were stopped: 0.0001120 seconds, Stopping threads took: 0.0000233 seconds
2019-04-16T11:37:46.647-0500: 20.571: Total time for which application threads were stopped: 0.0004451 seconds, Stopping threads took: 0.0001779 seconds
2019-04-16T11:37:46.647-0500: 20.571: Total time for which application threads were stopped: 0.0001265 seconds, Stopping threads took: 0.0000252 seconds
2019-04-16T11:37:46.647-0500: 20.571: Total time for which application threads were stopped: 0.0001076 seconds, Stopping threads took: 0.0000194 seconds
2019-04-16T11:37:46.647-0500: 20.571: Total time for which application threads were stopped: 0.0002371 seconds, Stopping threads took: 0.0001542 seconds
2019-04-16T11:37:46.647-0500: 20.578: Total time for which application threads were stopped: 0.0003287 seconds, Stopping threads took: 0.0002007 seconds
{Heap before GC invocations=4 (full 1):
 par new generation   total 109248K, used 103011K [0x00000000e0000000, 0x00000000e8000000, 0x00000000e8000000)
  eden space 87424K, 100% used [0x00000000e0000000, 0x00000000e5560000, 0x00000000e5560000)
  from space 21824K,  71% used [0x00000000e5560000, 0x00000000e6498f70, 0x00000000e6ab0000)
  to   space 21824K,   0% used [0x00000000e6ab0000, 0x00000000e6ab0000, 0x00000000e8000000)
 concurrent mark-sweep generation total 393216K, used 0K [0x00000000e8000000, 0x0000000100000000, 0x0000000100000000)
 Metaspace       used 30248K, capacity 31134K, committed 31256K, reserved 1077248K
  class space    used 3757K, capacity 4005K, committed 4120K, reserved 1048576K
2019-04-16T11:37:46.697-0500: 20.621: [GC (Allocation Failure) 2019-04-16T11:37:46.697-0500: 20.621: [ParNew
Desired survivor size 20112992 bytes, new threshold 8 (max 8)
- age   1:    5515440 bytes,    5515440 total
- age   2:    1970296 bytes,    7485736 total
- age   3:        416 bytes,    7486152 total
- age   4:    3132848 bytes,   10619000 total
- age   5:    4878920 bytes,   15497920 total
: 103011K->21045K(109248K), 0.0125876 secs] 103011K->21045K(502464K), 0.0126880 secs] [Times: user=0.00 sys=0.00, real=0.01 secs] 
Heap after GC invocations=5 (full 1):
 par new generation   total 109248K, used 21045K [0x00000000e0000000, 0x00000000e8000000, 0x00000000e8000000)
  eden space 87424K,   0% used [0x00000000e0000000, 0x00000000e0000000, 0x00000000e5560000)
  from space 21824K,  96% used [0x00000000e6ab0000, 0x00000000e7f3d700, 0x00000000e8000000)
  to   space 21824K,   0% used [0x00000000e5560000, 0x00000000e5560000, 0x00000000e6ab0000)
 concurrent mark-sweep generation total 393216K, used 0K [0x00000000e8000000, 0x0000000100000000, 0x0000000100000000)
 Metaspace       used 30248K, capacity 31134K, committed 31256K, reserved 1077248K
  class space    used 3757K, capacity 4005K, committed 4120K, reserved 1048576K
}
2019-04-16T11:37:46.707-0500: 20.634: Total time for which application threads were stopped: 0.0129518 seconds, Stopping threads took: 0.0000528 seconds
2019-04-16T11:37:46.781-0500: 20.711: Total time for which application threads were stopped: 0.0003481 seconds, Stopping threads took: 0.0000257 seconds
2019-04-16T11:37:46.811-0500: 20.735: Total time for which application threads were stopped: 0.0005547 seconds, Stopping threads took: 0.0000698 seconds
2019-04-16T11:37:46.831-0500: 20.763: Total time for which application threads were stopped: 0.0004742 seconds, Stopping threads took: 0.0001164 seconds
2019-04-16T11:37:46.925-0500: 20.850: Total time for which application threads were stopped: 0.0003578 seconds, Stopping threads took: 0.0001411 seconds
2019-04-16T11:37:46.929-0500: 20.853: Total time for which application threads were stopped: 0.0002167 seconds, Stopping threads took: 0.0000742 seconds
2019-04-16T11:37:46.980-0500: 20.903: Total time for which application threads were stopped: 0.0001770 seconds, Stopping threads took: 0.0000548 seconds
2019-04-16T11:37:47.004-0500: 20.927: Total time for which application threads were stopped: 0.0001469 seconds, Stopping threads took: 0.0000417 seconds
{Heap before GC invocations=5 (full 1):
 par new generation   total 109248K, used 108469K [0x00000000e0000000, 0x00000000e8000000, 0x00000000e8000000)
  eden space 87424K, 100% used [0x00000000e0000000, 0x00000000e5560000, 0x00000000e5560000)
  from space 21824K,  96% used [0x00000000e6ab0000, 0x00000000e7f3d700, 0x00000000e8000000)
  to   space 21824K,   0% used [0x00000000e5560000, 0x00000000e5560000, 0x00000000e6ab0000)
 concurrent mark-sweep generation total 393216K, used 0K [0x00000000e8000000, 0x0000000100000000, 0x0000000100000000)
 Metaspace       used 31334K, capacity 32244K, committed 32408K, reserved 1077248K
  class space    used 3868K, capacity 4144K, committed 4248K, reserved 1048576K
2019-04-16T11:37:47.082-0500: 21.005: [GC (Allocation Failure) 2019-04-16T11:37:47.082-0500: 21.005: [ParNew
Desired survivor size 20112992 bytes, new threshold 8 (max 8)
- age   1:    2183536 bytes,    2183536 total
- age   2:    2133240 bytes,    4316776 total
- age   3:    1968224 bytes,    6285000 total
- age   4:        416 bytes,    6285416 total
- age   5:    3132328 bytes,    9417744 total
- age   6:    4878096 bytes,   14295840 total
: 108469K->16948K(109248K), 0.0144839 secs] 108469K->16948K(502464K), 0.0145988 secs] [Times: user=0.08 sys=0.00, real=0.01 secs] 
Heap after GC invocations=6 (full 1):
 par new generation   total 109248K, used 16948K [0x00000000e0000000, 0x00000000e8000000, 0x00000000e8000000)
  eden space 87424K,   0% used [0x00000000e0000000, 0x00000000e0000000, 0x00000000e5560000)
  from space 21824K,  77% used [0x00000000e5560000, 0x00000000e65ed210, 0x00000000e6ab0000)
  to   space 21824K,   0% used [0x00000000e6ab0000, 0x00000000e6ab0000, 0x00000000e8000000)
 concurrent mark-sweep generation total 393216K, used 0K [0x00000000e8000000, 0x0000000100000000, 0x0000000100000000)
 Metaspace       used 31334K, capacity 32244K, committed 32408K, reserved 1077248K
  class space    used 3868K, capacity 4144K, committed 4248K, reserved 1048576K
}
2019-04-16T11:37:47.097-0500: 21.020: Total time for which application threads were stopped: 0.0149915 seconds, Stopping threads took: 0.0000800 seconds
2019-04-16T11:37:47.120-0500: 21.044: Total time for which application threads were stopped: 0.0001905 seconds, Stopping threads took: 0.0000679 seconds
2019-04-16T11:37:47.120-0500: 21.044: Total time for which application threads were stopped: 0.0001265 seconds, Stopping threads took: 0.0000368 seconds
2019-04-16T11:37:47.121-0500: 21.045: Total time for which application threads were stopped: 0.0001270 seconds, Stopping threads took: 0.0000281 seconds
2019-04-16T11:37:47.123-0500: 21.049: Total time for which application threads were stopped: 0.0002366 seconds, Stopping threads took: 0.0000587 seconds
2019-04-16T11:37:47.136-0500: 21.059: Total time for which application threads were stopped: 0.0002400 seconds, Stopping threads took: 0.0000582 seconds
2019-04-16T11:37:47.136-0500: 21.069: Total time for which application threads were stopped: 0.0001712 seconds, Stopping threads took: 0.0000621 seconds
2019-04-16T11:37:47.136-0500: 21.069: Total time for which application threads were stopped: 0.0001067 seconds, Stopping threads took: 0.0000344 seconds
2019-04-16T11:37:47.146-0500: 21.069: Total time for which application threads were stopped: 0.0001770 seconds, Stopping threads took: 0.0000926 seconds
2019-04-16T11:37:47.146-0500: 21.070: Total time for which application threads were stopped: 0.0001280 seconds, Stopping threads took: 0.0000427 seconds
2019-04-16T11:37:47.147-0500: 21.070: Total time for which application threads were stopped: 0.0001362 seconds, Stopping threads took: 0.0000480 seconds
2019-04-16T11:37:47.147-0500: 21.070: Total time for which application threads were stopped: 0.0001367 seconds, Stopping threads took: 0.0000650 seconds
2019-04-16T11:37:47.147-0500: 21.071: Total time for which application threads were stopped: 0.0001178 seconds, Stopping threads took: 0.0000436 seconds
2019-04-16T11:37:47.147-0500: 21.071: Total time for which application threads were stopped: 0.0001057 seconds, Stopping threads took: 0.0000373 seconds
2019-04-16T11:37:47.149-0500: 21.073: Total time for which application threads were stopped: 0.0001581 seconds, Stopping threads took: 0.0000533 seconds
2019-04-16T11:37:47.149-0500: 21.073: Total time for which application threads were stopped: 0.0001338 seconds, Stopping threads took: 0.0000475 seconds
2019-04-16T11:37:47.150-0500: 21.074: Total time for which application threads were stopped: 0.0001876 seconds, Stopping threads took: 0.0000514 seconds
2019-04-16T11:37:47.150-0500: 21.074: Total time for which application threads were stopped: 0.0001682 seconds, Stopping threads took: 0.0000417 seconds
2019-04-16T11:37:47.150-0500: 21.075: Total time for which application threads were stopped: 0.0001571 seconds, Stopping threads took: 0.0000373 seconds
2019-04-16T11:37:47.150-0500: 21.076: Total time for which application threads were stopped: 0.0001241 seconds, Stopping threads took: 0.0000364 seconds
2019-04-16T11:37:47.157-0500: 21.086: Total time for which application threads were stopped: 0.0001556 seconds, Stopping threads took: 0.0000572 seconds
2019-04-16T11:37:47.162-0500: 21.086: Total time for which application threads were stopped: 0.0001067 seconds, Stopping threads took: 0.0000330 seconds
2019-04-16T11:37:47.162-0500: 21.086: Total time for which application threads were stopped: 0.0001745 seconds, Stopping threads took: 0.0000427 seconds
2019-04-16T11:37:47.236-0500: 21.163: Total time for which application threads were stopped: 0.0002032 seconds, Stopping threads took: 0.0000451 seconds
2019-04-16T11:37:47.236-0500: 21.163: Total time for which application threads were stopped: 0.0001285 seconds, Stopping threads took: 0.0000296 seconds
2019-04-16T11:37:47.260-0500: 21.183: Total time for which application threads were stopped: 0.0001818 seconds, Stopping threads took: 0.0000558 seconds
2019-04-16T11:37:47.303-0500: 21.226: Total time for which application threads were stopped: 0.0003719 seconds, Stopping threads took: 0.0002259 seconds
2019-04-16T11:37:47.303-0500: 21.226: Total time for which application threads were stopped: 0.0001232 seconds, Stopping threads took: 0.0000344 seconds
2019-04-16T11:37:47.303-0500: 21.227: Total time for which application threads were stopped: 0.0000970 seconds, Stopping threads took: 0.0000267 seconds
{Heap before GC invocations=6 (full 1):
 par new generation   total 109248K, used 104372K [0x00000000e0000000, 0x00000000e8000000, 0x00000000e8000000)
  eden space 87424K, 100% used [0x00000000e0000000, 0x00000000e5560000, 0x00000000e5560000)
  from space 21824K,  77% used [0x00000000e5560000, 0x00000000e65ed210, 0x00000000e6ab0000)
  to   space 21824K,   0% used [0x00000000e6ab0000, 0x00000000e6ab0000, 0x00000000e8000000)
 concurrent mark-sweep generation total 393216K, used 0K [0x00000000e8000000, 0x0000000100000000, 0x0000000100000000)
 Metaspace       used 31969K, capacity 32870K, committed 32920K, reserved 1077248K
  class space    used 3958K, capacity 4243K, committed 4248K, reserved 1048576K
2019-04-16T11:37:47.347-0500: 21.271: [GC (Allocation Failure) 2019-04-16T11:37:47.347-0500: 21.271: [ParNew
Desired survivor size 20112992 bytes, new threshold 8 (max 8)
- age   1:    1520648 bytes,    1520648 total
- age   2:    1489664 bytes,    3010312 total
- age   3:    2128800 bytes,    5139112 total
- age   4:    1967680 bytes,    7106792 total
- age   5:        416 bytes,    7107208 total
- age   6:    3129824 bytes,   10237032 total
- age   7:    4858232 bytes,   15095264 total
: 104372K->21824K(109248K), 0.0152979 secs] 104372K->21824K(502464K), 0.0153886 secs] [Times: user=0.08 sys=0.00, real=0.02 secs] 
Heap after GC invocations=7 (full 1):
 par new generation   total 109248K, used 21824K [0x00000000e0000000, 0x00000000e8000000, 0x00000000e8000000)
  eden space 87424K,   0% used [0x00000000e0000000, 0x00000000e0000000, 0x00000000e5560000)
  from space 21824K, 100% used [0x00000000e6ab0000, 0x00000000e8000000, 0x00000000e8000000)
  to   space 21824K,   0% used [0x00000000e5560000, 0x00000000e5560000, 0x00000000e6ab0000)
 concurrent mark-sweep generation total 393216K, used 0K [0x00000000e8000000, 0x0000000100000000, 0x0000000100000000)
 Metaspace       used 31969K, capacity 32870K, committed 32920K, reserved 1077248K
  class space    used 3958K, capacity 4243K, committed 4248K, reserved 1048576K
}
2019-04-16T11:37:47.363-0500: 21.286: Total time for which application threads were stopped: 0.0158177 seconds, Stopping threads took: 0.0000805 seconds
2019-04-16T11:37:47.364-0500: 21.295: Total time for which application threads were stopped: 0.0001794 seconds, Stopping threads took: 0.0000630 seconds
2019-04-16T11:37:47.375-0500: 21.307: Total time for which application threads were stopped: 0.0003287 seconds, Stopping threads took: 0.0001935 seconds
{Heap before GC invocations=7 (full 1):
 par new generation   total 109248K, used 109248K [0x00000000e0000000, 0x00000000e8000000, 0x00000000e8000000)
  eden space 87424K, 100% used [0x00000000e0000000, 0x00000000e5560000, 0x00000000e5560000)
  from space 21824K, 100% used [0x00000000e6ab0000, 0x00000000e8000000, 0x00000000e8000000)
  to   space 21824K,   0% used [0x00000000e5560000, 0x00000000e5560000, 0x00000000e6ab0000)
 concurrent mark-sweep generation total 393216K, used 0K [0x00000000e8000000, 0x0000000100000000, 0x0000000100000000)
 Metaspace       used 32164K, capacity 33086K, committed 33176K, reserved 1079296K
  class space    used 3980K, capacity 4247K, committed 4248K, reserved 1048576K
2019-04-16T11:37:47.510-0500: 21.441: [GC (Allocation Failure) 2019-04-16T11:37:47.510-0500: 21.441: [ParNew
Desired survivor size 20112992 bytes, new threshold 8 (max 8)
- age   1:     482752 bytes,     482752 total
- age   2:     303664 bytes,     786416 total
- age   3:    1489712 bytes,    2276128 total
- age   4:    2128592 bytes,    4404720 total
- age   5:    1967864 bytes,    6372584 total
- age   6:        416 bytes,    6373000 total
- age   7:    3130256 bytes,    9503256 total
- age   8:    4861800 bytes,   14365056 total
: 109248K->17203K(109248K), 0.0158424 secs] 109248K->17203K(502464K), 0.0159680 secs] [Times: user=0.08 sys=0.00, real=0.02 secs] 
Heap after GC invocations=8 (full 1):
 par new generation   total 109248K, used 17203K [0x00000000e0000000, 0x00000000e8000000, 0x00000000e8000000)
  eden space 87424K,   0% used [0x00000000e0000000, 0x00000000e0000000, 0x00000000e5560000)
  from space 21824K,  78% used [0x00000000e5560000, 0x00000000e662cdc0, 0x00000000e6ab0000)
  to   space 21824K,   0% used [0x00000000e6ab0000, 0x00000000e6ab0000, 0x00000000e8000000)
 concurrent mark-sweep generation total 393216K, used 0K [0x00000000e8000000, 0x0000000100000000, 0x0000000100000000)
 Metaspace       used 32164K, capacity 33086K, committed 33176K, reserved 1079296K
  class space    used 3980K, capacity 4247K, committed 4248K, reserved 1048576K
}
2019-04-16T11:37:47.534-0500: 21.457: Total time for which application threads were stopped: 0.0401847 seconds, Stopping threads took: 0.0239108 seconds
{Heap before GC invocations=8 (full 1):
 par new generation   total 109248K, used 104627K [0x00000000e0000000, 0x00000000e8000000, 0x00000000e8000000)
  eden space 87424K, 100% used [0x00000000e0000000, 0x00000000e5560000, 0x00000000e5560000)
  from space 21824K,  78% used [0x00000000e5560000, 0x00000000e662cdc0, 0x00000000e6ab0000)
  to   space 21824K,   0% used [0x00000000e6ab0000, 0x00000000e6ab0000, 0x00000000e8000000)
 concurrent mark-sweep generation total 393216K, used 0K [0x00000000e8000000, 0x0000000100000000, 0x0000000100000000)
 Metaspace       used 32525K, capacity 33476K, committed 33816K, reserved 1079296K
  class space    used 4026K, capacity 4312K, committed 4376K, reserved 1048576K
2019-04-16T11:37:47.757-0500: 21.681: [GC (Allocation Failure) 2019-04-16T11:37:47.757-0500: 21.681: [ParNew
Desired survivor size 20112992 bytes, new threshold 8 (max 8)
- age   1:     816760 bytes,     816760 total
- age   2:     150192 bytes,     966952 total
- age   3:     298472 bytes,    1265424 total
- age   4:    1489232 bytes,    2754656 total
- age   5:    2128144 bytes,    4882800 total
- age   6:    1967648 bytes,    6850448 total
- age   7:        416 bytes,    6850864 total
- age   8:    3129744 bytes,    9980608 total
: 104627K->15835K(109248K), 0.0384877 secs] 104627K->21012K(502464K), 0.0386279 secs] [Times: user=0.11 sys=0.00, real=0.04 secs] 
Heap after GC invocations=9 (full 1):
 par new generation   total 109248K, used 15835K [0x00000000e0000000, 0x00000000e8000000, 0x00000000e8000000)
  eden space 87424K,   0% used [0x00000000e0000000, 0x00000000e0000000, 0x00000000e5560000)
  from space 21824K,  72% used [0x00000000e6ab0000, 0x00000000e7a26c00, 0x00000000e8000000)
  to   space 21824K,   0% used [0x00000000e5560000, 0x00000000e5560000, 0x00000000e6ab0000)
 concurrent mark-sweep generation total 393216K, used 5177K [0x00000000e8000000, 0x0000000100000000, 0x0000000100000000)
 Metaspace       used 32525K, capacity 33476K, committed 33816K, reserved 1079296K
  class space    used 4026K, capacity 4312K, committed 4376K, reserved 1048576K
}
2019-04-16T11:37:47.795-0500: 21.719: Total time for which application threads were stopped: 0.0436242 seconds, Stopping threads took: 0.0046298 seconds
2019-04-16T11:37:47.848-0500: 21.772: Total time for which application threads were stopped: 0.0001648 seconds, Stopping threads took: 0.0000538 seconds
2019-04-16T11:37:48.161-0500: 22.084: Total time for which application threads were stopped: 0.0007767 seconds, Stopping threads took: 0.0001416 seconds
2019-04-16T11:37:48.656-0500: 22.580: Total time for which application threads were stopped: 0.0002662 seconds, Stopping threads took: 0.0000587 seconds
2019-04-16T11:37:48.659-0500: 22.582: Total time for which application threads were stopped: 0.0001745 seconds, Stopping threads took: 0.0000737 seconds
2019-04-16T11:37:48.660-0500: 22.583: Total time for which application threads were stopped: 0.0001493 seconds, Stopping threads took: 0.0000558 seconds
2019-04-16T11:37:48.664-0500: 22.588: Total time for which application threads were stopped: 0.0002337 seconds, Stopping threads took: 0.0000456 seconds
2019-04-16T11:37:48.667-0500: 22.591: Total time for which application threads were stopped: 0.0002904 seconds, Stopping threads took: 0.0000640 seconds
2019-04-16T11:37:49.670-0500: 23.594: Total time for which application threads were stopped: 0.0003782 seconds, Stopping threads took: 0.0001115 seconds
2019-04-16T11:37:52.690-0500: 26.613: Total time for which application threads were stopped: 0.0005988 seconds, Stopping threads took: 0.0003695 seconds
2019-04-16T11:37:56.749-0500: 30.673: Total time for which application threads were stopped: 0.0004058 seconds, Stopping threads took: 0.0000999 seconds
2019-04-16T11:37:56.750-0500: 30.673: Total time for which application threads were stopped: 0.0003699 seconds, Stopping threads took: 0.0001008 seconds
2019-04-16T11:37:56.751-0500: 30.674: Total time for which application threads were stopped: 0.0002977 seconds, Stopping threads took: 0.0000873 seconds
2019-04-16T11:37:56.755-0500: 30.678: Total time for which application threads were stopped: 0.0003966 seconds, Stopping threads took: 0.0000795 seconds
2019-04-16T11:37:56.755-0500: 30.679: Total time for which application threads were stopped: 0.0002361 seconds, Stopping threads took: 0.0000572 seconds
2019-04-16T11:37:56.757-0500: 30.680: Total time for which application threads were stopped: 0.0004834 seconds, Stopping threads took: 0.0002516 seconds
2019-04-16T11:37:56.757-0500: 30.681: Total time for which application threads were stopped: 0.0004611 seconds, Stopping threads took: 0.0001901 seconds
2019-04-16T11:37:56.764-0500: 30.688: Total time for which application threads were stopped: 0.0003408 seconds, Stopping threads took: 0.0001173 seconds
2019-04-16T11:37:56.772-0500: 30.696: Total time for which application threads were stopped: 0.0027224 seconds, Stopping threads took: 0.0002065 seconds
2019-04-16T11:37:57.013-0500: 30.937: Total time for which application threads were stopped: 0.0003103 seconds, Stopping threads took: 0.0001828 seconds
2019-04-16T11:37:57.049-0500: 30.972: Total time for which application threads were stopped: 0.0001978 seconds, Stopping threads took: 0.0000432 seconds
2019-04-16T11:37:57.049-0500: 30.973: Total time for which application threads were stopped: 0.0001358 seconds, Stopping threads took: 0.0000305 seconds
2019-04-16T11:37:57.049-0500: 30.973: Total time for which application threads were stopped: 0.0001319 seconds, Stopping threads took: 0.0000262 seconds
2019-04-16T11:37:57.049-0500: 30.973: Total time for which application threads were stopped: 0.0000994 seconds, Stopping threads took: 0.0000247 seconds
2019-04-16T11:37:57.105-0500: 31.029: Total time for which application threads were stopped: 0.0001954 seconds, Stopping threads took: 0.0000839 seconds
2019-04-16T11:37:57.106-0500: 31.029: Total time for which application threads were stopped: 0.0001571 seconds, Stopping threads took: 0.0000815 seconds
2019-04-16T11:37:57.107-0500: 31.031: Total time for which application threads were stopped: 0.0001474 seconds, Stopping threads took: 0.0000722 seconds
2019-04-16T11:37:57.108-0500: 31.032: Total time for which application threads were stopped: 0.0001522 seconds, Stopping threads took: 0.0000664 seconds
2019-04-16T11:37:57.109-0500: 31.033: Total time for which application threads were stopped: 0.0001624 seconds, Stopping threads took: 0.0000824 seconds
2019-04-16T11:37:57.112-0500: 31.035: Total time for which application threads were stopped: 0.0002497 seconds, Stopping threads took: 0.0001556 seconds
2019-04-16T11:37:57.112-0500: 31.036: Total time for which application threads were stopped: 0.0001474 seconds, Stopping threads took: 0.0000495 seconds
2019-04-16T11:37:57.119-0500: 31.043: Total time for which application threads were stopped: 0.0002361 seconds, Stopping threads took: 0.0001304 seconds
2019-04-16T11:37:57.119-0500: 31.043: Total time for which application threads were stopped: 0.0000989 seconds, Stopping threads took: 0.0000262 seconds
{Heap before GC invocations=9 (full 1):
 par new generation   total 109248K, used 103259K [0x00000000e0000000, 0x00000000e8000000, 0x00000000e8000000)
  eden space 87424K, 100% used [0x00000000e0000000, 0x00000000e5560000, 0x00000000e5560000)
  from space 21824K,  72% used [0x00000000e6ab0000, 0x00000000e7a26c00, 0x00000000e8000000)
  to   space 21824K,   0% used [0x00000000e5560000, 0x00000000e5560000, 0x00000000e6ab0000)
 concurrent mark-sweep generation total 393216K, used 5177K [0x00000000e8000000, 0x0000000100000000, 0x0000000100000000)
 Metaspace       used 35300K, capacity 36364K, committed 36632K, reserved 1081344K
  class space    used 4304K, capacity 4586K, committed 4632K, reserved 1048576K
2019-04-16T11:37:57.123-0500: 31.046: [GC (Allocation Failure) 2019-04-16T11:37:57.123-0500: 31.046: [ParNew
Desired survivor size 20112992 bytes, new threshold 8 (max 8)
- age   1:    2650704 bytes,    2650704 total
- age   2:      73064 bytes,    2723768 total
- age   3:      40920 bytes,    2764688 total
- age   4:     255200 bytes,    3019888 total
- age   5:     142624 bytes,    3162512 total
- age   6:    1290352 bytes,    4452864 total
- age   7:    1932704 bytes,    6385568 total
- age   8:        416 bytes,    6385984 total
: 103259K->8405K(109248K), 0.0125779 secs] 108436K->16741K(502464K), 0.0126701 secs] [Times: user=0.03 sys=0.00, real=0.01 secs] 
Heap after GC invocations=10 (full 1):
 par new generation   total 109248K, used 8405K [0x00000000e0000000, 0x00000000e8000000, 0x00000000e8000000)
  eden space 87424K,   0% used [0x00000000e0000000, 0x00000000e0000000, 0x00000000e5560000)
  from space 21824K,  38% used [0x00000000e5560000, 0x00000000e5d955f0, 0x00000000e6ab0000)
  to   space 21824K,   0% used [0x00000000e6ab0000, 0x00000000e6ab0000, 0x00000000e8000000)
 concurrent mark-sweep generation total 393216K, used 8335K [0x00000000e8000000, 0x0000000100000000, 0x0000000100000000)
 Metaspace       used 35300K, capacity 36364K, committed 36632K, reserved 1081344K
  class space    used 4304K, capacity 4586K, committed 4632K, reserved 1048576K
}
2019-04-16T11:37:57.136-0500: 31.059: Total time for which application threads were stopped: 0.0130259 seconds, Stopping threads took: 0.0001246 seconds
2019-04-16T11:37:57.161-0500: 31.085: Total time for which application threads were stopped: 0.0004204 seconds, Stopping threads took: 0.0002948 seconds
2019-04-16T11:37:57.169-0500: 31.094: Total time for which application threads were stopped: 0.0001901 seconds, Stopping threads took: 0.0000470 seconds
2019-04-16T11:37:57.170-0500: 31.094: Total time for which application threads were stopped: 0.0001741 seconds, Stopping threads took: 0.0000596 seconds
2019-04-16T11:37:57.170-0500: 31.094: Total time for which application threads were stopped: 0.0001498 seconds, Stopping threads took: 0.0000562 seconds
2019-04-16T11:37:57.171-0500: 31.095: Total time for which application threads were stopped: 0.0004315 seconds, Stopping threads took: 0.0003535 seconds
2019-04-16T11:37:57.178-0500: 31.102: Total time for which application threads were stopped: 0.0003573 seconds, Stopping threads took: 0.0002269 seconds
2019-04-16T11:37:57.186-0500: 31.109: Total time for which application threads were stopped: 0.0001915 seconds, Stopping threads took: 0.0000485 seconds
2019-04-16T11:37:57.221-0500: 31.151: Total time for which application threads were stopped: 0.0001910 seconds, Stopping threads took: 0.0000407 seconds
2019-04-16T11:37:57.230-0500: 31.154: Total time for which application threads were stopped: 0.0003758 seconds, Stopping threads took: 0.0000349 seconds
2019-04-16T11:37:57.236-0500: 31.160: Total time for which application threads were stopped: 0.0005576 seconds, Stopping threads took: 0.0000310 seconds
2019-04-16T11:37:57.295-0500: 31.219: Total time for which application threads were stopped: 0.0006153 seconds, Stopping threads took: 0.0000383 seconds
2019-04-16T11:37:57.472-0500: 31.395: Total time for which application threads were stopped: 0.0006667 seconds, Stopping threads took: 0.0000330 seconds
2019-04-16T11:37:57.562-0500: 31.488: Total time for which application threads were stopped: 0.0006836 seconds, Stopping threads took: 0.0000335 seconds
2019-04-16T11:37:57.586-0500: 31.516: Total time for which application threads were stopped: 0.0001639 seconds, Stopping threads took: 0.0000543 seconds
2019-04-16T11:37:57.594-0500: 31.523: Total time for which application threads were stopped: 0.0001983 seconds, Stopping threads took: 0.0000495 seconds
2019-04-16T11:37:57.599-0500: 31.523: Total time for which application threads were stopped: 0.0001440 seconds, Stopping threads took: 0.0000291 seconds
2019-04-16T11:37:57.599-0500: 31.523: Total time for which application threads were stopped: 0.0001270 seconds, Stopping threads took: 0.0000242 seconds
2019-04-16T11:37:57.599-0500: 31.523: Total time for which application threads were stopped: 0.0001304 seconds, Stopping threads took: 0.0000238 seconds
2019-04-16T11:37:57.717-0500: 31.641: Total time for which application threads were stopped: 0.0003942 seconds, Stopping threads took: 0.0001891 seconds
2019-04-16T11:37:57.718-0500: 31.642: Total time for which application threads were stopped: 0.0002778 seconds, Stopping threads took: 0.0001018 seconds
2019-04-16T11:37:57.718-0500: 31.642: Total time for which application threads were stopped: 0.0003108 seconds, Stopping threads took: 0.0001217 seconds
2019-04-16T11:37:57.719-0500: 31.643: Total time for which application threads were stopped: 0.0004805 seconds, Stopping threads took: 0.0002798 seconds
2019-04-16T11:37:57.719-0500: 31.643: Total time for which application threads were stopped: 0.0002507 seconds, Stopping threads took: 0.0000776 seconds
2019-04-16T11:37:57.740-0500: 31.664: Total time for which application threads were stopped: 0.0004228 seconds, Stopping threads took: 0.0002007 seconds
2019-04-16T11:37:57.831-0500: 31.754: Total time for which application threads were stopped: 0.0001857 seconds, Stopping threads took: 0.0000490 seconds
2019-04-16T11:37:57.844-0500: 31.768: Total time for which application threads were stopped: 0.0002255 seconds, Stopping threads took: 0.0001193 seconds
{Heap before GC invocations=10 (full 1):
 par new generation   total 109248K, used 95829K [0x00000000e0000000, 0x00000000e8000000, 0x00000000e8000000)
  eden space 87424K, 100% used [0x00000000e0000000, 0x00000000e5560000, 0x00000000e5560000)
  from space 21824K,  38% used [0x00000000e5560000, 0x00000000e5d955f0, 0x00000000e6ab0000)
  to   space 21824K,   0% used [0x00000000e6ab0000, 0x00000000e6ab0000, 0x00000000e8000000)
 concurrent mark-sweep generation total 393216K, used 8335K [0x00000000e8000000, 0x0000000100000000, 0x0000000100000000)
 Metaspace       used 37871K, capacity 39106K, committed 39320K, reserved 1083392K
  class space    used 4661K, capacity 4995K, committed 5016K, reserved 1048576K
2019-04-16T11:37:57.883-0500: 31.806: [GC (Allocation Failure) 2019-04-16T11:37:57.883-0500: 31.806: [ParNew
Desired survivor size 20112992 bytes, new threshold 8 (max 8)
- age   1:    4761816 bytes,    4761816 total
- age   2:     773216 bytes,    5535032 total
- age   3:      60104 bytes,    5595136 total
- age   4:      40696 bytes,    5635832 total
- age   5:     254824 bytes,    5890656 total
- age   6:     141968 bytes,    6032624 total
- age   7:    1255440 bytes,    7288064 total
- age   8:    1919216 bytes,    9207280 total
: 95829K->11346K(109248K), 0.0106487 secs] 104165K->19682K(502464K), 0.0107787 secs] [Times: user=0.00 sys=0.00, real=0.01 secs] 
Heap after GC invocations=11 (full 1):
 par new generation   total 109248K, used 11346K [0x00000000e0000000, 0x00000000e8000000, 0x00000000e8000000)
  eden space 87424K,   0% used [0x00000000e0000000, 0x00000000e0000000, 0x00000000e5560000)
  from space 21824K,  51% used [0x00000000e6ab0000, 0x00000000e75c4a70, 0x00000000e8000000)
  to   space 21824K,   0% used [0x00000000e5560000, 0x00000000e5560000, 0x00000000e6ab0000)
 concurrent mark-sweep generation total 393216K, used 8336K [0x00000000e8000000, 0x0000000100000000, 0x0000000100000000)
 Metaspace       used 37871K, capacity 39106K, committed 39320K, reserved 1083392K
  class space    used 4661K, capacity 4995K, committed 5016K, reserved 1048576K
}
2019-04-16T11:37:57.894-0500: 31.817: Total time for which application threads were stopped: 0.0117110 seconds, Stopping threads took: 0.0005615 seconds
2019-04-16T11:37:57.894-0500: 31.818: [GC (CMS Initial Mark) [1 CMS-initial-mark: 8336K(393216K)] 20253K(502464K), 0.0039525 secs] [Times: user=0.03 sys=0.00, real=0.00 secs] 
2019-04-16T11:37:57.898-0500: 31.822: Total time for which application threads were stopped: 0.0042570 seconds, Stopping threads took: 0.0000912 seconds
2019-04-16T11:37:57.898-0500: 31.822: [CMS-concurrent-mark-start]
2019-04-16T11:37:57.903-0500: 31.829: [CMS-concurrent-mark: 0.007/0.007 secs] [Times: user=0.00 sys=0.00, real=0.01 secs] 
2019-04-16T11:37:57.903-0500: 31.829: [CMS-concurrent-preclean-start]
2019-04-16T11:37:57.906-0500: 31.829: Total time for which application threads were stopped: 0.0002429 seconds, Stopping threads took: 0.0000979 seconds
2019-04-16T11:37:57.907-0500: 31.830: Total time for which application threads were stopped: 0.0002652 seconds, Stopping threads took: 0.0001052 seconds
2019-04-16T11:37:57.908-0500: 31.831: [CMS-concurrent-preclean: 0.002/0.002 secs] [Times: user=0.00 sys=0.00, real=0.00 secs] 
2019-04-16T11:37:57.908-0500: 31.831: [CMS-concurrent-abortable-preclean-start]
2019-04-16T11:37:57.909-0500: 31.833: Total time for which application threads were stopped: 0.0016538 seconds, Stopping threads took: 0.0009425 seconds
2019-04-16T11:37:57.910-0500: 31.834: Total time for which application threads were stopped: 0.0009731 seconds, Stopping threads took: 0.0004795 seconds
2019-04-16T11:37:57.911-0500: 31.836: Total time for which application threads were stopped: 0.0002497 seconds, Stopping threads took: 0.0000902 seconds
2019-04-16T11:37:57.912-0500: 31.836: Total time for which application threads were stopped: 0.0002798 seconds, Stopping threads took: 0.0001435 seconds
2019-04-16T11:37:57.912-0500: 31.836: Total time for which application threads were stopped: 0.0002046 seconds, Stopping threads took: 0.0001241 seconds
2019-04-16T11:37:57.959-0500: 31.883: Total time for which application threads were stopped: 0.0005760 seconds, Stopping threads took: 0.0003971 seconds
{Heap before GC invocations=11 (full 2):
 par new generation   total 109248K, used 98770K [0x00000000e0000000, 0x00000000e8000000, 0x00000000e8000000)
  eden space 87424K, 100% used [0x00000000e0000000, 0x00000000e5560000, 0x00000000e5560000)
  from space 21824K,  51% used [0x00000000e6ab0000, 0x00000000e75c4a70, 0x00000000e8000000)
  to   space 21824K,   0% used [0x00000000e5560000, 0x00000000e5560000, 0x00000000e6ab0000)
 concurrent mark-sweep generation total 393216K, used 8336K [0x00000000e8000000, 0x0000000100000000, 0x0000000100000000)
 Metaspace       used 38040K, capacity 39298K, committed 39320K, reserved 1083392K
  class space    used 4675K, capacity 4995K, committed 5016K, reserved 1048576K
2019-04-16T11:37:58.008-0500: 31.933: [GC (Allocation Failure) 2019-04-16T11:37:58.009-0500: 31.933: [ParNew
Desired survivor size 20112992 bytes, new threshold 8 (max 8)
- age   1:    1745512 bytes,    1745512 total
- age   2:    2136648 bytes,    3882160 total
- age   3:     773216 bytes,    4655376 total
- age   4:      60104 bytes,    4715480 total
- age   5:      40696 bytes,    4756176 total
- age   6:     254824 bytes,    5011000 total
- age   7:     141968 bytes,    5152968 total
- age   8:    1255392 bytes,    6408360 total
: 98770K->7582K(109248K), 0.0146943 secs] 107106K->17820K(502464K), 0.0149348 secs] [Times: user=0.03 sys=0.00, real=0.02 secs] 
Heap after GC invocations=12 (full 2):
 par new generation   total 109248K, used 7582K [0x00000000e0000000, 0x00000000e8000000, 0x00000000e8000000)
  eden space 87424K,   0% used [0x00000000e0000000, 0x00000000e0000000, 0x00000000e5560000)
  from space 21824K,  34% used [0x00000000e5560000, 0x00000000e5cc7a20, 0x00000000e6ab0000)
  to   space 21824K,   0% used [0x00000000e6ab0000, 0x00000000e6ab0000, 0x00000000e8000000)
 concurrent mark-sweep generation total 393216K, used 10237K [0x00000000e8000000, 0x0000000100000000, 0x0000000100000000)
 Metaspace       used 38040K, capacity 39298K, committed 39320K, reserved 1083392K
  class space    used 4675K, capacity 4995K, committed 5016K, reserved 1048576K
}
2019-04-16T11:37:58.024-0500: 31.948: Total time for which application threads were stopped: 0.0166977 seconds, Stopping threads took: 0.0013173 seconds
2019-04-16T11:37:58.027-0500: 31.951: Total time for which application threads were stopped: 0.0004349 seconds, Stopping threads took: 0.0002293 seconds
2019-04-16T11:37:58.028-0500: 31.952: Total time for which application threads were stopped: 0.0011442 seconds, Stopping threads took: 0.0009876 seconds
2019-04-16T11:37:58.091-0500: 32.015: [CMS-concurrent-abortable-preclean: 0.137/0.184 secs] [Times: user=0.86 sys=0.06, real=0.18 secs] 
2019-04-16T11:37:58.096-0500: 32.020: [GC (CMS Final Remark) [YG occupancy: 83177 K (109248 K)]{Heap before GC invocations=12 (full 2):
 par new generation   total 109248K, used 83177K [0x00000000e0000000, 0x00000000e8000000, 0x00000000e8000000)
  eden space 87424K,  86% used [0x00000000e0000000, 0x00000000e49d2be0, 0x00000000e5560000)
  from space 21824K,  34% used [0x00000000e5560000, 0x00000000e5cc7a20, 0x00000000e6ab0000)
  to   space 21824K,   0% used [0x00000000e6ab0000, 0x00000000e6ab0000, 0x00000000e8000000)
 concurrent mark-sweep generation total 393216K, used 10237K [0x00000000e8000000, 0x0000000100000000, 0x0000000100000000)
 Metaspace       used 38058K, capacity 39310K, committed 39412K, reserved 1083392K
  class space    used 4676K, capacity 4997K, committed 5016K, reserved 1048576K
2019-04-16T11:37:58.096-0500: 32.020: [GC (CMS Final Remark) 2019-04-16T11:37:58.096-0500: 32.020: [ParNew
Desired survivor size 20112992 bytes, new threshold 8 (max 8)
- age   1:     368480 bytes,     368480 total
- age   2:    1381096 bytes,    1749576 total
- age   3:    2117464 bytes,    3867040 total
- age   4:     773344 bytes,    4640384 total
- age   5:      60104 bytes,    4700488 total
- age   6:      40488 bytes,    4740976 total
- age   7:     254824 bytes,    4995800 total
- age   8:     141968 bytes,    5137768 total
: 83177K->8236K(109248K), 0.0115035 secs] 93415K->19720K(502464K), 0.0116533 secs] [Times: user=0.06 sys=0.00, real=0.01 secs] 
Heap after GC invocations=13 (full 2):
 par new generation   total 109248K, used 8236K [0x00000000e0000000, 0x00000000e8000000, 0x00000000e8000000)
  eden space 87424K,   0% used [0x00000000e0000000, 0x00000000e0000000, 0x00000000e5560000)
  from space 21824K,  37% used [0x00000000e6ab0000, 0x00000000e72bb268, 0x00000000e8000000)
  to   space 21824K,   0% used [0x00000000e5560000, 0x00000000e5560000, 0x00000000e6ab0000)
 concurrent mark-sweep generation total 393216K, used 11483K [0x00000000e8000000, 0x0000000100000000, 0x0000000100000000)
 Metaspace       used 38058K, capacity 39310K, committed 39412K, reserved 1083392K
  class space    used 4676K, capacity 4997K, committed 5016K, reserved 1048576K
}
2019-04-16T11:37:58.108-0500: 32.032: [Rescan (parallel) , 0.0045387 secs]2019-04-16T11:37:58.112-0500: 32.036: [weak refs processing, 0.0007893 secs]2019-04-16T11:37:58.113-0500: 32.037: [class unloading, 0.0133134 secs]2019-04-16T11:37:58.126-0500: 32.050: [scrub symbol table, 0.0128693 secs]2019-04-16T11:37:58.139-0500: 32.063: [scrub string table, 0.0006710 secs][1 CMS-remark: 11483K(393216K)] 19720K(502464K), 0.0456329 secs] [Times: user=0.09 sys=0.00, real=0.05 secs] 
2019-04-16T11:37:58.141-0500: 32.065: Total time for which application threads were stopped: 0.0506899 seconds, Stopping threads took: 0.0048422 seconds
2019-04-16T11:37:58.142-0500: 32.065: [CMS-concurrent-sweep-start]
2019-04-16T11:37:58.146-0500: 32.070: Total time for which application threads were stopped: 0.0004921 seconds, Stopping threads took: 0.0000941 seconds
2019-04-16T11:37:58.147-0500: 32.071: Total time for which application threads were stopped: 0.0002735 seconds, Stopping threads took: 0.0000766 seconds
2019-04-16T11:37:58.150-0500: 32.074: Total time for which application threads were stopped: 0.0007365 seconds, Stopping threads took: 0.0005280 seconds
2019-04-16T11:37:58.151-0500: 32.075: Total time for which application threads were stopped: 0.0002012 seconds, Stopping threads took: 0.0000339 seconds
2019-04-16T11:37:58.151-0500: 32.075: Total time for which application threads were stopped: 0.0002284 seconds, Stopping threads took: 0.0001052 seconds
2019-04-16T11:37:58.151-0500: 32.075: [CMS-concurrent-sweep: 0.008/0.010 secs] [Times: user=0.09 sys=0.00, real=0.01 secs] 
2019-04-16T11:37:58.152-0500: 32.075: [CMS-concurrent-reset-start]
2019-04-16T11:37:58.152-0500: 32.077: [CMS-concurrent-reset: 0.002/0.002 secs] [Times: user=0.00 sys=0.00, real=0.00 secs] 
2019-04-16T11:37:58.191-0500: 32.115: Total time for which application threads were stopped: 0.0011971 seconds, Stopping threads took: 0.0009503 seconds
2019-04-16T11:37:58.193-0500: 32.116: Total time for which application threads were stopped: 0.0009425 seconds, Stopping threads took: 0.0001833 seconds
2019-04-16T11:37:58.193-0500: 32.117: Total time for which application threads were stopped: 0.0007583 seconds, Stopping threads took: 0.0001033 seconds
2019-04-16T11:37:58.194-0500: 32.117: Total time for which application threads were stopped: 0.0005527 seconds, Stopping threads took: 0.0001241 seconds
2019-04-16T11:37:58.196-0500: 32.119: Total time for which application threads were stopped: 0.0002730 seconds, Stopping threads took: 0.0000475 seconds
{Heap before GC invocations=13 (full 2):
 par new generation   total 109248K, used 95660K [0x00000000e0000000, 0x00000000e8000000, 0x00000000e8000000)
  eden space 87424K, 100% used [0x00000000e0000000, 0x00000000e5560000, 0x00000000e5560000)
  from space 21824K,  37% used [0x00000000e6ab0000, 0x00000000e72bb268, 0x00000000e8000000)
  to   space 21824K,   0% used [0x00000000e5560000, 0x00000000e5560000, 0x00000000e6ab0000)
 concurrent mark-sweep generation total 393216K, used 11476K [0x00000000e8000000, 0x0000000100000000, 0x0000000100000000)
 Metaspace       used 38105K, capacity 39328K, committed 39412K, reserved 1083392K
  class space    used 4680K, capacity 5000K, committed 5016K, reserved 1048576K
2019-04-16T11:37:58.250-0500: 32.174: [GC (Allocation Failure) 2019-04-16T11:37:58.250-0500: 32.174: [ParNew
Desired survivor size 20112992 bytes, new threshold 8 (max 8)
- age   1:     539008 bytes,     539008 total
- age   2:      79288 bytes,     618296 total
- age   3:    1379832 bytes,    1998128 total
- age   4:    2114640 bytes,    4112768 total
- age   5:     773184 bytes,    4885952 total
- age   6:      60104 bytes,    4946056 total
- age   7:      40280 bytes,    4986336 total
- age   8:     254792 bytes,    5241128 total
: 95660K->6528K(109248K), 0.0088204 secs] 107137K->18148K(502464K), 0.0089416 secs] [Times: user=0.06 sys=0.00, real=0.01 secs] 
Heap after GC invocations=14 (full 2):
 par new generation   total 109248K, used 6528K [0x00000000e0000000, 0x00000000e8000000, 0x00000000e8000000)
  eden space 87424K,   0% used [0x00000000e0000000, 0x00000000e0000000, 0x00000000e5560000)
  from space 21824K,  29% used [0x00000000e5560000, 0x00000000e5bc02a0, 0x00000000e6ab0000)
  to   space 21824K,   0% used [0x00000000e6ab0000, 0x00000000e6ab0000, 0x00000000e8000000)
 concurrent mark-sweep generation total 393216K, used 11619K [0x00000000e8000000, 0x0000000100000000, 0x0000000100000000)
 Metaspace       used 38105K, capacity 39328K, committed 39412K, reserved 1083392K
  class space    used 4680K, capacity 5000K, committed 5016K, reserved 1048576K
}
2019-04-16T11:37:58.259-0500: 32.183: Total time for which application threads were stopped: 0.0111331 seconds, Stopping threads took: 0.0018274 seconds
{Heap before GC invocations=14 (full 2):
 par new generation   total 109248K, used 93952K [0x00000000e0000000, 0x00000000e8000000, 0x00000000e8000000)
  eden space 87424K, 100% used [0x00000000e0000000, 0x00000000e5560000, 0x00000000e5560000)
  from space 21824K,  29% used [0x00000000e5560000, 0x00000000e5bc02a0, 0x00000000e6ab0000)
  to   space 21824K,   0% used [0x00000000e6ab0000, 0x00000000e6ab0000, 0x00000000e8000000)
 concurrent mark-sweep generation total 393216K, used 11619K [0x00000000e8000000, 0x0000000100000000, 0x0000000100000000)
 Metaspace       used 38198K, capacity 39538K, committed 39668K, reserved 1083392K
  class space    used 4680K, capacity 5001K, committed 5016K, reserved 1048576K
2019-04-16T11:37:58.868-0500: 32.792: [GC (Allocation Failure) 2019-04-16T11:37:58.868-0500: 32.792: [ParNew
Desired survivor size 20112992 bytes, new threshold 8 (max 8)
- age   1:    1229304 bytes,    1229304 total
- age   2:     232360 bytes,    1461664 total
- age   3:      78280 bytes,    1539944 total
- age   4:     272800 bytes,    1812744 total
- age   5:    2114576 bytes,    3927320 total
- age   6:     773184 bytes,    4700504 total
- age   7:      60104 bytes,    4760608 total
- age   8:      40176 bytes,    4800784 total
: 93952K->6846K(109248K), 0.0076315 secs] 105572K->18720K(502464K), 0.0077551 secs] [Times: user=0.00 sys=0.00, real=0.01 secs] 
Heap after GC invocations=15 (full 2):
 par new generation   total 109248K, used 6846K [0x00000000e0000000, 0x00000000e8000000, 0x00000000e8000000)
  eden space 87424K,   0% used [0x00000000e0000000, 0x00000000e0000000, 0x00000000e5560000)
  from space 21824K,  31% used [0x00000000e6ab0000, 0x00000000e715f8f0, 0x00000000e8000000)
  to   space 21824K,   0% used [0x00000000e5560000, 0x00000000e5560000, 0x00000000e6ab0000)
 concurrent mark-sweep generation total 393216K, used 11874K [0x00000000e8000000, 0x0000000100000000, 0x0000000100000000)
 Metaspace       used 38198K, capacity 39538K, committed 39668K, reserved 1083392K
  class space    used 4680K, capacity 5001K, committed 5016K, reserved 1048576K
}
2019-04-16T11:37:58.876-0500: 32.800: Total time for which application threads were stopped: 0.0082701 seconds, Stopping threads took: 0.0000412 seconds
2019-04-16T11:37:59.008-0500: 32.933: Total time for which application threads were stopped: 0.0009925 seconds, Stopping threads took: 0.0000625 seconds
2019-04-16T11:37:59.173-0500: 33.096: Total time for which application threads were stopped: 0.0011724 seconds, Stopping threads took: 0.0009576 seconds
2019-04-16T11:37:59.178-0500: 33.102: Total time for which application threads were stopped: 0.0002366 seconds, Stopping threads took: 0.0000465 seconds
2019-04-16T11:37:59.194-0500: 33.117: Total time for which application threads were stopped: 0.0002730 seconds, Stopping threads took: 0.0001047 seconds
2019-04-16T11:37:59.195-0500: 33.118: Total time for which application threads were stopped: 0.0002798 seconds, Stopping threads took: 0.0000950 seconds
{Heap before GC invocations=15 (full 2):
 par new generation   total 109248K, used 94270K [0x00000000e0000000, 0x00000000e8000000, 0x00000000e8000000)
  eden space 87424K, 100% used [0x00000000e0000000, 0x00000000e5560000, 0x00000000e5560000)
  from space 21824K,  31% used [0x00000000e6ab0000, 0x00000000e715f8f0, 0x00000000e8000000)
  to   space 21824K,   0% used [0x00000000e5560000, 0x00000000e5560000, 0x00000000e6ab0000)
 concurrent mark-sweep generation total 393216K, used 11874K [0x00000000e8000000, 0x0000000100000000, 0x0000000100000000)
 Metaspace       used 40264K, capacity 41660K, committed 42008K, reserved 1085440K
  class space    used 4976K, capacity 5300K, committed 5400K, reserved 1048576K
2019-04-16T11:37:59.694-0500: 33.618: [GC (Allocation Failure) 2019-04-16T11:37:59.694-0500: 33.618: [ParNew
Desired survivor size 20112992 bytes, new threshold 8 (max 8)
- age   1:    2689080 bytes,    2689080 total
- age   2:    1007576 bytes,    3696656 total
- age   3:     232064 bytes,    3928720 total
- age   4:      78280 bytes,    4007000 total
- age   5:     211088 bytes,    4218088 total
- age   6:    2109488 bytes,    6327576 total
- age   7:     772400 bytes,    7099976 total
- age   8:      60128 bytes,    7160104 total
: 94270K->8697K(109248K), 0.0104276 secs] 106144K->20612K(502464K), 0.0105605 secs] [Times: user=0.00 sys=0.00, real=0.01 secs] 
Heap after GC invocations=16 (full 2):
 par new generation   total 109248K, used 8697K [0x00000000e0000000, 0x00000000e8000000, 0x00000000e8000000)
  eden space 87424K,   0% used [0x00000000e0000000, 0x00000000e0000000, 0x00000000e5560000)
  from space 21824K,  39% used [0x00000000e5560000, 0x00000000e5dde5e0, 0x00000000e6ab0000)
  to   space 21824K,   0% used [0x00000000e6ab0000, 0x00000000e6ab0000, 0x00000000e8000000)
 concurrent mark-sweep generation total 393216K, used 11914K [0x00000000e8000000, 0x0000000100000000, 0x0000000100000000)
 Metaspace       used 40264K, capacity 41660K, committed 42008K, reserved 1085440K
  class space    used 4976K, capacity 5300K, committed 5400K, reserved 1048576K
}
2019-04-16T11:37:59.704-0500: 33.628: Total time for which application threads were stopped: 0.0110051 seconds, Stopping threads took: 0.0000451 seconds
2019-04-16T11:37:59.709-0500: 33.633: Total time for which application threads were stopped: 0.0002982 seconds, Stopping threads took: 0.0001207 seconds
2019-04-16T11:37:59.710-0500: 33.633: Total time for which application threads were stopped: 0.0001687 seconds, Stopping threads took: 0.0000320 seconds
2019-04-16T11:37:59.710-0500: 33.633: Total time for which application threads were stopped: 0.0001522 seconds, Stopping threads took: 0.0000325 seconds
2019-04-16T11:37:59.710-0500: 33.633: Total time for which application threads were stopped: 0.0001328 seconds, Stopping threads took: 0.0000286 seconds
2019-04-16T11:37:59.840-0500: 33.764: Total time for which application threads were stopped: 0.0003001 seconds, Stopping threads took: 0.0000698 seconds
2019-04-16T11:37:59.841-0500: 33.765: Total time for which application threads were stopped: 0.0002172 seconds, Stopping threads took: 0.0000533 seconds
2019-04-16T11:37:59.841-0500: 33.765: Total time for which application threads were stopped: 0.0001469 seconds, Stopping threads took: 0.0000359 seconds
2019-04-16T11:37:59.842-0500: 33.765: Total time for which application threads were stopped: 0.0006836 seconds, Stopping threads took: 0.0005537 seconds
2019-04-16T11:37:59.908-0500: 33.832: Total time for which application threads were stopped: 0.0026444 seconds, Stopping threads took: 0.0024417 seconds
2019-04-16T11:37:59.909-0500: 33.833: Total time for which application threads were stopped: 0.0003379 seconds, Stopping threads took: 0.0000984 seconds
2019-04-16T11:37:59.910-0500: 33.833: Total time for which application threads were stopped: 0.0002793 seconds, Stopping threads took: 0.0000562 seconds
2019-04-16T11:37:59.910-0500: 33.833: Total time for which application threads were stopped: 0.0002885 seconds, Stopping threads took: 0.0000722 seconds
2019-04-16T11:37:59.910-0500: 33.834: Total time for which application threads were stopped: 0.0002230 seconds, Stopping threads took: 0.0000291 seconds
2019-04-16T11:37:59.910-0500: 33.834: Total time for which application threads were stopped: 0.0002288 seconds, Stopping threads took: 0.0000315 seconds
2019-04-16T11:37:59.911-0500: 33.838: Total time for which application threads were stopped: 0.0022778 seconds, Stopping threads took: 0.0020145 seconds
2019-04-16T11:37:59.915-0500: 33.839: Total time for which application threads were stopped: 0.0010696 seconds, Stopping threads took: 0.0001285 seconds
2019-04-16T11:37:59.952-0500: 33.876: Total time for which application threads were stopped: 0.0004296 seconds, Stopping threads took: 0.0001755 seconds
2019-04-16T11:37:59.954-0500: 33.877: Total time for which application threads were stopped: 0.0003011 seconds, Stopping threads took: 0.0000625 seconds
2019-04-16T11:37:59.954-0500: 33.877: Total time for which application threads were stopped: 0.0002327 seconds, Stopping threads took: 0.0000335 seconds
2019-04-16T11:37:59.970-0500: 33.894: Total time for which application threads were stopped: 0.0141668 seconds, Stopping threads took: 0.0139442 seconds
2019-04-16T11:37:59.971-0500: 33.895: Total time for which application threads were stopped: 0.0003122 seconds, Stopping threads took: 0.0000824 seconds
2019-04-16T11:37:59.987-0500: 33.911: Total time for which application threads were stopped: 0.0003573 seconds, Stopping threads took: 0.0000834 seconds
2019-04-16T11:37:59.987-0500: 33.911: Total time for which application threads were stopped: 0.0001915 seconds, Stopping threads took: 0.0000339 seconds
2019-04-16T11:37:59.987-0500: 33.911: Total time for which application threads were stopped: 0.0001726 seconds, Stopping threads took: 0.0000354 seconds
2019-04-16T11:37:59.987-0500: 33.912: Total time for which application threads were stopped: 0.0002342 seconds, Stopping threads took: 0.0000359 seconds
2019-04-16T11:38:00.004-0500: 33.927: Total time for which application threads were stopped: 0.0003559 seconds, Stopping threads took: 0.0000766 seconds
2019-04-16T11:38:00.007-0500: 33.931: Total time for which application threads were stopped: 0.0004247 seconds, Stopping threads took: 0.0000718 seconds
2019-04-16T11:38:00.056-0500: 33.981: Total time for which application threads were stopped: 0.0003088 seconds, Stopping threads took: 0.0000514 seconds
2019-04-16T11:38:00.060-0500: 33.984: Total time for which application threads were stopped: 0.0009241 seconds, Stopping threads took: 0.0000771 seconds
{Heap before GC invocations=16 (full 2):
 par new generation   total 109248K, used 96121K [0x00000000e0000000, 0x00000000e8000000, 0x00000000e8000000)
  eden space 87424K, 100% used [0x00000000e0000000, 0x00000000e5560000, 0x00000000e5560000)
  from space 21824K,  39% used [0x00000000e5560000, 0x00000000e5dde5e0, 0x00000000e6ab0000)
  to   space 21824K,   0% used [0x00000000e6ab0000, 0x00000000e6ab0000, 0x00000000e8000000)
 concurrent mark-sweep generation total 393216K, used 11914K [0x00000000e8000000, 0x0000000100000000, 0x0000000100000000)
 Metaspace       used 41438K, capacity 42858K, committed 43160K, reserved 1087488K
  class space    used 5088K, capacity 5451K, committed 5528K, reserved 1048576K
2019-04-16T11:38:00.636-0500: 34.560: [GC (Allocation Failure) 2019-04-16T11:38:00.636-0500: 34.560: [ParNew
Desired survivor size 20112992 bytes, new threshold 8 (max 8)
- age   1:    4024048 bytes,    4024048 total
- age   2:     788840 bytes,    4812888 total
- age   3:    1007088 bytes,    5819976 total
- age   4:     231840 bytes,    6051816 total
- age   5:      78216 bytes,    6130032 total
- age   6:     210368 bytes,    6340400 total
- age   7:    2107424 bytes,    8447824 total
- age   8:     772192 bytes,    9220016 total
: 96121K->11934K(109248K), 0.0150395 secs] 108036K->23909K(502464K), 0.0151724 secs] [Times: user=0.03 sys=0.00, real=0.01 secs] 
Heap after GC invocations=17 (full 2):
 par new generation   total 109248K, used 11934K [0x00000000e0000000, 0x00000000e8000000, 0x00000000e8000000)
  eden space 87424K,   0% used [0x00000000e0000000, 0x00000000e0000000, 0x00000000e5560000)
  from space 21824K,  54% used [0x00000000e6ab0000, 0x00000000e7657b80, 0x00000000e8000000)
  to   space 21824K,   0% used [0x00000000e5560000, 0x00000000e5560000, 0x00000000e6ab0000)
 concurrent mark-sweep generation total 393216K, used 11974K [0x00000000e8000000, 0x0000000100000000, 0x0000000100000000)
 Metaspace       used 41438K, capacity 42858K, committed 43160K, reserved 1087488K
  class space    used 5088K, capacity 5451K, committed 5528K, reserved 1048576K
}
2019-04-16T11:38:00.649-0500: 34.575: Total time for which application threads were stopped: 0.0156533 seconds, Stopping threads took: 0.0000664 seconds
2019-04-16T11:38:00.938-0500: 34.861: Total time for which application threads were stopped: 0.0304907 seconds, Stopping threads took: 0.0302400 seconds
2019-04-16T11:38:00.938-0500: 34.862: Total time for which application threads were stopped: 0.0002705 seconds, Stopping threads took: 0.0000582 seconds
2019-04-16T11:38:00.942-0500: 34.867: Total time for which application threads were stopped: 0.0012034 seconds, Stopping threads took: 0.0000621 seconds
2019-04-16T11:38:01.013-0500: 34.937: Total time for which application threads were stopped: 0.0009130 seconds, Stopping threads took: 0.0000528 seconds
2019-04-16T11:38:01.088-0500: 35.012: Total time for which application threads were stopped: 0.0006153 seconds, Stopping threads took: 0.0004422 seconds
2019-04-16T11:38:01.114-0500: 35.038: Total time for which application threads were stopped: 0.0002429 seconds, Stopping threads took: 0.0000737 seconds
2019-04-16T11:38:01.115-0500: 35.039: Total time for which application threads were stopped: 0.0007971 seconds, Stopping threads took: 0.0000436 seconds
2019-04-16T11:38:01.464-0500: 35.387: Total time for which application threads were stopped: 0.0011084 seconds, Stopping threads took: 0.0000436 seconds
2019-04-16T11:38:01.507-0500: 35.431: Total time for which application threads were stopped: 0.0007743 seconds, Stopping threads took: 0.0000388 seconds
2019-04-16T11:38:02.406-0500: 36.330: Total time for which application threads were stopped: 0.0002904 seconds, Stopping threads took: 0.0001130 seconds
2019-04-16T11:38:02.447-0500: 36.370: Total time for which application threads were stopped: 0.0005755 seconds, Stopping threads took: 0.0000402 seconds
2019-04-16T11:38:02.467-0500: 36.391: Total time for which application threads were stopped: 0.0008659 seconds, Stopping threads took: 0.0000335 seconds
2019-04-16T11:38:02.492-0500: 36.416: Total time for which application threads were stopped: 0.0001518 seconds, Stopping threads took: 0.0000373 seconds
{Heap before GC invocations=17 (full 2):
 par new generation   total 109248K, used 99358K [0x00000000e0000000, 0x00000000e8000000, 0x00000000e8000000)
  eden space 87424K, 100% used [0x00000000e0000000, 0x00000000e5560000, 0x00000000e5560000)
  from space 21824K,  54% used [0x00000000e6ab0000, 0x00000000e7657b80, 0x00000000e8000000)
  to   space 21824K,   0% used [0x00000000e5560000, 0x00000000e5560000, 0x00000000e6ab0000)
 concurrent mark-sweep generation total 393216K, used 11974K [0x00000000e8000000, 0x0000000100000000, 0x0000000100000000)
 Metaspace       used 44306K, capacity 45898K, committed 46104K, reserved 1089536K
  class space    used 5499K, capacity 5865K, committed 5912K, reserved 1048576K
2019-04-16T11:38:02.520-0500: 36.444: [GC (Allocation Failure) 2019-04-16T11:38:02.520-0500: 36.444: [ParNew
Desired survivor size 20112992 bytes, new threshold 7 (max 8)
- age   1:   15472496 bytes,   15472496 total
- age   2:    2446440 bytes,   17918936 total
- age   3:     786808 bytes,   18705744 total
- age   4:    1007088 bytes,   19712832 total
- age   5:     231808 bytes,   19944640 total
- age   6:      78216 bytes,   20022856 total
- age   7:     210368 bytes,   20233224 total
- age   8:    2105176 bytes,   22338400 total
: 99358K->21824K(109248K), 0.0302448 secs] 111333K->37882K(502464K), 0.0303345 secs] [Times: user=0.11 sys=0.00, real=0.03 secs] 
Heap after GC invocations=18 (full 2):
 par new generation   total 109248K, used 21824K [0x00000000e0000000, 0x00000000e8000000, 0x00000000e8000000)
  eden space 87424K,   0% used [0x00000000e0000000, 0x00000000e0000000, 0x00000000e5560000)
  from space 21824K, 100% used [0x00000000e5560000, 0x00000000e6ab0000, 0x00000000e6ab0000)
  to   space 21824K,   0% used [0x00000000e6ab0000, 0x00000000e6ab0000, 0x00000000e8000000)
 concurrent mark-sweep generation total 393216K, used 16058K [0x00000000e8000000, 0x0000000100000000, 0x0000000100000000)
 Metaspace       used 44306K, capacity 45898K, committed 46104K, reserved 1089536K
  class space    used 5499K, capacity 5865K, committed 5912K, reserved 1048576K
}
2019-04-16T11:38:02.551-0500: 36.474: Total time for which application threads were stopped: 0.0306138 seconds, Stopping threads took: 0.0000315 seconds
2019-04-16T11:38:02.615-0500: 36.539: Total time for which application threads were stopped: 0.0002192 seconds, Stopping threads took: 0.0000834 seconds
2019-04-16T11:38:02.616-0500: 36.540: Total time for which application threads were stopped: 0.0001207 seconds, Stopping threads took: 0.0000398 seconds
2019-04-16T11:38:02.618-0500: 36.542: Total time for which application threads were stopped: 0.0002288 seconds, Stopping threads took: 0.0001314 seconds
2019-04-16T11:38:02.620-0500: 36.543: Total time for which application threads were stopped: 0.0004693 seconds, Stopping threads took: 0.0001159 seconds
2019-04-16T11:38:02.620-0500: 36.544: Total time for which application threads were stopped: 0.0001716 seconds, Stopping threads took: 0.0001052 seconds
2019-04-16T11:38:02.620-0500: 36.544: Total time for which application threads were stopped: 0.0002119 seconds, Stopping threads took: 0.0001479 seconds
2019-04-16T11:38:02.623-0500: 36.547: Total time for which application threads were stopped: 0.0002962 seconds, Stopping threads took: 0.0001590 seconds
2019-04-16T11:38:02.626-0500: 36.549: Total time for which application threads were stopped: 0.0001794 seconds, Stopping threads took: 0.0000422 seconds
2019-04-16T11:38:02.680-0500: 36.604: Total time for which application threads were stopped: 0.0007598 seconds, Stopping threads took: 0.0003748 seconds
2019-04-16T11:38:03.129-0500: 37.053: Total time for which application threads were stopped: 0.0002977 seconds, Stopping threads took: 0.0000664 seconds
2019-04-16T11:38:03.129-0500: 37.053: Total time for which application threads were stopped: 0.0001939 seconds, Stopping threads took: 0.0000805 seconds
2019-04-16T11:38:03.129-0500: 37.053: Total time for which application threads were stopped: 0.0001808 seconds, Stopping threads took: 0.0000771 seconds
2019-04-16T11:38:03.173-0500: 37.096: Total time for which application threads were stopped: 0.0009813 seconds, Stopping threads took: 0.0007583 seconds
2019-04-16T11:38:03.182-0500: 37.106: Total time for which application threads were stopped: 0.0002536 seconds, Stopping threads took: 0.0000490 seconds
2019-04-16T11:38:03.185-0500: 37.109: Total time for which application threads were stopped: 0.0001644 seconds, Stopping threads took: 0.0000524 seconds
2019-04-16T11:38:03.229-0500: 37.153: Total time for which application threads were stopped: 0.0001328 seconds, Stopping threads took: 0.0000330 seconds
2019-04-16T11:38:03.230-0500: 37.154: Total time for which application threads were stopped: 0.0000936 seconds, Stopping threads took: 0.0000199 seconds
2019-04-16T11:38:03.230-0500: 37.154: Total time for which application threads were stopped: 0.0000853 seconds, Stopping threads took: 0.0000218 seconds
2019-04-16T11:38:03.230-0500: 37.154: Total time for which application threads were stopped: 0.0000703 seconds, Stopping threads took: 0.0000170 seconds
2019-04-16T11:38:03.230-0500: 37.154: Total time for which application threads were stopped: 0.0000688 seconds, Stopping threads took: 0.0000165 seconds
2019-04-16T11:38:03.230-0500: 37.154: Total time for which application threads were stopped: 0.0000684 seconds, Stopping threads took: 0.0000170 seconds
2019-04-16T11:38:03.231-0500: 37.154: Total time for which application threads were stopped: 0.0001110 seconds, Stopping threads took: 0.0000170 seconds
2019-04-16T11:38:03.231-0500: 37.155: Total time for which application threads were stopped: 0.0000688 seconds, Stopping threads took: 0.0000170 seconds
2019-04-16T11:38:03.231-0500: 37.155: Total time for which application threads were stopped: 0.0000679 seconds, Stopping threads took: 0.0000165 seconds
2019-04-16T11:38:03.231-0500: 37.155: Total time for which application threads were stopped: 0.0000674 seconds, Stopping threads took: 0.0000160 seconds
2019-04-16T11:38:03.231-0500: 37.155: Total time for which application threads were stopped: 0.0000679 seconds, Stopping threads took: 0.0000165 seconds
2019-04-16T11:38:03.231-0500: 37.155: Total time for which application threads were stopped: 0.0000684 seconds, Stopping threads took: 0.0000170 seconds
2019-04-16T11:38:03.231-0500: 37.155: Total time for which application threads were stopped: 0.0000718 seconds, Stopping threads took: 0.0000199 seconds
2019-04-16T11:38:03.231-0500: 37.155: Total time for which application threads were stopped: 0.0000708 seconds, Stopping threads took: 0.0000189 seconds
2019-04-16T11:38:03.231-0500: 37.155: Total time for which application threads were stopped: 0.0000684 seconds, Stopping threads took: 0.0000170 seconds
2019-04-16T11:38:03.232-0500: 37.155: Total time for which application threads were stopped: 0.0000747 seconds, Stopping threads took: 0.0000170 seconds
2019-04-16T11:38:03.232-0500: 37.156: Total time for which application threads were stopped: 0.0000713 seconds, Stopping threads took: 0.0000184 seconds
2019-04-16T11:38:03.232-0500: 37.156: Total time for which application threads were stopped: 0.0000853 seconds, Stopping threads took: 0.0000330 seconds
2019-04-16T11:38:03.232-0500: 37.156: Total time for which application threads were stopped: 0.0000684 seconds, Stopping threads took: 0.0000165 seconds
2019-04-16T11:38:03.232-0500: 37.156: Total time for which application threads were stopped: 0.0000684 seconds, Stopping threads took: 0.0000165 seconds
2019-04-16T11:38:03.719-0500: 37.643: Total time for which application threads were stopped: 0.0004446 seconds, Stopping threads took: 0.0001702 seconds
2019-04-16T11:38:03.724-0500: 37.648: Total time for which application threads were stopped: 0.0003118 seconds, Stopping threads took: 0.0000737 seconds
2019-04-16T11:38:03.739-0500: 37.664: Total time for which application threads were stopped: 0.0067413 seconds, Stopping threads took: 0.0064097 seconds
2019-04-16T11:38:03.743-0500: 37.667: Total time for which application threads were stopped: 0.0002798 seconds, Stopping threads took: 0.0000630 seconds
2019-04-16T11:38:03.756-0500: 37.680: Total time for which application threads were stopped: 0.0003845 seconds, Stopping threads took: 0.0000979 seconds
2019-04-16T11:38:03.851-0500: 37.775: Total time for which application threads were stopped: 0.0004829 seconds, Stopping threads took: 0.0001537 seconds
2019-04-16T11:38:03.852-0500: 37.777: Total time for which application threads were stopped: 0.0003438 seconds, Stopping threads took: 0.0000679 seconds
2019-04-16T11:38:03.920-0500: 37.844: Total time for which application threads were stopped: 0.0003253 seconds, Stopping threads took: 0.0000718 seconds
2019-04-16T11:38:03.922-0500: 37.845: Total time for which application threads were stopped: 0.0001842 seconds, Stopping threads took: 0.0000495 seconds
2019-04-16T11:38:04.034-0500: 37.957: Total time for which application threads were stopped: 0.0004945 seconds, Stopping threads took: 0.0002196 seconds
2019-04-16T11:38:04.035-0500: 37.959: Total time for which application threads were stopped: 0.0005299 seconds, Stopping threads took: 0.0002798 seconds
2019-04-16T11:38:05.041-0500: 38.965: Total time for which application threads were stopped: 0.0006245 seconds, Stopping threads took: 0.0001013 seconds
2019-04-16T11:38:05.719-0500: 39.643: Total time for which application threads were stopped: 0.0019389 seconds, Stopping threads took: 0.0001314 seconds
2019-04-16T11:38:05.724-0500: 39.647: Total time for which application threads were stopped: 0.0004044 seconds, Stopping threads took: 0.0001265 seconds
2019-04-16T11:38:05.724-0500: 39.648: Total time for which application threads were stopped: 0.0003438 seconds, Stopping threads took: 0.0000892 seconds
2019-04-16T11:38:05.724-0500: 39.649: Total time for which application threads were stopped: 0.0002594 seconds, Stopping threads took: 0.0000708 seconds
2019-04-16T11:38:05.724-0500: 39.649: Total time for which application threads were stopped: 0.0002865 seconds, Stopping threads took: 0.0000853 seconds
2019-04-16T11:38:05.724-0500: 39.650: Total time for which application threads were stopped: 0.0002958 seconds, Stopping threads took: 0.0000921 seconds
2019-04-16T11:38:05.724-0500: 39.650: Total time for which application threads were stopped: 0.0004082 seconds, Stopping threads took: 0.0002041 seconds
2019-04-16T11:38:05.724-0500: 39.651: Total time for which application threads were stopped: 0.0002807 seconds, Stopping threads took: 0.0000844 seconds
2019-04-16T11:38:05.728-0500: 39.652: Total time for which application threads were stopped: 0.0011384 seconds, Stopping threads took: 0.0000785 seconds
2019-04-16T11:38:05.931-0500: 39.855: Total time for which application threads were stopped: 0.0005168 seconds, Stopping threads took: 0.0001038 seconds
2019-04-16T11:38:06.029-0500: 39.955: Total time for which application threads were stopped: 0.0003568 seconds, Stopping threads took: 0.0000737 seconds
2019-04-16T11:38:06.029-0500: 39.956: Total time for which application threads were stopped: 0.0002371 seconds, Stopping threads took: 0.0000533 seconds
2019-04-16T11:38:06.552-0500: 40.476: Total time for which application threads were stopped: 0.0003030 seconds, Stopping threads took: 0.0000490 seconds
2019-04-16T11:38:06.564-0500: 40.487: Total time for which application threads were stopped: 0.0002555 seconds, Stopping threads took: 0.0000960 seconds
2019-04-16T11:38:06.564-0500: 40.488: Total time for which application threads were stopped: 0.0002439 seconds, Stopping threads took: 0.0001028 seconds
2019-04-16T11:38:06.565-0500: 40.488: Total time for which application threads were stopped: 0.0001188 seconds, Stopping threads took: 0.0000315 seconds
2019-04-16T11:38:06.565-0500: 40.488: Total time for which application threads were stopped: 0.0001561 seconds, Stopping threads took: 0.0000514 seconds
2019-04-16T11:38:06.565-0500: 40.488: Total time for which application threads were stopped: 0.0001241 seconds, Stopping threads took: 0.0000305 seconds
2019-04-16T11:38:06.565-0500: 40.489: Total time for which application threads were stopped: 0.0001198 seconds, Stopping threads took: 0.0000296 seconds
2019-04-16T11:38:06.566-0500: 40.489: Total time for which application threads were stopped: 0.0001207 seconds, Stopping threads took: 0.0000315 seconds
2019-04-16T11:38:06.566-0500: 40.489: Total time for which application threads were stopped: 0.0001144 seconds, Stopping threads took: 0.0000296 seconds
2019-04-16T11:38:06.566-0500: 40.489: Total time for which application threads were stopped: 0.0001212 seconds, Stopping threads took: 0.0000310 seconds
2019-04-16T11:38:06.566-0500: 40.489: Total time for which application threads were stopped: 0.0001217 seconds, Stopping threads took: 0.0000310 seconds
2019-04-16T11:38:06.566-0500: 40.490: Total time for which application threads were stopped: 0.0001236 seconds, Stopping threads took: 0.0000315 seconds
2019-04-16T11:38:06.567-0500: 40.490: Total time for which application threads were stopped: 0.0001232 seconds, Stopping threads took: 0.0000310 seconds
2019-04-16T11:38:06.567-0500: 40.490: Total time for which application threads were stopped: 0.0001222 seconds, Stopping threads took: 0.0000310 seconds
2019-04-16T11:38:06.567-0500: 40.491: Total time for which application threads were stopped: 0.0003040 seconds, Stopping threads took: 0.0001115 seconds
2019-04-16T11:38:06.568-0500: 40.491: Total time for which application threads were stopped: 0.0001930 seconds, Stopping threads took: 0.0000427 seconds
2019-04-16T11:38:06.568-0500: 40.491: Total time for which application threads were stopped: 0.0001464 seconds, Stopping threads took: 0.0000364 seconds
2019-04-16T11:38:06.568-0500: 40.491: Total time for which application threads were stopped: 0.0001566 seconds, Stopping threads took: 0.0000364 seconds
2019-04-16T11:38:06.569-0500: 40.492: Total time for which application threads were stopped: 0.0001479 seconds, Stopping threads took: 0.0000320 seconds
2019-04-16T11:38:06.569-0500: 40.492: Total time for which application threads were stopped: 0.0002385 seconds, Stopping threads took: 0.0000364 seconds
2019-04-16T11:38:06.570-0500: 40.493: Total time for which application threads were stopped: 0.0005430 seconds, Stopping threads took: 0.0000364 seconds
2019-04-16T11:38:06.740-0500: 40.663: Total time for which application threads were stopped: 0.0011699 seconds, Stopping threads took: 0.0007976 seconds
2019-04-16T11:38:08.247-0500: 42.171: Total time for which application threads were stopped: 0.0005105 seconds, Stopping threads took: 0.0002143 seconds
2019-04-16T11:38:08.266-0500: 42.189: Total time for which application threads were stopped: 0.0030002 seconds, Stopping threads took: 0.0001217 seconds
2019-04-16T11:38:08.266-0500: 42.190: Total time for which application threads were stopped: 0.0003947 seconds, Stopping threads took: 0.0000790 seconds
2019-04-16T11:38:08.267-0500: 42.191: Total time for which application threads were stopped: 0.0003855 seconds, Stopping threads took: 0.0000703 seconds
2019-04-16T11:38:08.284-0500: 42.208: Total time for which application threads were stopped: 0.0004722 seconds, Stopping threads took: 0.0002007 seconds
2019-04-16T11:38:08.285-0500: 42.209: Total time for which application threads were stopped: 0.0003714 seconds, Stopping threads took: 0.0001619 seconds
2019-04-16T11:38:08.332-0500: 42.255: Total time for which application threads were stopped: 0.0004693 seconds, Stopping threads took: 0.0000785 seconds
2019-04-16T11:38:08.342-0500: 42.265: Total time for which application threads were stopped: 0.0003632 seconds, Stopping threads took: 0.0001139 seconds
2019-04-16T11:38:08.344-0500: 42.267: Total time for which application threads were stopped: 0.0011816 seconds, Stopping threads took: 0.0000664 seconds
2019-04-16T11:38:08.361-0500: 42.285: Total time for which application threads were stopped: 0.0001925 seconds, Stopping threads took: 0.0000432 seconds
2019-04-16T11:38:08.362-0500: 42.286: Total time for which application threads were stopped: 0.0007195 seconds, Stopping threads took: 0.0000286 seconds
2019-04-16T11:38:08.426-0500: 42.350: Total time for which application threads were stopped: 0.0002570 seconds, Stopping threads took: 0.0001227 seconds
2019-04-16T11:38:08.450-0500: 42.374: Total time for which application threads were stopped: 0.0007016 seconds, Stopping threads took: 0.0000305 seconds
2019-04-16T11:38:08.465-0500: 42.389: Total time for which application threads were stopped: 0.0003554 seconds, Stopping threads took: 0.0000412 seconds
2019-04-16T11:38:08.465-0500: 42.389: Total time for which application threads were stopped: 0.0001348 seconds, Stopping threads took: 0.0000281 seconds
2019-04-16T11:38:08.468-0500: 42.392: Total time for which application threads were stopped: 0.0002570 seconds, Stopping threads took: 0.0000679 seconds
2019-04-16T11:38:08.469-0500: 42.393: Total time for which application threads were stopped: 0.0004960 seconds, Stopping threads took: 0.0003185 seconds
2019-04-16T11:38:08.494-0500: 42.418: Total time for which application threads were stopped: 0.0001556 seconds, Stopping threads took: 0.0000364 seconds
2019-04-16T11:38:08.496-0500: 42.420: Total time for which application threads were stopped: 0.0003035 seconds, Stopping threads took: 0.0001377 seconds
2019-04-16T11:38:08.496-0500: 42.420: Total time for which application threads were stopped: 0.0002400 seconds, Stopping threads took: 0.0000640 seconds
2019-04-16T11:38:08.517-0500: 42.441: Total time for which application threads were stopped: 0.0002730 seconds, Stopping threads took: 0.0000693 seconds
2019-04-16T11:38:08.573-0500: 42.497: Total time for which application threads were stopped: 0.0010904 seconds, Stopping threads took: 0.0000480 seconds
2019-04-16T11:38:08.603-0500: 42.527: Total time for which application threads were stopped: 0.0004272 seconds, Stopping threads took: 0.0000752 seconds
2019-04-16T11:38:08.607-0500: 42.530: Total time for which application threads were stopped: 0.0004291 seconds, Stopping threads took: 0.0002196 seconds
2019-04-16T11:38:08.608-0500: 42.532: Total time for which application threads were stopped: 0.0011152 seconds, Stopping threads took: 0.0001503 seconds
2019-04-16T11:38:08.609-0500: 42.532: Total time for which application threads were stopped: 0.0002982 seconds, Stopping threads took: 0.0001455 seconds
2019-04-16T11:38:08.611-0500: 42.535: Total time for which application threads were stopped: 0.0003040 seconds, Stopping threads took: 0.0000984 seconds
2019-04-16T11:38:08.618-0500: 42.541: Total time for which application threads were stopped: 0.0004596 seconds, Stopping threads took: 0.0000703 seconds
2019-04-16T11:38:08.620-0500: 42.544: Total time for which application threads were stopped: 0.0004121 seconds, Stopping threads took: 0.0000543 seconds
2019-04-16T11:38:08.621-0500: 42.545: Total time for which application threads were stopped: 0.0002977 seconds, Stopping threads took: 0.0001324 seconds
2019-04-16T11:38:08.631-0500: 42.555: Total time for which application threads were stopped: 0.0010579 seconds, Stopping threads took: 0.0000592 seconds
2019-04-16T11:38:08.635-0500: 42.559: Total time for which application threads were stopped: 0.0004931 seconds, Stopping threads took: 0.0002560 seconds
2019-04-16T11:38:08.673-0500: 42.597: Total time for which application threads were stopped: 0.0003690 seconds, Stopping threads took: 0.0001047 seconds
2019-04-16T11:38:09.673-0500: 43.597: Total time for which application threads were stopped: 0.0003695 seconds, Stopping threads took: 0.0000800 seconds
2019-04-16T11:38:09.871-0500: 43.795: Total time for which application threads were stopped: 0.0005416 seconds, Stopping threads took: 0.0001944 seconds
2019-04-16T11:38:09.872-0500: 43.795: Total time for which application threads were stopped: 0.0004504 seconds, Stopping threads took: 0.0001333 seconds
2019-04-16T11:38:10.873-0500: 44.797: Total time for which application threads were stopped: 0.0008752 seconds, Stopping threads took: 0.0000878 seconds
2019-04-16T11:38:13.881-0500: 47.805: Total time for which application threads were stopped: 0.0004432 seconds, Stopping threads took: 0.0001067 seconds
2019-04-16T11:38:15.723-0500: 49.650: Total time for which application threads were stopped: 0.0005348 seconds, Stopping threads took: 0.0002327 seconds
2019-04-16T11:38:15.723-0500: 49.651: Total time for which application threads were stopped: 0.0003801 seconds, Stopping threads took: 0.0001493 seconds
2019-04-16T11:38:15.728-0500: 49.651: Total time for which application threads were stopped: 0.0004257 seconds, Stopping threads took: 0.0001682 seconds
2019-04-16T11:38:15.728-0500: 49.652: Total time for which application threads were stopped: 0.0004499 seconds, Stopping threads took: 0.0002187 seconds
2019-04-16T11:38:15.729-0500: 49.652: Total time for which application threads were stopped: 0.0003268 seconds, Stopping threads took: 0.0000718 seconds
2019-04-16T11:38:15.729-0500: 49.653: Total time for which application threads were stopped: 0.0002851 seconds, Stopping threads took: 0.0000679 seconds
2019-04-16T11:38:15.729-0500: 49.653: Total time for which application threads were stopped: 0.0002856 seconds, Stopping threads took: 0.0000688 seconds
2019-04-16T11:38:15.729-0500: 49.654: Total time for which application threads were stopped: 0.0002822 seconds, Stopping threads took: 0.0000664 seconds
2019-04-16T11:38:15.729-0500: 49.654: Total time for which application threads were stopped: 0.0002836 seconds, Stopping threads took: 0.0000674 seconds
2019-04-16T11:38:15.729-0500: 49.655: Total time for which application threads were stopped: 0.0003719 seconds, Stopping threads took: 0.0000698 seconds
2019-04-16T11:38:15.729-0500: 49.656: Total time for which application threads were stopped: 0.0004388 seconds, Stopping threads took: 0.0002090 seconds
2019-04-16T11:38:15.729-0500: 49.656: Total time for which application threads were stopped: 0.0004315 seconds, Stopping threads took: 0.0002002 seconds
2019-04-16T11:38:15.733-0500: 49.657: Total time for which application threads were stopped: 0.0002856 seconds, Stopping threads took: 0.0000684 seconds
2019-04-16T11:38:15.733-0500: 49.657: Total time for which application threads were stopped: 0.0002846 seconds, Stopping threads took: 0.0000674 seconds
2019-04-16T11:38:15.733-0500: 49.658: Total time for which application threads were stopped: 0.0002928 seconds, Stopping threads took: 0.0000737 seconds
2019-04-16T11:38:15.733-0500: 49.658: Total time for which application threads were stopped: 0.0002972 seconds, Stopping threads took: 0.0000727 seconds
2019-04-16T11:38:16.734-0500: 50.657: Total time for which application threads were stopped: 0.0003719 seconds, Stopping threads took: 0.0000882 seconds
2019-04-16T11:38:20.761-0500: 54.684: Total time for which application threads were stopped: 0.0002550 seconds, Stopping threads took: 0.0000524 seconds
2019-04-16T11:38:21.761-0500: 55.685: Total time for which application threads were stopped: 0.0002104 seconds, Stopping threads took: 0.0000509 seconds
2019-04-16T11:38:22.763-0500: 56.686: Total time for which application threads were stopped: 0.0002274 seconds, Stopping threads took: 0.0000659 seconds
2019-04-16T11:38:23.766-0500: 57.690: Total time for which application threads were stopped: 0.0002914 seconds, Stopping threads took: 0.0000630 seconds
2019-04-16T11:38:30.584-0500: 64.508: Total time for which application threads were stopped: 0.0003568 seconds, Stopping threads took: 0.0000742 seconds
2019-04-16T11:38:37.599-0500: 71.522: Total time for which application threads were stopped: 0.0002594 seconds, Stopping threads took: 0.0000713 seconds
2019-04-16T11:38:41.460-0500: 75.385: Total time for which application threads were stopped: 0.0003690 seconds, Stopping threads took: 0.0000805 seconds
2019-04-16T11:38:41.460-0500: 75.393: Total time for which application threads were stopped: 0.0003035 seconds, Stopping threads took: 0.0000616 seconds
2019-04-16T11:38:41.675-0500: 75.599: Total time for which application threads were stopped: 0.0002434 seconds, Stopping threads took: 0.0000485 seconds
2019-04-16T11:38:41.710-0500: 75.633: Total time for which application threads were stopped: 0.0002211 seconds, Stopping threads took: 0.0000514 seconds
2019-04-16T11:38:42.717-0500: 76.641: Total time for which application threads were stopped: 0.0004936 seconds, Stopping threads took: 0.0001358 seconds
2019-04-16T11:38:43.720-0500: 77.644: Total time for which application threads were stopped: 0.0001886 seconds, Stopping threads took: 0.0000446 seconds
2019-04-16T11:38:46.737-0500: 80.661: Total time for which application threads were stopped: 0.0004097 seconds, Stopping threads took: 0.0001067 seconds
2019-04-16T11:39:17.879-0500: 111.803: Total time for which application threads were stopped: 0.0003709 seconds, Stopping threads took: 0.0001062 seconds
2019-04-16T11:39:21.894-0500: 115.818: Total time for which application threads were stopped: 0.0003855 seconds, Stopping threads took: 0.0000907 seconds
2019-04-16T11:39:22.907-0500: 116.831: Total time for which application threads were stopped: 0.0004199 seconds, Stopping threads took: 0.0001469 seconds
2019-04-16T11:39:26.948-0500: 120.872: Total time for which application threads were stopped: 0.0004286 seconds, Stopping threads took: 0.0001232 seconds
2019-04-16T11:39:27.955-0500: 121.879: Total time for which application threads were stopped: 0.0003748 seconds, Stopping threads took: 0.0001178 seconds
2019-04-16T11:39:28.963-0500: 122.886: Total time for which application threads were stopped: 0.0001644 seconds, Stopping threads took: 0.0000548 seconds
2019-04-16T11:39:29.977-0500: 123.900: Total time for which application threads were stopped: 0.0004179 seconds, Stopping threads took: 0.0001338 seconds
2019-04-16T11:39:35.010-0500: 128.934: Total time for which application threads were stopped: 0.0004761 seconds, Stopping threads took: 0.0000708 seconds
2019-04-16T11:39:36.015-0500: 129.938: Total time for which application threads were stopped: 0.0002846 seconds, Stopping threads took: 0.0000630 seconds
2019-04-16T11:39:42.040-0500: 135.964: Total time for which application threads were stopped: 0.0005154 seconds, Stopping threads took: 0.0001154 seconds
2019-04-16T11:39:43.043-0500: 136.966: Total time for which application threads were stopped: 0.0005042 seconds, Stopping threads took: 0.0001401 seconds
2019-04-16T11:39:47.052-0500: 140.976: Total time for which application threads were stopped: 0.0004878 seconds, Stopping threads took: 0.0001101 seconds
2019-04-16T11:39:56.101-0500: 150.024: Total time for which application threads were stopped: 0.0005081 seconds, Stopping threads took: 0.0001227 seconds
2019-04-16T11:39:57.102-0500: 151.026: Total time for which application threads were stopped: 0.0011118 seconds, Stopping threads took: 0.0008499 seconds
2019-04-16T11:39:57.453-0500: 151.377: Total time for which application threads were stopped: 0.0006560 seconds, Stopping threads took: 0.0003307 seconds
2019-04-16T11:39:58.454-0500: 152.377: Total time for which application threads were stopped: 0.0004926 seconds, Stopping threads took: 0.0000945 seconds
2019-04-16T11:40:08.698-0500: 162.622: Total time for which application threads were stopped: 0.0004005 seconds, Stopping threads took: 0.0000766 seconds
2019-04-16T11:40:09.701-0500: 163.625: Total time for which application threads were stopped: 0.0004999 seconds, Stopping threads took: 0.0001159 seconds
2019-04-16T11:40:16.726-0500: 170.650: Total time for which application threads were stopped: 0.0004640 seconds, Stopping threads took: 0.0001101 seconds
2019-04-16T11:40:42.864-0500: 196.788: Total time for which application threads were stopped: 0.0003190 seconds, Stopping threads took: 0.0000664 seconds
2019-04-16T11:40:43.871-0500: 197.795: Total time for which application threads were stopped: 0.0004179 seconds, Stopping threads took: 0.0001324 seconds
2019-04-16T11:40:45.884-0500: 199.807: Total time for which application threads were stopped: 0.0004165 seconds, Stopping threads took: 0.0001299 seconds
2019-04-16T11:40:55.942-0500: 209.866: Total time for which application threads were stopped: 0.0003777 seconds, Stopping threads took: 0.0000999 seconds
2019-04-16T11:40:58.949-0500: 212.873: Total time for which application threads were stopped: 0.0003985 seconds, Stopping threads took: 0.0001081 seconds
2019-04-16T11:40:59.954-0500: 213.878: Total time for which application threads were stopped: 0.0004548 seconds, Stopping threads took: 0.0001149 seconds
2019-04-16T11:41:00.961-0500: 214.884: Total time for which application threads were stopped: 0.0003350 seconds, Stopping threads took: 0.0000887 seconds
2019-04-16T11:41:05.983-0500: 219.907: Total time for which application threads were stopped: 0.0004684 seconds, Stopping threads took: 0.0001057 seconds
2019-04-16T11:41:07.993-0500: 221.916: Total time for which application threads were stopped: 0.0005804 seconds, Stopping threads took: 0.0001469 seconds
{Heap before GC invocations=18 (full 2):
 par new generation   total 109248K, used 109248K [0x00000000e0000000, 0x00000000e8000000, 0x00000000e8000000)
  eden space 87424K, 100% used [0x00000000e0000000, 0x00000000e5560000, 0x00000000e5560000)
  from space 21824K, 100% used [0x00000000e5560000, 0x00000000e6ab0000, 0x00000000e6ab0000)
  to   space 21824K,   0% used [0x00000000e6ab0000, 0x00000000e6ab0000, 0x00000000e8000000)
 concurrent mark-sweep generation total 393216K, used 16058K [0x00000000e8000000, 0x0000000100000000, 0x0000000100000000)
 Metaspace       used 48640K, capacity 50662K, committed 50840K, reserved 1093632K
  class space    used 6054K, capacity 6497K, committed 6552K, reserved 1048576K
2019-04-16T11:41:43.212-0500: 257.136: [GC (Allocation Failure) 2019-04-16T11:41:43.212-0500: 257.136: [ParNew
Desired survivor size 20112992 bytes, new threshold 4 (max 8)
- age   1:    5346592 bytes,    5346592 total
- age   2:   11699408 bytes,   17046000 total
- age   3:    2439360 bytes,   19485360 total
- age   4:     781000 bytes,   20266360 total
- age   5:    1006744 bytes,   21273104 total
- age   6:     151160 bytes,   21424264 total
- age   7:      78216 bytes,   21502480 total
: 109248K->21824K(109248K), 0.0966113 secs] 125306K->43766K(502464K), 0.0968489 secs] [Times: user=0.30 sys=0.03, real=0.10 secs] 
Heap after GC invocations=19 (full 2):
 par new generation   total 109248K, used 21824K [0x00000000e0000000, 0x00000000e8000000, 0x00000000e8000000)
  eden space 87424K,   0% used [0x00000000e0000000, 0x00000000e0000000, 0x00000000e5560000)
  from space 21824K, 100% used [0x00000000e6ab0000, 0x00000000e8000000, 0x00000000e8000000)
  to   space 21824K,   0% used [0x00000000e5560000, 0x00000000e5560000, 0x00000000e6ab0000)
 concurrent mark-sweep generation total 393216K, used 21942K [0x00000000e8000000, 0x0000000100000000, 0x0000000100000000)
 Metaspace       used 48640K, capacity 50662K, committed 50840K, reserved 1093632K
  class space    used 6054K, capacity 6497K, committed 6552K, reserved 1048576K
}
2019-04-16T11:41:43.308-0500: 257.233: Total time for which application threads were stopped: 0.0981168 seconds, Stopping threads took: 0.0002366 seconds
2019-04-16T11:41:44.312-0500: 258.236: Total time for which application threads were stopped: 0.0015074 seconds, Stopping threads took: 0.0012044 seconds
2019-04-16T11:41:52.340-0500: 266.263: Total time for which application threads were stopped: 0.0004228 seconds, Stopping threads took: 0.0001353 seconds
2019-04-16T11:41:59.371-0500: 273.294: Total time for which application threads were stopped: 0.0003840 seconds, Stopping threads took: 0.0000945 seconds
2019-04-16T11:42:41.548-0500: 315.472: Total time for which application threads were stopped: 0.0007113 seconds, Stopping threads took: 0.0001493 seconds
2019-04-16T11:42:44.558-0500: 318.482: Total time for which application threads were stopped: 0.0003816 seconds, Stopping threads took: 0.0001057 seconds
2019-04-16T11:43:44.720-0500: 378.643: Total time for which application threads were stopped: 0.0004509 seconds, Stopping threads took: 0.0000766 seconds
2019-04-16T11:43:52.752-0500: 386.675: Total time for which application threads were stopped: 0.0003762 seconds, Stopping threads took: 0.0000975 seconds
2019-04-16T11:44:32.924-0500: 426.847: Total time for which application threads were stopped: 0.0004184 seconds, Stopping threads took: 0.0001198 seconds
2019-04-16T11:44:44.970-0500: 438.894: Total time for which application threads were stopped: 0.0004412 seconds, Stopping threads took: 0.0001270 seconds
2019-04-16T11:44:45.979-0500: 439.903: Total time for which application threads were stopped: 0.0007927 seconds, Stopping threads took: 0.0001362 seconds
2019-04-16T11:45:31.104-0500: 485.027: Total time for which application threads were stopped: 0.0003976 seconds, Stopping threads took: 0.0001188 seconds
2019-04-16T11:45:38.122-0500: 492.045: Total time for which application threads were stopped: 0.0004058 seconds, Stopping threads took: 0.0001033 seconds
2019-04-16T11:45:46.142-0500: 500.066: Total time for which application threads were stopped: 0.0005256 seconds, Stopping threads took: 0.0001299 seconds
2019-04-16T11:46:00.175-0500: 514.098: Total time for which application threads were stopped: 0.0005358 seconds, Stopping threads took: 0.0001217 seconds
2019-04-16T11:46:46.421-0500: 560.344: Total time for which application threads were stopped: 0.0004141 seconds, Stopping threads took: 0.0001096 seconds
2019-04-16T11:47:40.623-0500: 614.547: Total time for which application threads were stopped: 0.0005130 seconds, Stopping threads took: 0.0001193 seconds
2019-04-16T11:47:40.623-0500: 614.548: Total time for which application threads were stopped: 0.0004747 seconds, Stopping threads took: 0.0002492 seconds
2019-04-16T11:48:32.775-0500: 666.699: Total time for which application threads were stopped: 0.0008684 seconds, Stopping threads took: 0.0001324 seconds
2019-04-16T11:48:32.776-0500: 666.701: Total time for which application threads were stopped: 0.0007375 seconds, Stopping threads took: 0.0001847 seconds
2019-04-16T11:48:32.780-0500: 666.703: Total time for which application threads were stopped: 0.0004247 seconds, Stopping threads took: 0.0001610 seconds
2019-04-16T11:48:32.780-0500: 666.704: Total time for which application threads were stopped: 0.0004252 seconds, Stopping threads took: 0.0001382 seconds
2019-04-16T11:48:32.786-0500: 666.710: Total time for which application threads were stopped: 0.0005387 seconds, Stopping threads took: 0.0001750 seconds
2019-04-16T11:48:32.787-0500: 666.711: Total time for which application threads were stopped: 0.0003491 seconds, Stopping threads took: 0.0000882 seconds
2019-04-16T11:48:32.788-0500: 666.712: Total time for which application threads were stopped: 0.0004606 seconds, Stopping threads took: 0.0001954 seconds
2019-04-16T11:48:32.788-0500: 666.712: Total time for which application threads were stopped: 0.0004490 seconds, Stopping threads took: 0.0001304 seconds
2019-04-16T11:48:32.790-0500: 666.714: Total time for which application threads were stopped: 0.0006337 seconds, Stopping threads took: 0.0001319 seconds
2019-04-16T11:48:32.792-0500: 666.716: Total time for which application threads were stopped: 0.0005464 seconds, Stopping threads took: 0.0002628 seconds
2019-04-16T11:48:32.792-0500: 666.716: Total time for which application threads were stopped: 0.0004965 seconds, Stopping threads took: 0.0001585 seconds
2019-04-16T11:48:32.795-0500: 666.720: Total time for which application threads were stopped: 0.0004039 seconds, Stopping threads took: 0.0000839 seconds
2019-04-16T11:48:32.795-0500: 666.722: Total time for which application threads were stopped: 0.0002943 seconds, Stopping threads took: 0.0000548 seconds
2019-04-16T11:48:32.795-0500: 666.723: Total time for which application threads were stopped: 0.0003564 seconds, Stopping threads took: 0.0001139 seconds
2019-04-16T11:48:32.800-0500: 666.724: Total time for which application threads were stopped: 0.0003864 seconds, Stopping threads took: 0.0000655 seconds
2019-04-16T11:48:32.800-0500: 666.725: Total time for which application threads were stopped: 0.0003903 seconds, Stopping threads took: 0.0000688 seconds
2019-04-16T11:48:32.897-0500: 666.820: Total time for which application threads were stopped: 0.0003452 seconds, Stopping threads took: 0.0000713 seconds
2019-04-16T11:48:32.898-0500: 666.821: Total time for which application threads were stopped: 0.0002686 seconds, Stopping threads took: 0.0000519 seconds
2019-04-16T11:48:32.899-0500: 666.823: Total time for which application threads were stopped: 0.0003486 seconds, Stopping threads took: 0.0001387 seconds
2019-04-16T11:48:32.947-0500: 666.873: Total time for which application threads were stopped: 0.0002410 seconds, Stopping threads took: 0.0000528 seconds
2019-04-16T11:48:32.947-0500: 666.874: Total time for which application threads were stopped: 0.0001886 seconds, Stopping threads took: 0.0000339 seconds
2019-04-16T11:48:32.947-0500: 666.875: Total time for which application threads were stopped: 0.0001576 seconds, Stopping threads took: 0.0000305 seconds
2019-04-16T11:48:32.985-0500: 666.909: Total time for which application threads were stopped: 0.0004141 seconds, Stopping threads took: 0.0001459 seconds
2019-04-16T11:48:32.986-0500: 666.910: Total time for which application threads were stopped: 0.0003055 seconds, Stopping threads took: 0.0001188 seconds
2019-04-16T11:48:33.046-0500: 666.971: Total time for which application threads were stopped: 0.0004470 seconds, Stopping threads took: 0.0002070 seconds
2019-04-16T11:48:33.090-0500: 667.014: Total time for which application threads were stopped: 0.0003525 seconds, Stopping threads took: 0.0001498 seconds
2019-04-16T11:48:33.142-0500: 667.066: Total time for which application threads were stopped: 0.0003108 seconds, Stopping threads took: 0.0000635 seconds
2019-04-16T11:48:34.150-0500: 668.073: Total time for which application threads were stopped: 0.0002851 seconds, Stopping threads took: 0.0000669 seconds
2019-04-16T11:48:47.181-0500: 681.104: Total time for which application threads were stopped: 0.0004427 seconds, Stopping threads took: 0.0001227 seconds
2019-04-16T11:48:48.182-0500: 682.106: Total time for which application threads were stopped: 0.0003098 seconds, Stopping threads took: 0.0000824 seconds
2019-04-16T11:49:11.780-0500: 705.704: Total time for which application threads were stopped: 0.0230943 seconds, Stopping threads took: 0.0224548 seconds
2019-04-16T11:49:11.781-0500: 705.705: Total time for which application threads were stopped: 0.0006492 seconds, Stopping threads took: 0.0001794 seconds
2019-04-16T11:49:11.795-0500: 705.719: Total time for which application threads were stopped: 0.0006410 seconds, Stopping threads took: 0.0001707 seconds
2019-04-16T11:49:11.803-0500: 705.727: Total time for which application threads were stopped: 0.0010002 seconds, Stopping threads took: 0.0005639 seconds
2019-04-16T11:49:11.829-0500: 705.753: Total time for which application threads were stopped: 0.0005886 seconds, Stopping threads took: 0.0001610 seconds
2019-04-16T11:50:48.127-0500: 802.051: Total time for which application threads were stopped: 0.0004296 seconds, Stopping threads took: 0.0001076 seconds
2019-04-16T11:50:49.134-0500: 803.057: Total time for which application threads were stopped: 0.0003578 seconds, Stopping threads took: 0.0000902 seconds
2019-04-16T11:51:11.803-0500: 825.727: Total time for which application threads were stopped: 0.0005847 seconds, Stopping threads took: 0.0001304 seconds
2019-04-16T11:51:11.847-0500: 825.774: Total time for which application threads were stopped: 0.0004141 seconds, Stopping threads took: 0.0000664 seconds
2019-04-16T11:51:49.022-0500: 862.946: Total time for which application threads were stopped: 0.0003821 seconds, Stopping threads took: 0.0001062 seconds
2019-04-16T11:52:00.091-0500: 874.015: Total time for which application threads were stopped: 0.0003908 seconds, Stopping threads took: 0.0001120 seconds
2019-04-16T11:52:33.229-0500: 907.153: Total time for which application threads were stopped: 0.0003806 seconds, Stopping threads took: 0.0001057 seconds
2019-04-16T11:52:40.641-0500: 914.565: Total time for which application threads were stopped: 0.0005435 seconds, Stopping threads took: 0.0001042 seconds
2019-04-16T11:52:40.641-0500: 914.565: Total time for which application threads were stopped: 0.0003903 seconds, Stopping threads took: 0.0001450 seconds
2019-04-16T11:52:41.645-0500: 915.569: Total time for which application threads were stopped: 0.0003767 seconds, Stopping threads took: 0.0000916 seconds
2019-04-16T11:52:49.675-0500: 923.599: Total time for which application threads were stopped: 0.0004446 seconds, Stopping threads took: 0.0001275 seconds
2019-04-16T11:53:49.916-0500: 983.840: Total time for which application threads were stopped: 0.0002992 seconds, Stopping threads took: 0.0000727 seconds
2019-04-16T11:53:50.924-0500: 984.848: Total time for which application threads were stopped: 0.0005236 seconds, Stopping threads took: 0.0001188 seconds
2019-04-16T11:54:20.994-0500: 1014.918: Total time for which application threads were stopped: 0.0004082 seconds, Stopping threads took: 0.0001183 seconds
2019-04-16T11:54:21.994-0500: 1015.918: Total time for which application threads were stopped: 0.0003704 seconds, Stopping threads took: 0.0001028 seconds
2019-04-16T11:54:22.996-0500: 1016.920: Total time for which application threads were stopped: 0.0006424 seconds, Stopping threads took: 0.0001406 seconds
2019-04-16T11:54:50.052-0500: 1043.976: Total time for which application threads were stopped: 0.0003913 seconds, Stopping threads took: 0.0000853 seconds
2019-04-16T11:54:51.054-0500: 1044.977: Total time for which application threads were stopped: 0.0003888 seconds, Stopping threads took: 0.0000892 seconds
2019-04-16T11:55:18.128-0500: 1072.052: Total time for which application threads were stopped: 0.0003825 seconds, Stopping threads took: 0.0001091 seconds
2019-04-16T11:55:25.761-0500: 1079.686: Total time for which application threads were stopped: 0.0006735 seconds, Stopping threads took: 0.0002070 seconds
2019-04-16T11:55:25.763-0500: 1079.687: Total time for which application threads were stopped: 0.0005915 seconds, Stopping threads took: 0.0001983 seconds
2019-04-16T11:55:25.766-0500: 1079.690: Total time for which application threads were stopped: 0.0007501 seconds, Stopping threads took: 0.0003030 seconds
2019-04-16T11:55:25.768-0500: 1079.693: Total time for which application threads were stopped: 0.0025338 seconds, Stopping threads took: 0.0006652 seconds
2019-04-16T11:55:25.775-0500: 1079.699: Total time for which application threads were stopped: 0.0006880 seconds, Stopping threads took: 0.0003030 seconds
2019-04-16T11:55:25.777-0500: 1079.701: Total time for which application threads were stopped: 0.0015622 seconds, Stopping threads took: 0.0001944 seconds
2019-04-16T11:55:25.779-0500: 1079.703: Total time for which application threads were stopped: 0.0005687 seconds, Stopping threads took: 0.0001765 seconds
2019-04-16T11:55:25.780-0500: 1079.704: Total time for which application threads were stopped: 0.0009697 seconds, Stopping threads took: 0.0001503 seconds
2019-04-16T11:55:25.782-0500: 1079.706: Total time for which application threads were stopped: 0.0006647 seconds, Stopping threads took: 0.0001775 seconds
2019-04-16T11:55:25.785-0500: 1079.709: Total time for which application threads were stopped: 0.0005716 seconds, Stopping threads took: 0.0001615 seconds
2019-04-16T11:55:25.786-0500: 1079.710: Total time for which application threads were stopped: 0.0004509 seconds, Stopping threads took: 0.0001261 seconds
2019-04-16T11:55:25.787-0500: 1079.712: Total time for which application threads were stopped: 0.0004834 seconds, Stopping threads took: 0.0000878 seconds
2019-04-16T11:55:25.790-0500: 1079.714: Total time for which application threads were stopped: 0.0005537 seconds, Stopping threads took: 0.0002201 seconds
2019-04-16T11:55:25.790-0500: 1079.715: Total time for which application threads were stopped: 0.0005358 seconds, Stopping threads took: 0.0002264 seconds
2019-04-16T11:55:25.833-0500: 1079.757: Total time for which application threads were stopped: 0.0005915 seconds, Stopping threads took: 0.0000810 seconds
2019-04-16T11:55:25.834-0500: 1079.759: Total time for which application threads were stopped: 0.0005842 seconds, Stopping threads took: 0.0002143 seconds
2019-04-16T11:55:25.834-0500: 1079.760: Total time for which application threads were stopped: 0.0005212 seconds, Stopping threads took: 0.0001998 seconds
2019-04-16T11:55:25.834-0500: 1079.760: Total time for which application threads were stopped: 0.0005358 seconds, Stopping threads took: 0.0002128 seconds
2019-04-16T11:55:25.834-0500: 1079.762: Total time for which application threads were stopped: 0.0005518 seconds, Stopping threads took: 0.0002705 seconds
2019-04-16T11:55:25.839-0500: 1079.762: Total time for which application threads were stopped: 0.0003927 seconds, Stopping threads took: 0.0001469 seconds
2019-04-16T11:55:25.839-0500: 1079.763: Total time for which application threads were stopped: 0.0005246 seconds, Stopping threads took: 0.0001096 seconds
2019-04-16T11:55:25.845-0500: 1079.769: Total time for which application threads were stopped: 0.0005207 seconds, Stopping threads took: 0.0001789 seconds
2019-04-16T11:55:25.859-0500: 1079.783: Total time for which application threads were stopped: 0.0004208 seconds, Stopping threads took: 0.0000824 seconds
2019-04-16T11:55:25.868-0500: 1079.792: Total time for which application threads were stopped: 0.0004979 seconds, Stopping threads took: 0.0001241 seconds
2019-04-16T11:55:25.889-0500: 1079.813: Total time for which application threads were stopped: 0.0011428 seconds, Stopping threads took: 0.0007510 seconds
2019-04-16T11:55:26.893-0500: 1080.816: Total time for which application threads were stopped: 0.0003995 seconds, Stopping threads took: 0.0001183 seconds
2019-04-16T11:55:37.440-0500: 1091.364: Total time for which application threads were stopped: 0.0010390 seconds, Stopping threads took: 0.0003646 seconds
2019-04-16T11:55:37.442-0500: 1091.366: Total time for which application threads were stopped: 0.0014817 seconds, Stopping threads took: 0.0009392 seconds
2019-04-16T11:55:37.504-0500: 1091.427: Total time for which application threads were stopped: 0.0010269 seconds, Stopping threads took: 0.0006371 seconds
2019-04-16T11:55:37.509-0500: 1091.432: Total time for which application threads were stopped: 0.0006550 seconds, Stopping threads took: 0.0002216 seconds
2019-04-16T11:55:37.530-0500: 1091.454: Total time for which application threads were stopped: 0.0006516 seconds, Stopping threads took: 0.0002327 seconds
2019-04-16T11:55:37.551-0500: 1091.475: Total time for which application threads were stopped: 0.0016650 seconds, Stopping threads took: 0.0001973 seconds
2019-04-16T11:55:42.564-0500: 1096.487: Total time for which application threads were stopped: 0.0005328 seconds, Stopping threads took: 0.0001076 seconds
2019-04-16T11:55:50.583-0500: 1104.507: Total time for which application threads were stopped: 0.0009503 seconds, Stopping threads took: 0.0001212 seconds
2019-04-16T11:55:51.583-0500: 1105.507: Total time for which application threads were stopped: 0.0003922 seconds, Stopping threads took: 0.0001076 seconds
2019-04-16T11:56:50.656-0500: 1164.580: Total time for which application threads were stopped: 0.0003719 seconds, Stopping threads took: 0.0000635 seconds
2019-04-16T11:56:50.657-0500: 1164.581: Total time for which application threads were stopped: 0.0003525 seconds, Stopping threads took: 0.0000887 seconds
2019-04-16T11:56:51.657-0500: 1165.581: Total time for which application threads were stopped: 0.0004979 seconds, Stopping threads took: 0.0000970 seconds
2019-04-16T11:57:37.537-0500: 1211.461: Total time for which application threads were stopped: 0.0004907 seconds, Stopping threads took: 0.0001348 seconds
2019-04-16T11:57:37.558-0500: 1211.482: Total time for which application threads were stopped: 0.0011050 seconds, Stopping threads took: 0.0003336 seconds
2019-04-16T11:57:51.607-0500: 1225.531: Total time for which application threads were stopped: 0.0002705 seconds, Stopping threads took: 0.0000664 seconds
2019-04-16T11:57:52.610-0500: 1226.534: Total time for which application threads were stopped: 0.0004068 seconds, Stopping threads took: 0.0001105 seconds
2019-04-16T11:58:25.730-0500: 1259.654: Total time for which application threads were stopped: 0.0003690 seconds, Stopping threads took: 0.0000853 seconds
2019-04-16T11:58:52.819-0500: 1286.743: Total time for which application threads were stopped: 0.0004325 seconds, Stopping threads took: 0.0001110 seconds
2019-04-16T12:01:08.197-0500: 1422.120: Total time for which application threads were stopped: 0.0004664 seconds, Stopping threads took: 0.0001280 seconds
2019-04-16T12:01:50.668-0500: 1464.592: Total time for which application threads were stopped: 0.0004955 seconds, Stopping threads took: 0.0001062 seconds
2019-04-16T12:01:50.669-0500: 1464.593: Total time for which application threads were stopped: 0.0004979 seconds, Stopping threads took: 0.0002167 seconds
{Heap before GC invocations=19 (full 2):
 par new generation   total 109248K, used 109248K [0x00000000e0000000, 0x00000000e8000000, 0x00000000e8000000)
  eden space 87424K, 100% used [0x00000000e0000000, 0x00000000e5560000, 0x00000000e5560000)
  from space 21824K, 100% used [0x00000000e6ab0000, 0x00000000e8000000, 0x00000000e8000000)
  to   space 21824K,   0% used [0x00000000e5560000, 0x00000000e5560000, 0x00000000e6ab0000)
 concurrent mark-sweep generation total 393216K, used 21942K [0x00000000e8000000, 0x0000000100000000, 0x0000000100000000)
 Metaspace       used 49355K, capacity 51432K, committed 51608K, reserved 1093632K
  class space    used 6078K, capacity 6530K, committed 6552K, reserved 1048576K
2019-04-16T12:01:53.270-0500: 1467.194: [GC (Allocation Failure) 2019-04-16T12:01:53.270-0500: 1467.194: [ParNew
Desired survivor size 20112992 bytes, new threshold 4 (max 8)
- age   1:    2888728 bytes,    2888728 total
- age   2:    4370624 bytes,    7259352 total
- age   3:   11596536 bytes,   18855888 total
- age   4:    2438320 bytes,   21294208 total
: 109248K->21824K(109248K), 0.0723049 secs] 131190K->45922K(502464K), 0.0725934 secs] [Times: user=0.28 sys=0.00, real=0.07 secs] 
Heap after GC invocations=20 (full 2):
 par new generation   total 109248K, used 21824K [0x00000000e0000000, 0x00000000e8000000, 0x00000000e8000000)
  eden space 87424K,   0% used [0x00000000e0000000, 0x00000000e0000000, 0x00000000e5560000)
  from space 21824K, 100% used [0x00000000e5560000, 0x00000000e6ab0000, 0x00000000e6ab0000)
  to   space 21824K,   0% used [0x00000000e6ab0000, 0x00000000e6ab0000, 0x00000000e8000000)
 concurrent mark-sweep generation total 393216K, used 24098K [0x00000000e8000000, 0x0000000100000000, 0x0000000100000000)
 Metaspace       used 49355K, capacity 51432K, committed 51608K, reserved 1093632K
  class space    used 6078K, capacity 6530K, committed 6552K, reserved 1048576K
}
2019-04-16T12:01:53.340-0500: 1467.266: Total time for which application threads were stopped: 0.0733958 seconds, Stopping threads took: 0.0001023 seconds
2019-04-16T12:01:54.342-0500: 1468.266: Total time for which application threads were stopped: 0.0007762 seconds, Stopping threads took: 0.0001217 seconds
2019-04-16T12:02:46.940-0500: 1520.863: Total time for which application threads were stopped: 0.0013207 seconds, Stopping threads took: 0.0002104 seconds
2019-04-16T12:02:46.943-0500: 1520.867: Total time for which application threads were stopped: 0.0004490 seconds, Stopping threads took: 0.0001101 seconds
2019-04-16T12:02:46.946-0500: 1520.870: Total time for which application threads were stopped: 0.0020713 seconds, Stopping threads took: 0.0017498 seconds
2019-04-16T12:02:46.956-0500: 1520.880: Total time for which application threads were stopped: 0.0009198 seconds, Stopping threads took: 0.0002526 seconds
2019-04-16T12:02:46.958-0500: 1520.882: Total time for which application threads were stopped: 0.0008533 seconds, Stopping threads took: 0.0002628 seconds
2019-04-16T12:02:46.959-0500: 1520.883: Total time for which application threads were stopped: 0.0007656 seconds, Stopping threads took: 0.0001964 seconds
2019-04-16T12:02:46.960-0500: 1520.884: Total time for which application threads were stopped: 0.0006594 seconds, Stopping threads took: 0.0001135 seconds
2019-04-16T12:02:46.960-0500: 1520.886: Total time for which application threads were stopped: 0.0007045 seconds, Stopping threads took: 0.0001687 seconds
2019-04-16T12:02:46.964-0500: 1520.887: Total time for which application threads were stopped: 0.0006958 seconds, Stopping threads took: 0.0001707 seconds
2019-04-16T12:02:46.966-0500: 1520.889: Total time for which application threads were stopped: 0.0008611 seconds, Stopping threads took: 0.0001552 seconds
2019-04-16T12:02:46.966-0500: 1520.891: Total time for which application threads were stopped: 0.0009726 seconds, Stopping threads took: 0.0003893 seconds
2019-04-16T12:02:46.971-0500: 1520.895: Total time for which application threads were stopped: 0.0006589 seconds, Stopping threads took: 0.0001018 seconds
2019-04-16T12:02:46.974-0500: 1520.898: Total time for which application threads were stopped: 0.0007680 seconds, Stopping threads took: 0.0002870 seconds
2019-04-16T12:02:46.975-0500: 1520.899: Total time for which application threads were stopped: 0.0006507 seconds, Stopping threads took: 0.0001736 seconds
2019-04-16T12:02:46.975-0500: 1520.899: Total time for which application threads were stopped: 0.0005018 seconds, Stopping threads took: 0.0000829 seconds
2019-04-16T12:02:46.976-0500: 1520.900: Total time for which application threads were stopped: 0.0004359 seconds, Stopping threads took: 0.0000684 seconds
2019-04-16T12:02:46.977-0500: 1520.901: Total time for which application threads were stopped: 0.0007568 seconds, Stopping threads took: 0.0001687 seconds
2019-04-16T12:02:46.978-0500: 1520.903: Total time for which application threads were stopped: 0.0005707 seconds, Stopping threads took: 0.0000834 seconds
2019-04-16T12:02:46.980-0500: 1520.903: Total time for which application threads were stopped: 0.0004213 seconds, Stopping threads took: 0.0001697 seconds
2019-04-16T12:02:46.998-0500: 1520.922: Total time for which application threads were stopped: 0.0026812 seconds, Stopping threads took: 0.0002158 seconds
2019-04-16T12:02:47.000-0500: 1520.924: Total time for which application threads were stopped: 0.0009968 seconds, Stopping threads took: 0.0002230 seconds
2019-04-16T12:02:47.002-0500: 1520.925: Total time for which application threads were stopped: 0.0013842 seconds, Stopping threads took: 0.0009212 seconds
2019-04-16T12:02:47.051-0500: 1520.975: Total time for which application threads were stopped: 0.0006119 seconds, Stopping threads took: 0.0001954 seconds
2019-04-16T12:02:47.057-0500: 1520.980: Total time for which application threads were stopped: 0.0005261 seconds, Stopping threads took: 0.0001702 seconds
2019-04-16T12:02:47.101-0500: 1521.025: Total time for which application threads were stopped: 0.0006269 seconds, Stopping threads took: 0.0001212 seconds
2019-04-16T12:02:48.104-0500: 1522.028: Total time for which application threads were stopped: 0.0005518 seconds, Stopping threads took: 0.0001149 seconds
2019-04-16T12:02:54.114-0500: 1528.038: Total time for which application threads were stopped: 0.0006468 seconds, Stopping threads took: 0.0001396 seconds
2019-04-16T12:02:55.119-0500: 1529.042: Total time for which application threads were stopped: 0.0004795 seconds, Stopping threads took: 0.0001290 seconds
2019-04-16T12:03:27.193-0500: 1561.116: Total time for which application threads were stopped: 0.0006124 seconds, Stopping threads took: 0.0001251 seconds
2019-04-16T12:03:48.252-0500: 1582.175: Total time for which application threads were stopped: 0.0006095 seconds, Stopping threads took: 0.0001217 seconds
2019-04-16T12:03:55.268-0500: 1589.191: Total time for which application threads were stopped: 0.0005057 seconds, Stopping threads took: 0.0001173 seconds
2019-04-16T12:04:10.299-0500: 1604.223: Total time for which application threads were stopped: 0.0005697 seconds, Stopping threads took: 0.0001712 seconds
2019-04-16T12:04:14.303-0500: 1608.227: Total time for which application threads were stopped: 0.0004281 seconds, Stopping threads took: 0.0001067 seconds
2019-04-16T12:04:47.064-0500: 1640.987: Total time for which application threads were stopped: 0.0005755 seconds, Stopping threads took: 0.0000887 seconds
2019-04-16T12:04:47.127-0500: 1641.051: Total time for which application threads were stopped: 0.0021067 seconds, Stopping threads took: 0.0001033 seconds
2019-04-16T12:04:56.144-0500: 1650.068: Total time for which application threads were stopped: 0.0002487 seconds, Stopping threads took: 0.0000664 seconds
2019-04-16T12:05:47.242-0500: 1701.166: Total time for which application threads were stopped: 0.0001964 seconds, Stopping threads took: 0.0000509 seconds
2019-04-16T12:05:56.272-0500: 1710.196: Total time for which application threads were stopped: 0.0004819 seconds, Stopping threads took: 0.0001261 seconds
2019-04-16T12:06:50.687-0500: 1764.610: Total time for which application threads were stopped: 0.0005682 seconds, Stopping threads took: 0.0001188 seconds
2019-04-16T12:06:50.687-0500: 1764.611: Total time for which application threads were stopped: 0.0003738 seconds, Stopping threads took: 0.0000897 seconds
2019-04-16T12:06:55.725-0500: 1769.648: Total time for which application threads were stopped: 0.0005430 seconds, Stopping threads took: 0.0002109 seconds
2019-04-16T12:06:56.731-0500: 1770.655: Total time for which application threads were stopped: 0.0005513 seconds, Stopping threads took: 0.0001498 seconds
2019-04-16T12:07:33.864-0500: 1807.787: Total time for which application threads were stopped: 0.0004029 seconds, Stopping threads took: 0.0001038 seconds
2019-04-16T12:07:47.904-0500: 1821.827: Total time for which application threads were stopped: 0.0005760 seconds, Stopping threads took: 0.0001367 seconds
2019-04-16T12:07:56.936-0500: 1830.859: Total time for which application threads were stopped: 0.0006705 seconds, Stopping threads took: 0.0001251 seconds
2019-04-16T12:08:14.996-0500: 1848.920: Total time for which application threads were stopped: 0.0004630 seconds, Stopping threads took: 0.0000892 seconds
2019-04-16T12:08:57.177-0500: 1891.100: Total time for which application threads were stopped: 0.0007408 seconds, Stopping threads took: 0.0001600 seconds
2019-04-16T12:08:58.182-0500: 1892.105: Total time for which application threads were stopped: 0.0005610 seconds, Stopping threads took: 0.0001430 seconds
2019-04-16T12:09:57.373-0500: 1951.297: Total time for which application threads were stopped: 0.0003632 seconds, Stopping threads took: 0.0001052 seconds
2019-04-16T12:09:58.374-0500: 1952.297: Total time for which application threads were stopped: 0.0004373 seconds, Stopping threads took: 0.0001154 seconds
2019-04-16T12:10:39.511-0500: 1993.435: Total time for which application threads were stopped: 0.0004441 seconds, Stopping threads took: 0.0001072 seconds
2019-04-16T12:10:58.590-0500: 2012.513: Total time for which application threads were stopped: 0.0002056 seconds, Stopping threads took: 0.0000577 seconds
2019-04-16T12:11:50.709-0500: 2064.632: Total time for which application threads were stopped: 0.0007724 seconds, Stopping threads took: 0.0001149 seconds
2019-04-16T12:11:50.709-0500: 2064.633: Total time for which application threads were stopped: 0.0005973 seconds, Stopping threads took: 0.0001222 seconds
2019-04-16T12:11:51.710-0500: 2065.634: Total time for which application threads were stopped: 0.0005411 seconds, Stopping threads took: 0.0001872 seconds
2019-04-16T12:11:58.731-0500: 2072.655: Total time for which application threads were stopped: 0.0004703 seconds, Stopping threads took: 0.0000800 seconds
2019-04-16T12:12:44.904-0500: 2118.827: Total time for which application threads were stopped: 0.0004398 seconds, Stopping threads took: 0.0001057 seconds
2019-04-16T12:12:58.950-0500: 2132.874: Total time for which application threads were stopped: 0.0006851 seconds, Stopping threads took: 0.0001353 seconds
2019-04-16T12:12:59.954-0500: 2133.878: Total time for which application threads were stopped: 0.0004218 seconds, Stopping threads took: 0.0000965 seconds
2019-04-16T12:13:48.070-0500: 2181.994: Total time for which application threads were stopped: 0.0004432 seconds, Stopping threads took: 0.0000945 seconds
2019-04-16T12:14:00.099-0500: 2194.023: Total time for which application threads were stopped: 0.0004364 seconds, Stopping threads took: 0.0001008 seconds
2019-04-16T12:14:26.168-0500: 2220.092: Total time for which application threads were stopped: 0.0005721 seconds, Stopping threads took: 0.0001818 seconds
2019-04-16T12:14:27.171-0500: 2221.094: Total time for which application threads were stopped: 0.0004422 seconds, Stopping threads took: 0.0001275 seconds
2019-04-16T12:15:00.282-0500: 2254.205: Total time for which application threads were stopped: 0.0004126 seconds, Stopping threads took: 0.0000989 seconds
2019-04-16T12:15:36.385-0500: 2290.309: Total time for which application threads were stopped: 0.0006119 seconds, Stopping threads took: 0.0001459 seconds
2019-04-16T12:16:00.489-0500: 2314.413: Total time for which application threads were stopped: 0.0004373 seconds, Stopping threads took: 0.0000868 seconds
2019-04-16T12:16:01.497-0500: 2315.420: Total time for which application threads were stopped: 0.0006545 seconds, Stopping threads took: 0.0001459 seconds
2019-04-16T12:16:50.741-0500: 2364.665: Total time for which application threads were stopped: 0.0006128 seconds, Stopping threads took: 0.0001110 seconds
2019-04-16T12:16:50.742-0500: 2364.666: Total time for which application threads were stopped: 0.0005004 seconds, Stopping threads took: 0.0002075 seconds
2019-04-16T12:18:02.140-0500: 2436.064: Total time for which application threads were stopped: 0.0010007 seconds, Stopping threads took: 0.0001833 seconds
2019-04-16T12:20:02.613-0500: 2556.536: Total time for which application threads were stopped: 0.0004495 seconds, Stopping threads took: 0.0000834 seconds
2019-04-16T12:21:00.775-0500: 2614.698: Total time for which application threads were stopped: 0.0007961 seconds, Stopping threads took: 0.0001707 seconds
2019-04-16T12:21:00.775-0500: 2614.699: Total time for which application threads were stopped: 0.0005818 seconds, Stopping threads took: 0.0002880 seconds
2019-04-16T12:21:18.818-0500: 2632.741: Total time for which application threads were stopped: 0.0004810 seconds, Stopping threads took: 0.0001333 seconds
2019-04-16T12:21:35.860-0500: 2649.783: Total time for which application threads were stopped: 0.0003903 seconds, Stopping threads took: 0.0000858 seconds
2019-04-16T12:21:39.874-0500: 2653.798: Total time for which application threads were stopped: 0.0004330 seconds, Stopping threads took: 0.0001275 seconds
2019-04-16T12:21:41.882-0500: 2655.805: Total time for which application threads were stopped: 0.0004596 seconds, Stopping threads took: 0.0001130 seconds
2019-04-16T12:22:02.931-0500: 2676.854: Total time for which application threads were stopped: 0.0003937 seconds, Stopping threads took: 0.0000916 seconds
2019-04-16T12:26:57.509-0500: 2971.433: Total time for which application threads were stopped: 0.1116940 seconds, Stopping threads took: 0.1114710 seconds
2019-04-16T12:26:57.509-0500: 2971.433: Total time for which application threads were stopped: 0.0002875 seconds, Stopping threads took: 0.0001319 seconds
2019-04-16T12:26:57.510-0500: 2971.434: Total time for which application threads were stopped: 0.0002167 seconds, Stopping threads took: 0.0000562 seconds
2019-04-16T12:26:57.510-0500: 2971.434: Total time for which application threads were stopped: 0.0003084 seconds, Stopping threads took: 0.0001416 seconds
2019-04-16T12:26:57.511-0500: 2971.434: Total time for which application threads were stopped: 0.0001576 seconds, Stopping threads took: 0.0000310 seconds
2019-04-16T12:26:57.511-0500: 2971.435: Total time for which application threads were stopped: 0.0003152 seconds, Stopping threads took: 0.0001813 seconds
2019-04-16T12:26:57.511-0500: 2971.435: Total time for which application threads were stopped: 0.0002676 seconds, Stopping threads took: 0.0001295 seconds
2019-04-16T12:26:57.512-0500: 2971.436: Total time for which application threads were stopped: 0.0008815 seconds, Stopping threads took: 0.0001105 seconds
2019-04-16T12:26:57.682-0500: 2971.605: Total time for which application threads were stopped: 0.0001910 seconds, Stopping threads took: 0.0000368 seconds
2019-04-16T12:26:57.682-0500: 2971.606: Total time for which application threads were stopped: 0.0001508 seconds, Stopping threads took: 0.0000490 seconds
2019-04-16T12:26:58.804-0500: 2972.730: Total time for which application threads were stopped: 0.0002943 seconds, Stopping threads took: 0.0000853 seconds
2019-04-16T12:26:58.804-0500: 2972.730: Total time for which application threads were stopped: 0.0004238 seconds, Stopping threads took: 0.0002851 seconds
2019-04-16T12:26:58.804-0500: 2972.731: Total time for which application threads were stopped: 0.0002516 seconds, Stopping threads took: 0.0000790 seconds
2019-04-16T12:26:58.808-0500: 2972.731: Total time for which application threads were stopped: 0.0002657 seconds, Stopping threads took: 0.0000752 seconds
2019-04-16T12:26:58.808-0500: 2972.732: Total time for which application threads were stopped: 0.0002749 seconds, Stopping threads took: 0.0000727 seconds
2019-04-16T12:26:58.808-0500: 2972.732: Total time for which application threads were stopped: 0.0002167 seconds, Stopping threads took: 0.0000422 seconds
2019-04-16T12:26:58.808-0500: 2972.733: Total time for which application threads were stopped: 0.0002410 seconds, Stopping threads took: 0.0000824 seconds
2019-04-16T12:26:58.808-0500: 2972.734: Total time for which application threads were stopped: 0.0002051 seconds, Stopping threads took: 0.0000412 seconds
2019-04-16T12:26:58.808-0500: 2972.734: Total time for which application threads were stopped: 0.0002395 seconds, Stopping threads took: 0.0000499 seconds
2019-04-16T12:26:58.812-0500: 2972.738: Total time for which application threads were stopped: 0.0002841 seconds, Stopping threads took: 0.0000490 seconds
2019-04-16T12:26:58.820-0500: 2972.744: Total time for which application threads were stopped: 0.0002982 seconds, Stopping threads took: 0.0000771 seconds
2019-04-16T12:26:58.820-0500: 2972.746: Total time for which application threads were stopped: 0.0004393 seconds, Stopping threads took: 0.0000465 seconds
2019-04-16T12:26:58.820-0500: 2972.746: Total time for which application threads were stopped: 0.0002279 seconds, Stopping threads took: 0.0000364 seconds
2019-04-16T12:26:58.820-0500: 2972.747: Total time for which application threads were stopped: 0.0001678 seconds, Stopping threads took: 0.0000281 seconds
2019-04-16T12:26:58.824-0500: 2972.747: Total time for which application threads were stopped: 0.0001518 seconds, Stopping threads took: 0.0000257 seconds
2019-04-16T12:26:58.836-0500: 2972.760: Total time for which application threads were stopped: 0.0003307 seconds, Stopping threads took: 0.0000713 seconds
2019-04-16T12:26:58.842-0500: 2972.766: Total time for which application threads were stopped: 0.0002555 seconds, Stopping threads took: 0.0000558 seconds
2019-04-16T12:26:58.892-0500: 2972.818: Total time for which application threads were stopped: 0.0006778 seconds, Stopping threads took: 0.0004155 seconds
2019-04-16T12:26:58.892-0500: 2972.818: Total time for which application threads were stopped: 0.0002836 seconds, Stopping threads took: 0.0000659 seconds
2019-04-16T12:26:58.892-0500: 2972.818: Total time for which application threads were stopped: 0.0002584 seconds, Stopping threads took: 0.0000732 seconds
2019-04-16T12:26:58.892-0500: 2972.819: Total time for which application threads were stopped: 0.0003714 seconds, Stopping threads took: 0.0001241 seconds
2019-04-16T12:26:58.923-0500: 2972.850: Total time for which application threads were stopped: 0.0003263 seconds, Stopping threads took: 0.0000562 seconds
2019-04-16T12:26:59.055-0500: 2972.981: Total time for which application threads were stopped: 0.0006531 seconds, Stopping threads took: 0.0002114 seconds
2019-04-16T12:26:59.059-0500: 2972.983: Total time for which application threads were stopped: 0.0002293 seconds, Stopping threads took: 0.0000305 seconds
2019-04-16T12:26:59.067-0500: 2972.992: Total time for which application threads were stopped: 0.0030303 seconds, Stopping threads took: 0.0001789 seconds
2019-04-16T12:26:59.067-0500: 2972.993: Total time for which application threads were stopped: 0.0005862 seconds, Stopping threads took: 0.0000436 seconds
2019-04-16T12:26:59.159-0500: 2973.083: Total time for which application threads were stopped: 0.0002172 seconds, Stopping threads took: 0.0000359 seconds
2019-04-16T12:26:59.159-0500: 2973.083: Total time for which application threads were stopped: 0.0001605 seconds, Stopping threads took: 0.0000199 seconds
2019-04-16T12:27:00.159-0500: 2974.082: Total time for which application threads were stopped: 0.0002832 seconds, Stopping threads took: 0.0000606 seconds
2019-04-16T12:27:01.723-0500: 2975.646: Total time for which application threads were stopped: 0.0013959 seconds, Stopping threads took: 0.0002473 seconds
2019-04-16T12:27:02.723-0500: 2976.647: Total time for which application threads were stopped: 0.0005333 seconds, Stopping threads took: 0.0001280 seconds
2019-04-16T12:27:13.755-0500: 2987.679: Total time for which application threads were stopped: 0.0004950 seconds, Stopping threads took: 0.0001265 seconds
2019-04-16T12:27:15.760-0500: 2989.683: Total time for which application threads were stopped: 0.0004984 seconds, Stopping threads took: 0.0000950 seconds
2019-04-16T12:27:22.781-0500: 2996.705: Total time for which application threads were stopped: 0.0005033 seconds, Stopping threads took: 0.0001076 seconds
{Heap before GC invocations=20 (full 2):
 par new generation   total 109248K, used 109248K [0x00000000e0000000, 0x00000000e8000000, 0x00000000e8000000)
  eden space 87424K, 100% used [0x00000000e0000000, 0x00000000e5560000, 0x00000000e5560000)
  from space 21824K, 100% used [0x00000000e5560000, 0x00000000e6ab0000, 0x00000000e6ab0000)
  to   space 21824K,   0% used [0x00000000e6ab0000, 0x00000000e6ab0000, 0x00000000e8000000)
 concurrent mark-sweep generation total 393216K, used 24098K [0x00000000e8000000, 0x0000000100000000, 0x0000000100000000)
 Metaspace       used 49856K, capacity 51970K, committed 52120K, reserved 1095680K
  class space    used 6085K, capacity 6535K, committed 6552K, reserved 1048576K
2019-04-16T12:27:24.475-0500: 2998.399: [GC (Allocation Failure) 2019-04-16T12:27:24.475-0500: 2998.399: [ParNew
Desired survivor size 20112992 bytes, new threshold 8 (max 8)
- age   1:     860352 bytes,     860352 total
- age   2:    2669864 bytes,    3530216 total
- age   3:    4301208 bytes,    7831424 total
- age   4:   11481952 bytes,   19313376 total
: 109248K->21824K(109248K), 0.0591534 secs] 133346K->48432K(502464K), 0.0593396 secs] [Times: user=0.19 sys=0.00, real=0.06 secs] 
Heap after GC invocations=21 (full 2):
 par new generation   total 109248K, used 21824K [0x00000000e0000000, 0x00000000e8000000, 0x00000000e8000000)
  eden space 87424K,   0% used [0x00000000e0000000, 0x00000000e0000000, 0x00000000e5560000)
  from space 21824K, 100% used [0x00000000e6ab0000, 0x00000000e8000000, 0x00000000e8000000)
  to   space 21824K,   0% used [0x00000000e5560000, 0x00000000e5560000, 0x00000000e6ab0000)
 concurrent mark-sweep generation total 393216K, used 26608K [0x00000000e8000000, 0x0000000100000000, 0x0000000100000000)
 Metaspace       used 49856K, capacity 51970K, committed 52120K, reserved 1095680K
  class space    used 6085K, capacity 6535K, committed 6552K, reserved 1048576K
}
2019-04-16T12:27:24.534-0500: 2998.458: Total time for which application threads were stopped: 0.0602734 seconds, Stopping threads took: 0.0000931 seconds
2019-04-16T12:27:25.538-0500: 2999.461: Total time for which application threads were stopped: 0.0006221 seconds, Stopping threads took: 0.0001319 seconds
2019-04-16T12:27:27.176-0500: 3001.100: Total time for which application threads were stopped: 0.0006599 seconds, Stopping threads took: 0.0000994 seconds
2019-04-16T12:27:27.180-0500: 3001.107: Total time for which application threads were stopped: 0.0006943 seconds, Stopping threads took: 0.0001130 seconds
2019-04-16T12:27:28.181-0500: 3002.105: Total time for which application threads were stopped: 0.0008412 seconds, Stopping threads took: 0.0001886 seconds
2019-04-16T12:27:31.185-0500: 3005.108: Total time for which application threads were stopped: 0.0005295 seconds, Stopping threads took: 0.0001086 seconds
2019-04-16T12:27:57.518-0500: 3031.442: Total time for which application threads were stopped: 0.0009998 seconds, Stopping threads took: 0.0001304 seconds
2019-04-16T12:28:04.534-0500: 3038.457: Total time for which application threads were stopped: 0.0002662 seconds, Stopping threads took: 0.0000601 seconds
2019-04-16T12:28:05.537-0500: 3039.461: Total time for which application threads were stopped: 0.0005198 seconds, Stopping threads took: 0.0001299 seconds
2019-04-16T12:54:16.181-0500: 4610.105: Total time for which application threads were stopped: 0.2198147 seconds, Stopping threads took: 0.2195878 seconds
2019-04-16T12:54:16.182-0500: 4610.106: Total time for which application threads were stopped: 0.0002376 seconds, Stopping threads took: 0.0000461 seconds
2019-04-16T12:54:16.183-0500: 4610.106: Total time for which application threads were stopped: 0.0002589 seconds, Stopping threads took: 0.0000427 seconds
2019-04-16T12:54:16.185-0500: 4610.109: Total time for which application threads were stopped: 0.0004519 seconds, Stopping threads took: 0.0000732 seconds
2019-04-16T12:54:16.345-0500: 4610.269: Total time for which application threads were stopped: 0.0003171 seconds, Stopping threads took: 0.0000805 seconds
2019-04-16T12:54:16.346-0500: 4610.269: Total time for which application threads were stopped: 0.0002589 seconds, Stopping threads took: 0.0000645 seconds
2019-04-16T12:54:17.186-0500: 4611.113: Total time for which application threads were stopped: 0.0004383 seconds, Stopping threads took: 0.0001004 seconds
2019-04-16T12:54:17.190-0500: 4611.113: Total time for which application threads were stopped: 0.0003341 seconds, Stopping threads took: 0.0000601 seconds
2019-04-16T12:54:17.198-0500: 4611.123: Total time for which application threads were stopped: 0.0093353 seconds, Stopping threads took: 0.0090521 seconds
2019-04-16T12:54:17.198-0500: 4611.123: Total time for which application threads were stopped: 0.0003098 seconds, Stopping threads took: 0.0000645 seconds
2019-04-16T12:54:17.202-0500: 4611.127: Total time for which application threads were stopped: 0.0005101 seconds, Stopping threads took: 0.0002720 seconds
2019-04-16T12:54:17.202-0500: 4611.127: Total time for which application threads were stopped: 0.0002507 seconds, Stopping threads took: 0.0000684 seconds
2019-04-16T12:54:17.226-0500: 4611.151: Total time for which application threads were stopped: 0.0003564 seconds, Stopping threads took: 0.0000708 seconds
2019-04-16T12:54:17.226-0500: 4611.151: Total time for which application threads were stopped: 0.0002890 seconds, Stopping threads took: 0.0000625 seconds
2019-04-16T12:54:17.230-0500: 4611.154: Total time for which application threads were stopped: 0.0010124 seconds, Stopping threads took: 0.0002279 seconds
2019-04-16T12:54:17.250-0500: 4611.174: Total time for which application threads were stopped: 0.0012092 seconds, Stopping threads took: 0.0002846 seconds
2019-04-16T12:54:17.250-0500: 4611.176: Total time for which application threads were stopped: 0.0009605 seconds, Stopping threads took: 0.0002230 seconds
2019-04-16T12:54:17.274-0500: 4611.197: Total time for which application threads were stopped: 0.0007981 seconds, Stopping threads took: 0.0001668 seconds
2019-04-16T12:54:17.286-0500: 4611.211: Total time for which application threads were stopped: 0.0011055 seconds, Stopping threads took: 0.0001905 seconds
2019-04-16T12:54:17.350-0500: 4611.274: Total time for which application threads were stopped: 0.0046225 seconds, Stopping threads took: 0.0041193 seconds
2019-04-16T12:54:17.350-0500: 4611.276: Total time for which application threads were stopped: 0.0015278 seconds, Stopping threads took: 0.0001164 seconds
2019-04-16T12:54:17.350-0500: 4611.277: Total time for which application threads were stopped: 0.0004208 seconds, Stopping threads took: 0.0000621 seconds
2019-04-16T12:54:17.422-0500: 4611.349: Total time for which application threads were stopped: 0.0005343 seconds, Stopping threads took: 0.0001188 seconds
2019-04-16T12:54:18.422-0500: 4612.346: Total time for which application threads were stopped: 0.0003418 seconds, Stopping threads took: 0.0000601 seconds
2019-04-16T12:54:18.434-0500: 4612.358: Total time for which application threads were stopped: 0.0003253 seconds, Stopping threads took: 0.0000640 seconds
2019-04-16T12:54:18.434-0500: 4612.358: Total time for which application threads were stopped: 0.0002754 seconds, Stopping threads took: 0.0000674 seconds
2019-04-16T12:54:19.422-0500: 4613.346: Total time for which application threads were stopped: 0.0001935 seconds, Stopping threads took: 0.0000402 seconds
2019-04-16T12:54:19.422-0500: 4613.346: Total time for which application threads were stopped: 0.0001280 seconds, Stopping threads took: 0.0000160 seconds
2019-04-16T12:54:20.423-0500: 4614.346: Total time for which application threads were stopped: 0.0002608 seconds, Stopping threads took: 0.0000582 seconds
2019-04-16T12:54:21.426-0500: 4615.349: Total time for which application threads were stopped: 0.0005033 seconds, Stopping threads took: 0.0001261 seconds
2019-04-16T12:54:22.426-0500: 4616.350: Total time for which application threads were stopped: 0.0005149 seconds, Stopping threads took: 0.0001469 seconds
2019-04-16T12:54:25.434-0500: 4619.358: Total time for which application threads were stopped: 0.0008945 seconds, Stopping threads took: 0.0001450 seconds
2019-04-16T12:54:26.438-0500: 4620.362: Total time for which application threads were stopped: 0.0006904 seconds, Stopping threads took: 0.0001299 seconds
2019-04-16T12:54:37.331-0500: 4631.255: Total time for which application threads were stopped: 0.0004262 seconds, Stopping threads took: 0.0000756 seconds
2019-04-16T12:54:37.332-0500: 4631.256: Total time for which application threads were stopped: 0.0006463 seconds, Stopping threads took: 0.0004407 seconds
2019-04-16T12:54:46.106-0500: 4640.031: Total time for which application threads were stopped: 0.0008301 seconds, Stopping threads took: 0.0002099 seconds
2019-04-16T12:54:46.126-0500: 4640.050: Total time for which application threads were stopped: 0.0006735 seconds, Stopping threads took: 0.0001081 seconds
2019-04-16T12:54:46.136-0500: 4640.060: Total time for which application threads were stopped: 0.0012310 seconds, Stopping threads took: 0.0003554 seconds
2019-04-16T12:54:46.139-0500: 4640.063: Total time for which application threads were stopped: 0.0013232 seconds, Stopping threads took: 0.0002099 seconds
2019-04-16T12:54:47.143-0500: 4641.066: Total time for which application threads were stopped: 0.0005207 seconds, Stopping threads took: 0.0000858 seconds
2019-04-16T12:54:48.146-0500: 4642.070: Total time for which application threads were stopped: 0.0005479 seconds, Stopping threads took: 0.0001023 seconds
2019-04-16T12:54:50.153-0500: 4644.077: Total time for which application threads were stopped: 0.0002192 seconds, Stopping threads took: 0.0000543 seconds
2019-04-16T12:54:52.159-0500: 4646.083: Total time for which application threads were stopped: 0.0003418 seconds, Stopping threads took: 0.0000839 seconds
2019-04-16T12:54:58.182-0500: 4652.106: Total time for which application threads were stopped: 0.0007011 seconds, Stopping threads took: 0.0001285 seconds
2019-04-16T12:55:04.194-0500: 4658.118: Total time for which application threads were stopped: 0.0006187 seconds, Stopping threads took: 0.0001067 seconds
2019-04-16T12:55:05.198-0500: 4659.122: Total time for which application threads were stopped: 0.0008436 seconds, Stopping threads took: 0.0001833 seconds
2019-04-16T12:55:23.705-0500: 4677.632: Total time for which application threads were stopped: 0.0004393 seconds, Stopping threads took: 0.0000834 seconds
2019-04-16T12:55:25.708-0500: 4679.632: Total time for which application threads were stopped: 0.0004485 seconds, Stopping threads took: 0.0001130 seconds
2019-04-16T12:55:29.718-0500: 4683.642: Total time for which application threads were stopped: 0.0006230 seconds, Stopping threads took: 0.0001905 seconds
2019-04-16T12:55:58.805-0500: 4712.730: Total time for which application threads were stopped: 0.0005013 seconds, Stopping threads took: 0.0001396 seconds
2019-04-16T12:56:17.337-0500: 4731.260: Total time for which application threads were stopped: 0.0008398 seconds, Stopping threads took: 0.0004238 seconds
2019-04-16T12:56:18.339-0500: 4732.263: Total time for which application threads were stopped: 0.0004194 seconds, Stopping threads took: 0.0001183 seconds
2019-04-16T12:56:24.354-0500: 4738.278: Total time for which application threads were stopped: 0.0003181 seconds, Stopping threads took: 0.0000800 seconds
2019-04-16T12:56:25.357-0500: 4739.281: Total time for which application threads were stopped: 0.0005212 seconds, Stopping threads took: 0.0001435 seconds
2019-04-16T12:57:14.470-0500: 4788.394: Total time for which application threads were stopped: 0.0004732 seconds, Stopping threads took: 0.0001241 seconds
2019-04-16T12:57:29.505-0500: 4803.429: Total time for which application threads were stopped: 0.0004019 seconds, Stopping threads took: 0.0001130 seconds
2019-04-16T12:58:25.633-0500: 4859.556: Total time for which application threads were stopped: 0.0004116 seconds, Stopping threads took: 0.0001280 seconds
2019-04-16T12:59:25.797-0500: 4919.721: Total time for which application threads were stopped: 0.0002696 seconds, Stopping threads took: 0.0000606 seconds
2019-04-16T13:01:17.355-0500: 5031.279: Total time for which application threads were stopped: 0.0006987 seconds, Stopping threads took: 0.0002652 seconds
2019-04-16T13:01:17.355-0500: 5031.280: Total time for which application threads were stopped: 0.0004102 seconds, Stopping threads took: 0.0001527 seconds
2019-04-16T13:01:26.376-0500: 5040.299: Total time for which application threads were stopped: 0.0005091 seconds, Stopping threads took: 0.0001241 seconds
2019-04-16T13:01:27.380-0500: 5041.305: Total time for which application threads were stopped: 0.0003641 seconds, Stopping threads took: 0.0000887 seconds
2019-04-16T13:01:54.454-0500: 5068.378: Total time for which application threads were stopped: 0.0004364 seconds, Stopping threads took: 0.0001042 seconds
2019-04-16T13:02:27.542-0500: 5101.465: Total time for which application threads were stopped: 0.0004790 seconds, Stopping threads took: 0.0001033 seconds
2019-04-16T13:02:57.610-0500: 5131.534: Total time for which application threads were stopped: 0.0006822 seconds, Stopping threads took: 0.0001968 seconds
2019-04-16T13:03:24.664-0500: 5158.587: Total time for which application threads were stopped: 0.0004795 seconds, Stopping threads took: 0.0000936 seconds
2019-04-16T13:03:27.673-0500: 5161.597: Total time for which application threads were stopped: 0.0003118 seconds, Stopping threads took: 0.0000688 seconds
2019-04-16T13:04:27.823-0500: 5221.746: Total time for which application threads were stopped: 0.0004582 seconds, Stopping threads took: 0.0001091 seconds
2019-04-16T13:04:28.827-0500: 5222.751: Total time for which application threads were stopped: 0.0004839 seconds, Stopping threads took: 0.0001290 seconds
2019-04-16T13:05:27.367-0500: 5281.291: Total time for which application threads were stopped: 0.0005765 seconds, Stopping threads took: 0.0001159 seconds
2019-04-16T13:05:27.367-0500: 5281.292: Total time for which application threads were stopped: 0.0003617 seconds, Stopping threads took: 0.0000868 seconds
2019-04-16T13:05:28.370-0500: 5282.294: Total time for which application threads were stopped: 0.0003127 seconds, Stopping threads took: 0.0000708 seconds
2019-04-16T13:05:29.374-0500: 5283.297: Total time for which application threads were stopped: 0.0003539 seconds, Stopping threads took: 0.0000819 seconds
2019-04-16T13:06:29.545-0500: 5343.469: Total time for which application threads were stopped: 0.0004189 seconds, Stopping threads took: 0.0000975 seconds
2019-04-16T13:07:09.646-0500: 5383.570: Total time for which application threads were stopped: 0.0006628 seconds, Stopping threads took: 0.0001396 seconds
2019-04-16T13:08:29.836-0500: 5463.760: Total time for which application threads were stopped: 0.0003864 seconds, Stopping threads took: 0.0000727 seconds
2019-04-16T13:09:41.725-0500: 5535.652: Total time for which application threads were stopped: 0.0008194 seconds, Stopping threads took: 0.0002802 seconds
2019-04-16T13:09:41.729-0500: 5535.653: Total time for which application threads were stopped: 0.0007830 seconds, Stopping threads took: 0.0001421 seconds
2019-04-16T13:09:41.734-0500: 5535.657: Total time for which application threads were stopped: 0.0008262 seconds, Stopping threads took: 0.0002487 seconds
2019-04-16T13:09:41.734-0500: 5535.658: Total time for which application threads were stopped: 0.0006376 seconds, Stopping threads took: 0.0002633 seconds
2019-04-16T13:09:41.742-0500: 5535.666: Total time for which application threads were stopped: 0.0014778 seconds, Stopping threads took: 0.0003404 seconds
2019-04-16T13:09:41.745-0500: 5535.669: Total time for which application threads were stopped: 0.0010686 seconds, Stopping threads took: 0.0003205 seconds
2019-04-16T13:09:41.746-0500: 5535.670: Total time for which application threads were stopped: 0.0007646 seconds, Stopping threads took: 0.0001779 seconds
2019-04-16T13:09:41.747-0500: 5535.670: Total time for which application threads were stopped: 0.0006565 seconds, Stopping threads took: 0.0001896 seconds
2019-04-16T13:09:41.749-0500: 5535.673: Total time for which application threads were stopped: 0.0007224 seconds, Stopping threads took: 0.0001576 seconds
2019-04-16T13:09:41.752-0500: 5535.676: Total time for which application threads were stopped: 0.0015113 seconds, Stopping threads took: 0.0001876 seconds
2019-04-16T13:09:41.755-0500: 5535.678: Total time for which application threads were stopped: 0.0007864 seconds, Stopping threads took: 0.0001736 seconds
2019-04-16T13:09:41.757-0500: 5535.680: Total time for which application threads were stopped: 0.0005891 seconds, Stopping threads took: 0.0001784 seconds
2019-04-16T13:09:41.761-0500: 5535.685: Total time for which application threads were stopped: 0.0010347 seconds, Stopping threads took: 0.0003045 seconds
2019-04-16T13:09:41.761-0500: 5535.688: Total time for which application threads were stopped: 0.0012538 seconds, Stopping threads took: 0.0003278 seconds
2019-04-16T13:09:41.767-0500: 5535.691: Total time for which application threads were stopped: 0.0010885 seconds, Stopping threads took: 0.0002589 seconds
2019-04-16T13:09:41.768-0500: 5535.692: Total time for which application threads were stopped: 0.0006720 seconds, Stopping threads took: 0.0002429 seconds
2019-04-16T13:09:41.770-0500: 5535.694: Total time for which application threads were stopped: 0.0015292 seconds, Stopping threads took: 0.0007670 seconds
2019-04-16T13:09:41.771-0500: 5535.695: Total time for which application threads were stopped: 0.0006512 seconds, Stopping threads took: 0.0002657 seconds
2019-04-16T13:09:41.774-0500: 5535.697: Total time for which application threads were stopped: 0.0015913 seconds, Stopping threads took: 0.0010759 seconds
2019-04-16T13:09:41.774-0500: 5535.698: Total time for which application threads were stopped: 0.0005852 seconds, Stopping threads took: 0.0001920 seconds
2019-04-16T13:09:41.794-0500: 5535.717: Total time for which application threads were stopped: 0.0009401 seconds, Stopping threads took: 0.0000970 seconds
2019-04-16T13:09:41.794-0500: 5535.718: Total time for which application threads were stopped: 0.0006128 seconds, Stopping threads took: 0.0001270 seconds
2019-04-16T13:09:41.802-0500: 5535.725: Total time for which application threads were stopped: 0.0007418 seconds, Stopping threads took: 0.0002288 seconds
2019-04-16T13:09:41.803-0500: 5535.728: Total time for which application threads were stopped: 0.0007093 seconds, Stopping threads took: 0.0002928 seconds
2019-04-16T13:09:41.823-0500: 5535.746: Total time for which application threads were stopped: 0.0007433 seconds, Stopping threads took: 0.0001338 seconds
2019-04-16T13:09:42.823-0500: 5536.747: Total time for which application threads were stopped: 0.0004335 seconds, Stopping threads took: 0.0000994 seconds
2019-04-16T13:10:15.898-0500: 5569.822: Total time for which application threads were stopped: 0.0004621 seconds, Stopping threads took: 0.0001251 seconds
2019-04-16T13:10:33.995-0500: 5587.919: Total time for which application threads were stopped: 0.0008286 seconds, Stopping threads took: 0.0001173 seconds
2019-04-16T13:10:33.996-0500: 5587.920: Total time for which application threads were stopped: 0.0004398 seconds, Stopping threads took: 0.0000931 seconds
2019-04-16T13:10:38.008-0500: 5591.931: Total time for which application threads were stopped: 0.0004698 seconds, Stopping threads took: 0.0001023 seconds
2019-04-16T13:11:38.148-0500: 5652.072: Total time for which application threads were stopped: 0.0006211 seconds, Stopping threads took: 0.0001867 seconds
2019-04-16T13:11:41.804-0500: 5655.728: Total time for which application threads were stopped: 0.0004912 seconds, Stopping threads took: 0.0001067 seconds
2019-04-16T13:11:41.833-0500: 5655.757: Total time for which application threads were stopped: 0.0006928 seconds, Stopping threads took: 0.0001057 seconds
2019-04-16T13:12:39.021-0500: 5712.944: Total time for which application threads were stopped: 0.0004092 seconds, Stopping threads took: 0.0001348 seconds
{Heap before GC invocations=21 (full 2):
 par new generation   total 109248K, used 109248K [0x00000000e0000000, 0x00000000e8000000, 0x00000000e8000000)
  eden space 87424K, 100% used [0x00000000e0000000, 0x00000000e5560000, 0x00000000e5560000)
  from space 21824K, 100% used [0x00000000e6ab0000, 0x00000000e8000000, 0x00000000e8000000)
  to   space 21824K,   0% used [0x00000000e5560000, 0x00000000e5560000, 0x00000000e6ab0000)
 concurrent mark-sweep generation total 393216K, used 26608K [0x00000000e8000000, 0x0000000100000000, 0x0000000100000000)
 Metaspace       used 50125K, capacity 52194K, committed 52376K, reserved 1095680K
  class space    used 6090K, capacity 6539K, committed 6552K, reserved 1048576K
2019-04-16T13:14:33.578-0500: 5827.503: [GC (Allocation Failure) 2019-04-16T13:14:33.578-0500: 5827.504: [ParNew
Desired survivor size 20112992 bytes, new threshold 8 (max 8)
- age   1:     926136 bytes,     926136 total
- age   2:     562960 bytes,    1489096 total
- age   3:    2648272 bytes,    4137368 total
- age   4:    4260328 bytes,    8397696 total
- age   5:   11270056 bytes,   19667752 total
: 109248K->21824K(109248K), 0.0576795 secs] 135856K->48683K(502464K), 0.0581236 secs] [Times: user=0.17 sys=0.02, real=0.06 secs] 
